24.213.109.229 - - [29/Aug/2010:15:16:32 -0500] "GET /~cbzickos/graphics/multiclr.gif HTTP/1.1" 200 7394 "http://www.cs.olemiss.edu/~cbzickos/cs111/fr_assignments.html" "Mozilla/4.0 (compatible; MSIE 7.0; Windows NT 6.0; SLCC1; .NET CLR 2.0.50727; Media Center PC 5.0; .NET CLR 3.5.30729; .NET CLR 3.0.30618)"
24.213.109.229 - - [29/Aug/2010:15:16:32 -0500] "GET /favicon.ico HTTP/1.1" 200 318 "-" "Mozilla/4.0 (compatible; MSIE 7.0; Windows NT 6.0; SLCC1; .NET CLR 2.0.50727; Media Center PC 5.0; .NET CLR 3.5.30729; .NET CLR 3.0.30618)"
24.213.109.229 - - [29/Aug/2010:15:16:35 -0500] "GET /~cbzickos/cs111/assignments.html HTTP/1.1" 200 3189 "http://www.cs.olemiss.edu/~cbzickos/cs111/fr_assignments.html" "Mozilla/4.0 (compatible; MSIE 7.0; Windows NT 6.0; SLCC1; .NET CLR 2.0.50727; Media Center PC 5.0; .NET CLR 3.5.30729; .NET CLR 3.0.30618)"
66.249.71.115 - - [29/Aug/2010:15:17:51 -0500] "GET /trac/csci487sp10/log/ctgunn?rev=139 HTTP/1.1" 403 4408 "-" "Mozilla/5.0 (compatible; Googlebot/2.1; +http://www.google.com/bot.html)"
216.119.179.171 - - [29/Aug/2010:15:18:01 -0500] "GET /~ruth/wiki/doku.php HTTP/1.1" 200 9564 "-" "Mozilla/5.0 (Macintosh; U; Intel Mac OS X 10_6_3; en-us) AppleWebKit/531.21.11 (KHTML, like Gecko) Version/4.0.4 Safari/531.21.10"
216.119.179.171 - - [29/Aug/2010:15:18:02 -0500] "GET /~ruth/wiki/lib/exe/js.php?edit=0&write=0 HTTP/1.1" 200 22453 "http://www.cs.olemiss.edu/~ruth/wiki/doku.php" "Mozilla/5.0 (Macintosh; U; Intel Mac OS X 10_6_3; en-us) AppleWebKit/531.21.11 (KHTML, like Gecko) Version/4.0.4 Safari/531.21.10"
216.119.179.171 - - [29/Aug/2010:15:18:02 -0500] "GET /~ruth/wiki/lib/exe/css.php?s=all&t=usable HTTP/1.1" 200 3488 "http://www.cs.olemiss.edu/~ruth/wiki/doku.php" "Mozilla/5.0 (Macintosh; U; Intel Mac OS X 10_6_3; en-us) AppleWebKit/531.21.11 (KHTML, like Gecko) Version/4.0.4 Safari/531.21.10"
216.119.179.171 - - [29/Aug/2010:15:18:02 -0500] "GET /~ruth/wiki/lib/exe/css.php?s=print&t=usable HTTP/1.1" 200 6345 "http://www.cs.olemiss.edu/~ruth/wiki/doku.php" "Mozilla/5.0 (Macintosh; U; Intel Mac OS X 10_6_3; en-us) AppleWebKit/531.21.11 (KHTML, like Gecko) Version/4.0.4 Safari/531.21.10"
216.119.179.171 - - [29/Aug/2010:15:18:02 -0500] "GET /~ruth/wiki/lib/exe/css.php?t=usable HTTP/1.1" 200 19198 "http://www.cs.olemiss.edu/~ruth/wiki/doku.php" "Mozilla/5.0 (Macintosh; U; Intel Mac OS X 10_6_3; en-us) AppleWebKit/531.21.11 (KHTML, like Gecko) Version/4.0.4 Safari/531.21.10"
216.119.179.171 - - [29/Aug/2010:15:18:03 -0500] "GET /~ruth/wiki/lib/exe/indexer.php?id=home&1283112812 HTTP/1.1" 200 42 "http://www.cs.olemiss.edu/~ruth/wiki/doku.php" "Mozilla/5.0 (Macintosh; U; Intel Mac OS X 10_6_3; en-us) AppleWebKit/531.21.11 (KHTML, like Gecko) Version/4.0.4 Safari/531.21.10"
130.74.205.91 - - [29/Aug/2010:15:18:24 -0500] "GET /~jxue/home.php HTTP/1.1" 200 852 "-" "Mozilla/5.0 (Windows; U; Windows NT 5.1; en-US; rv:1.9.2.8) Gecko/20100722 Firefox/3.6.8 GTB7.1"
130.74.205.91 - - [29/Aug/2010:15:18:24 -0500] "GET /~jxue/styles/style.css HTTP/1.1" 200 3668 "http://www.cs.olemiss.edu/~jxue/home.php" "Mozilla/5.0 (Windows; U; Windows NT 5.1; en-US; rv:1.9.2.8) Gecko/20100722 Firefox/3.6.8 GTB7.1"
130.74.205.91 - - [29/Aug/2010:15:18:24 -0500] "GET /~jxue/images/oldfaithful.jpg HTTP/1.1" 200 38418 "http://www.cs.olemiss.edu/~jxue/home.php" "Mozilla/5.0 (Windows; U; Windows NT 5.1; en-US; rv:1.9.2.8) Gecko/20100722 Firefox/3.6.8 GTB7.1"
130.74.205.91 - - [29/Aug/2010:15:18:24 -0500] "GET /favicon.ico HTTP/1.1" 200 318 "-" "Mozilla/5.0 (Windows; U; Windows NT 5.1; en-US; rv:1.9.2.8) Gecko/20100722 Firefox/3.6.8 GTB7.1"
130.74.205.91 - - [29/Aug/2010:15:18:30 -0500] "GET /~jxue/home.php HTTP/1.1" 200 852 "http://www.cs.olemiss.edu/~jxue/home.php" "Mozilla/5.0 (Windows; U; Windows NT 5.1; en-US; rv:1.9.2.8) Gecko/20100722 Firefox/3.6.8 GTB7.1"
66.249.71.56 - - [29/Aug/2010:15:19:06 -0500] "GET /~sbs/tafall2002/index.html HTTP/1.1" 304 - "-" "Mozilla/5.0 (compatible; Googlebot/2.1; +http://www.google.com/bot.html)"
74.125.75.20 - - [29/Aug/2010:15:19:23 -0500] "GET /favicon.ico HTTP/1.1" 200 318 "-" "-"
130.74.206.66 - - [29/Aug/2010:15:19:30 -0500] "GET /~hcc HTTP/1.1" 302 215 "http://cs.olemiss.edu/people/faculty/" "Mozilla/5.0 (Windows; U; Windows NT 6.1; en-US) AppleWebKit/533.4 (KHTML, like Gecko) Chrome/5.0.375.127 Safari/533.4"
130.74.206.66 - - [29/Aug/2010:15:19:30 -0500] "GET /~hcc/ HTTP/1.1" 200 1756 "http://cs.olemiss.edu/people/faculty/" "Mozilla/5.0 (Windows; U; Windows NT 6.1; en-US) AppleWebKit/533.4 (KHTML, like Gecko) Chrome/5.0.375.127 Safari/533.4"
130.74.206.66 - - [29/Aug/2010:15:19:30 -0500] "GET /images/faculty/cunningham.jpg HTTP/1.1" 200 30230 "http://www.cs.olemiss.edu/~hcc/" "Mozilla/5.0 (Windows; U; Windows NT 6.1; en-US) AppleWebKit/533.4 (KHTML, like Gecko) Chrome/5.0.375.127 Safari/533.4"
130.74.206.66 - - [29/Aug/2010:15:19:33 -0500] "GET /~hcc/current.html HTTP/1.1" 200 3964 "http://www.cs.olemiss.edu/~hcc/" "Mozilla/5.0 (Windows; U; Windows NT 6.1; en-US) AppleWebKit/533.4 (KHTML, like Gecko) Chrome/5.0.375.127 Safari/533.4"
130.74.206.66 - - [29/Aug/2010:15:19:55 -0500] "GET /~hcc/csci555/csci555.html HTTP/1.1" 200 2093 "http://www.cs.olemiss.edu/~hcc/current.html" "Mozilla/5.0 (Windows; U; Windows NT 6.1; en-US) AppleWebKit/533.4 (KHTML, like Gecko) Chrome/5.0.375.127 Safari/533.4"
66.249.71.115 - - [29/Aug/2010:15:19:57 -0500] "GET /trac/csci487sp10/log/ctgunn?rev=138 HTTP/1.1" 403 4408 "-" "Mozilla/5.0 (compatible; Googlebot/2.1; +http://www.google.com/bot.html)"
130.74.206.66 - - [29/Aug/2010:15:19:59 -0500] "GET /~hcc/csci555/homework/555assign.html HTTP/1.1" 200 1377 "http://www.cs.olemiss.edu/~hcc/csci555/csci555.html" "Mozilla/5.0 (Windows; U; Windows NT 6.1; en-US) AppleWebKit/533.4 (KHTML, like Gecko) Chrome/5.0.375.127 Safari/533.4"
130.74.206.66 - - [29/Aug/2010:15:20:06 -0500] "GET /~hcc/csci555/notes/555lectureNotes.html HTTP/1.1" 200 1546 "http://www.cs.olemiss.edu/~hcc/csci555/csci555.html" "Mozilla/5.0 (Windows; U; Windows NT 6.1; en-US) AppleWebKit/533.4 (KHTML, like Gecko) Chrome/5.0.375.127 Safari/533.4"
130.74.206.66 - - [29/Aug/2010:15:20:15 -0500] "GET /~hcc/csci555/notes/recog_expr.hs HTTP/1.1" 200 4742 "http://www.cs.olemiss.edu/~hcc/csci555/notes/555lectureNotes.html" "Mozilla/5.0 (Windows; U; Windows NT 6.1; en-US) AppleWebKit/533.4 (KHTML, like Gecko) Chrome/5.0.375.127 Safari/533.4"
186.45.246.23 - - [29/Aug/2010:15:22:04 -0500] "GET /resources/recommendations.html HTTP/1.1" 200 17035 "http://www.google.tt/search?hl=en&source=hp&q=laptop+for+computer+science+major&cts=1283112980936&aq=0&aqi=g4&aql=&oq=laptop+for+comput&gs_rfai=" "Mozilla/5.0 (Windows; U; Windows NT 6.0; en-US) AppleWebKit/533.4 (KHTML, like Gecko) Chrome/5.0.375.127 Safari/533.4"
186.45.246.23 - - [29/Aug/2010:15:22:04 -0500] "GET /main.css HTTP/1.1" 200 1362 "http://www.cs.olemiss.edu/resources/recommendations.html" "Mozilla/5.0 (Windows; U; Windows NT 6.0; en-US) AppleWebKit/533.4 (KHTML, like Gecko) Chrome/5.0.375.127 Safari/533.4"
186.45.246.23 - - [29/Aug/2010:15:22:04 -0500] "GET /images//header.png HTTP/1.1" 200 44168 "http://www.cs.olemiss.edu/resources/recommendations.html" "Mozilla/5.0 (Windows; U; Windows NT 6.0; en-US) AppleWebKit/533.4 (KHTML, like Gecko) Chrome/5.0.375.127 Safari/533.4"
186.45.246.23 - - [29/Aug/2010:15:22:05 -0500] "GET /favicon.ico HTTP/1.1" 200 318 "-" "Mozilla/5.0 (Windows; U; Windows NT 6.0; en-US) AppleWebKit/533.4 (KHTML, like Gecko) Chrome/5.0.375.127 Safari/533.4"
66.175.172.237 - - [29/Aug/2010:15:22:27 -0500] "GET /~cbzickos/cs111/ HTTP/1.1" 200 501 "-" "Mozilla/5.0 (Windows NT 6.1; rv:2.0b4) Gecko/20100818 Firefox/4.0b4"
66.175.172.237 - - [29/Aug/2010:15:22:27 -0500] "GET /~cbzickos/cs111/syllabus.html HTTP/1.1" 200 9393 "http://www.cs.olemiss.edu/~cbzickos/cs111/" "Mozilla/5.0 (Windows NT 6.1; rv:2.0b4) Gecko/20100818 Firefox/4.0b4"
66.175.172.237 - - [29/Aug/2010:15:22:28 -0500] "GET /~cbzickos/cs111/fr_assignments.html HTTP/1.1" 200 4217 "http://www.cs.olemiss.edu/~cbzickos/cs111/" "Mozilla/5.0 (Windows NT 6.1; rv:2.0b4) Gecko/20100818 Firefox/4.0b4"
66.175.172.237 - - [29/Aug/2010:15:22:28 -0500] "GET /~cbzickos/graphics/multiclr.gif HTTP/1.1" 200 7394 "http://www.cs.olemiss.edu/~cbzickos/cs111/fr_assignments.html" "Mozilla/5.0 (Windows NT 6.1; rv:2.0b4) Gecko/20100818 Firefox/4.0b4"
66.175.172.237 - - [29/Aug/2010:15:22:29 -0500] "GET /favicon.ico HTTP/1.1" 200 318 "-" "Mozilla/5.0 (Windows NT 6.1; rv:2.0b4) Gecko/20100818 Firefox/4.0b4"
66.175.172.237 - - [29/Aug/2010:15:22:32 -0500] "GET /~cbzickos/cs111/assignments.html HTTP/1.1" 200 3189 "http://www.cs.olemiss.edu/~cbzickos/cs111/fr_assignments.html" "Mozilla/5.0 (Windows NT 6.1; rv:2.0b4) Gecko/20100818 Firefox/4.0b4"
66.249.71.115 - - [29/Aug/2010:15:23:27 -0500] "GET /trac/csci487sp10/browser/bjladner/Code/tree/schema.sql?rev=105&order=name&desc=True HTTP/1.1" 200 10994 "-" "Mozilla/5.0 (compatible; Googlebot/2.1; +http://www.google.com/bot.html)"
66.249.71.115 - - [29/Aug/2010:15:23:29 -0500] "GET /trac/csci487sp10/log/bjladner?rev=2 HTTP/1.1" 403 4408 "-" "Mozilla/5.0 (compatible; Googlebot/2.1; +http://www.google.com/bot.html)"
66.249.71.115 - - [29/Aug/2010:15:23:29 -0500] "GET /trac/csci487sp10/log/ctgunn?rev=326 HTTP/1.1" 403 4408 "-" "Mozilla/5.0 (compatible; Googlebot/2.1; +http://www.google.com/bot.html)"
66.249.71.115 - - [29/Aug/2010:15:23:30 -0500] "GET /trac/csci487sp10/browser/bjladner/Code/tree/user?rev=346&order=date&desc=True HTTP/1.1" 200 12148 "-" "Mozilla/5.0 (compatible; Googlebot/2.1; +http://www.google.com/bot.html)"
66.249.71.115 - - [29/Aug/2010:15:23:30 -0500] "GET /trac/csci487sp10/browser/bjladner/Code/tree/user?rev=315&order=name&desc=True HTTP/1.1" 200 12088 "-" "Mozilla/5.0 (compatible; Googlebot/2.1; +http://www.google.com/bot.html)"
66.249.71.115 - - [29/Aug/2010:15:23:31 -0500] "GET /trac/csci487sp10/log/ctgunn?rev=113 HTTP/1.1" 403 4408 "-" "Mozilla/5.0 (compatible; Googlebot/2.1; +http://www.google.com/bot.html)"
66.249.71.115 - - [29/Aug/2010:15:23:32 -0500] "GET /trac/csci487sp10/browser/bjladner/Code/tree?rev=294&order=name HTTP/1.1" 200 11617 "-" "Mozilla/5.0 (compatible; Googlebot/2.1; +http://www.google.com/bot.html)"
66.249.71.115 - - [29/Aug/2010:15:23:32 -0500] "GET /trac/csci487sp10/browser/bjladner/Code/tree?rev=136&order=date&desc=1 HTTP/1.1" 200 11810 "-" "Mozilla/5.0 (compatible; Googlebot/2.1; +http://www.google.com/bot.html)"
66.249.71.115 - - [29/Aug/2010:15:23:33 -0500] "GET /trac/csci487sp10/browser/bjladner/Code/tree/user/views?rev=316&order=name HTTP/1.1" 200 9449 "-" "Mozilla/5.0 (compatible; Googlebot/2.1; +http://www.google.com/bot.html)"
66.249.71.115 - - [29/Aug/2010:15:23:34 -0500] "GET /trac/csci487sp10/log/ctgunn?rev=308 HTTP/1.1" 403 4408 "-" "Mozilla/5.0 (compatible; Googlebot/2.1; +http://www.google.com/bot.html)"
66.249.71.115 - - [29/Aug/2010:15:23:35 -0500] "GET /~cbzickos/download_files/490/student/readme.txt HTTP/1.1" 200 2087 "-" "Mozilla/5.0 (compatible; Googlebot/2.1; +http://www.google.com/bot.html)"
123.125.66.121 - - [29/Aug/2010:15:25:40 -0500] "GET / HTTP/1.1" 200 5526 "-" "Baiduspider+(+http://www.baidu.com/search/spider.htm)"
66.249.71.194 - - [29/Aug/2010:15:25:57 -0500] "GET /robots.txt HTTP/1.1" 200 194 "-" "SAMSUNG-SGH-E250/1.0 Profile/MIDP-2.0 Configuration/CLDC-1.1 UP.Browser/6.2.3.3.c.1.101 (GUI) MMP/2.0 (compatible; Googlebot-Mobile/2.1; +http://www.google.com/bot.html)"
66.249.71.194 - - [29/Aug/2010:15:25:57 -0500] "GET /pipermail/masters/2005-January/000061.html HTTP/1.1" 304 - "-" "SAMSUNG-SGH-E250/1.0 Profile/MIDP-2.0 Configuration/CLDC-1.1 UP.Browser/6.2.3.3.c.1.101 (GUI) MMP/2.0 (compatible; Googlebot-Mobile/2.1; +http://www.google.com/bot.html)"
220.181.7.117 - - [29/Aug/2010:15:27:15 -0500] "GET / HTTP/1.1" 200 5526 "-" "Baiduspider+(+http://www.baidu.com/search/spider.htm)"
66.249.71.115 - - [29/Aug/2010:15:29:42 -0500] "GET /trac/csci487sp10/log/ctgunn?rev=323 HTTP/1.1" 403 4408 "-" "Mozilla/5.0 (compatible; Googlebot/2.1; +http://www.google.com/bot.html)"
207.46.194.110 - - [29/Aug/2010:15:33:01 -0500] "GET /robots.txt HTTP/1.1" 200 194 "-" "msnbot-media/1.1 (+http://search.msn.com/msnbot.htm)"
207.46.194.110 - - [29/Aug/2010:15:33:01 -0500] "GET /~sbs/Weir205/webcam84.jpg HTTP/1.1" 200 22391 "-" "msnbot-media/1.1 (+http://search.msn.com/msnbot.htm)"
66.249.71.115 - - [29/Aug/2010:15:35:43 -0500] "GET /trac/csci487sp10/log/bjladner?rev=6 HTTP/1.1" 403 4408 "-" "Mozilla/5.0 (compatible; Googlebot/2.1; +http://www.google.com/bot.html)"
130.74.125.163 - - [29/Aug/2010:15:35:46 -0500] "GET /~dwilkins HTTP/1.1" 302 220 "-" "Mozilla/4.0 (compatible; MSIE 8.0; Windows NT 5.1; Trident/4.0; GTB6.5; .NET CLR 1.1.4322)"
130.74.125.163 - - [29/Aug/2010:15:35:46 -0500] "GET /~dwilkins/ HTTP/1.1" 200 7644 "-" "Mozilla/4.0 (compatible; MSIE 8.0; Windows NT 5.1; Trident/4.0; GTB6.5; .NET CLR 1.1.4322)"
130.74.125.163 - - [29/Aug/2010:15:35:47 -0500] "GET /favicon.ico HTTP/1.1" 200 318 "-" "Mozilla/4.0 (compatible; MSIE 8.0; Windows NT 5.1; Trident/4.0; GTB6.5; .NET CLR 1.1.4322)"
130.74.125.163 - - [29/Aug/2010:15:35:50 -0500] "GET /~dwilkins/script/ HTTP/1.1" 200 1397 "http://www.cs.olemiss.edu/~dwilkins/" "Mozilla/4.0 (compatible; MSIE 8.0; Windows NT 5.1; Trident/4.0; GTB6.5; .NET CLR 1.1.4322)"
67.195.37.182 - - [29/Aug/2010:15:35:50 -0500] "GET /~hcc/students.html HTTP/1.0" 200 7467 "-" "Mozilla/5.0 (compatible; Yahoo! Slurp/3.0; http://help.yahoo.com/help/us/ysearch/slurp)"
130.74.125.163 - - [29/Aug/2010:15:35:52 -0500] "GET /~dwilkins/script/fall10/readings.html HTTP/1.1" 200 794 "http://www.cs.olemiss.edu/~dwilkins/script/" "Mozilla/4.0 (compatible; MSIE 8.0; Windows NT 5.1; Trident/4.0; GTB6.5; .NET CLR 1.1.4322)"
207.46.204.195 - - [29/Aug/2010:15:36:16 -0500] "GET /academics/schedules/2007spring.html HTTP/1.1" 304 - "-" "msnbot/2.0b (+http://search.msn.com/msnbot.htm)"
66.249.71.115 - - [29/Aug/2010:15:38:40 -0500] "GET /~cbzickos/download_files/450/ HTTP/1.1" 200 2582 "-" "Mozilla/5.0 (compatible; Googlebot/2.1; +http://www.google.com/bot.html)"
207.46.194.43 - - [29/Aug/2010:15:38:41 -0500] "GET /robots.txt HTTP/1.1" 200 194 "-" "msnbot-media/1.1 (+http://search.msn.com/msnbot.htm)"
207.46.194.43 - - [29/Aug/2010:15:38:41 -0500] "GET /~sbs/Weir205/webcam86_thumb.jpg HTTP/1.1" 200 3031 "-" "msnbot-media/1.1 (+http://search.msn.com/msnbot.htm)"
66.249.71.56 - - [29/Aug/2010:15:39:25 -0500] "GET /~sbs/211fall98/BinDec.html HTTP/1.1" 200 70 "-" "Mozilla/5.0 (compatible; Googlebot/2.1; +http://www.google.com/bot.html)"
71.180.177.108 - - [29/Aug/2010:15:39:49 -0500] "GET /~cbzickos/download_files/450/ch1.ppt HTTP/1.1" 200 488448 "http://www.google.com/search?q=efficiency+vs+cost+of+hardware+programming&rls=com.microsoft:*&ie=UTF-8&oe=UTF-8&startIndex=&startPage=1" "Mozilla/4.0 (compatible; MSIE 7.0; Windows NT 6.0; WOW64; SLCC1; .NET CLR 2.0.50727; Media Center PC 5.0; .NET CLR 3.5.30729; .NET CLR 3.0.30618; OfficeLiveConnector.1.5; OfficeLivePatch.1.3; .NET4.0C)"
71.180.177.108 - - [29/Aug/2010:15:39:54 -0500] "OPTIONS / HTTP/1.1" 200 - "-" "Microsoft-WebDAV-MiniRedir/6.0.6001"
71.180.177.108 - - [29/Aug/2010:15:39:54 -0500] "PROPFIND / HTTP/1.1" 405 236 "-" "Microsoft-WebDAV-MiniRedir/6.0.6001"
71.180.177.108 - - [29/Aug/2010:15:39:55 -0500] "PROPFIND /~cbzickos HTTP/1.1" 302 220 "-" "Microsoft-WebDAV-MiniRedir/6.0.6001"
71.180.177.108 - - [29/Aug/2010:15:39:55 -0500] "PROPFIND /~cbzickos/ HTTP/1.1" 405 246 "-" "Microsoft-WebDAV-MiniRedir/6.0.6001"
71.180.177.108 - - [29/Aug/2010:15:39:55 -0500] "HEAD /~cbzickos/download_files/450/ch1.ppt HTTP/1.1" 200 - "-" "Microsoft Office Existence Discovery"
207.6.79.188 - - [29/Aug/2010:15:40:33 -0500] "GET /about/whatiscs.pdf HTTP/1.1" 200 1608772 "http://www.google.ca/search?hl=en&q=what+is+computer+science+all+about&aq=0c&aqi=g-c2g1g-c1g1g-c3g1g-c1&aql=&oq=what+is++computer+science+&gs_rfai=" "Mozilla/4.0 (compatible; MSIE 7.0; Windows NT 6.0; SLCC1; .NET CLR 2.0.50727; Media Center PC 5.0; .NET CLR 3.0.30618; .NET CLR 3.5.30729)"
207.6.79.188 - - [29/Aug/2010:15:40:40 -0500] "GET /about/whatiscs.pdf HTTP/1.1" 206 251438 "-" "Mozilla/4.0 (compatible; MSIE 7.0; Windows NT 6.0; SLCC1; .NET CLR 2.0.50727; Media Center PC 5.0; .NET CLR 3.0.30618; .NET CLR 3.5.30729)"
66.249.71.115 - - [29/Aug/2010:15:41:48 -0500] "GET /trac/csci487sp10/browser/bjladner/Code/tree/system/classes/command/DefaultCommand.php?rev=61&order=name&desc=True HTTP/1.1" 200 10903 "-" "Mozilla/5.0 (compatible; Googlebot/2.1; +http://www.google.com/bot.html)"
130.74.221.168 - - [29/Aug/2010:15:42:43 -0500] "GET /~cbzickos/cs111/prgStanConv.html HTTP/1.1" 200 4408 "http://www.cs.olemiss.edu/~cbzickos/cs111/fr_assignments.html" "Mozilla/5.0 (Macintosh; U; Intel Mac OS X 10_6_4; en-us) AppleWebKit/533.17.8 (KHTML, like Gecko) Version/5.0.1 Safari/533.17.8"
130.74.221.168 - - [29/Aug/2010:15:42:47 -0500] "GET /~cbzickos/download_files/111/DataFilesforStudents HTTP/1.1" 301 285 "http://www.cs.olemiss.edu/~cbzickos/cs111/fr_assignments.html" "Mozilla/5.0 (Macintosh; U; Intel Mac OS X 10_6_4; en-us) AppleWebKit/533.17.8 (KHTML, like Gecko) Version/5.0.1 Safari/533.17.8"
130.74.221.168 - - [29/Aug/2010:15:42:47 -0500] "GET /~cbzickos/download_files/111/DataFilesforStudents/ HTTP/1.1" 200 879 "http://www.cs.olemiss.edu/~cbzickos/cs111/fr_assignments.html" "Mozilla/5.0 (Macintosh; U; Intel Mac OS X 10_6_4; en-us) AppleWebKit/533.17.8 (KHTML, like Gecko) Version/5.0.1 Safari/533.17.8"
130.74.221.168 - - [29/Aug/2010:15:42:48 -0500] "GET /icons/binary.gif HTTP/1.1" 200 246 "http://www.cs.olemiss.edu/~cbzickos/download_files/111/DataFilesforStudents/" "Mozilla/5.0 (Macintosh; U; Intel Mac OS X 10_6_4; en-us) AppleWebKit/533.17.8 (KHTML, like Gecko) Version/5.0.1 Safari/533.17.8"
130.74.221.168 - - [29/Aug/2010:15:42:48 -0500] "GET /icons/folder.gif HTTP/1.1" 200 225 "http://www.cs.olemiss.edu/~cbzickos/download_files/111/DataFilesforStudents/" "Mozilla/5.0 (Macintosh; U; Intel Mac OS X 10_6_4; en-us) AppleWebKit/533.17.8 (KHTML, like Gecko) Version/5.0.1 Safari/533.17.8"
130.74.221.168 - - [29/Aug/2010:15:42:48 -0500] "GET /icons/blank.gif HTTP/1.1" 200 148 "http://www.cs.olemiss.edu/~cbzickos/download_files/111/DataFilesforStudents/" "Mozilla/5.0 (Macintosh; U; Intel Mac OS X 10_6_4; en-us) AppleWebKit/533.17.8 (KHTML, like Gecko) Version/5.0.1 Safari/533.17.8"
130.74.221.168 - - [29/Aug/2010:15:42:48 -0500] "GET /icons/back.gif HTTP/1.1" 200 216 "http://www.cs.olemiss.edu/~cbzickos/download_files/111/DataFilesforStudents/" "Mozilla/5.0 (Macintosh; U; Intel Mac OS X 10_6_4; en-us) AppleWebKit/533.17.8 (KHTML, like Gecko) Version/5.0.1 Safari/533.17.8"
216.119.179.171 - - [29/Aug/2010:15:43:50 -0500] "GET /~ruth/wiki/feed.php?mode=list&ns= HTTP/1.1" 304 - "-" "Apple-PubSub/65.11"
67.195.37.182 - - [29/Aug/2010:15:44:01 -0500] "GET /~hcc/csci311/98fall/homework/311hw04.html HTTP/1.0" 200 1129 "-" "Mozilla/5.0 (compatible; Yahoo! Slurp/3.0; http://help.yahoo.com/help/us/ysearch/slurp)"
207.46.204.180 - - [29/Aug/2010:15:44:14 -0500] "GET /~sbs/download/cs211_Java3/ch24/ HTTP/1.1" 200 2734 "-" "msnbot/2.0b (+http://search.msn.com/msnbot.htm)"
207.46.194.89 - - [29/Aug/2010:15:45:33 -0500] "GET /robots.txt HTTP/1.1" 200 194 "-" "msnbot-media/1.1 (+http://search.msn.com/msnbot.htm)"
207.46.194.89 - - [29/Aug/2010:15:45:34 -0500] "GET /~sbs/Weir205/webcam16_thumb.jpg HTTP/1.1" 200 3158 "-" "msnbot-media/1.1 (+http://search.msn.com/msnbot.htm)"
65.52.49.77 - - [29/Aug/2010:15:46:39 -0500] "GET /robots.txt HTTP/1.1" 200 194 "-" "msnbot/2.0b (+http://search.msn.com/msnbot.htm)"
76.19.145.20 - - [29/Aug/2010:15:47:17 -0500] "GET /~ychen/publications/conference/zhang_ictai06.pdf HTTP/1.1" 200 90107 "http://www.google.com/url?sa=t&source=web&cd=19&ved=0CEYQFjAIOAo&url=http%3A%2F%2Fcs.olemiss.edu%2F~ychen%2Fpublications%2Fconference%2Fzhang_ictai06.pdf&rct=j&q=motif%20discovery%20short%20motifs%20and%20local%20background%20model&ei=H8Z6TN6tKsP88AaV-ISjBg&usg=AFQjCNG40m9LLTH0ytaGszpuop87ju1skQ&sig2=heEw6vBK1LPjB_avNZWzBg" "Mozilla/5.0 (Macintosh; U; Intel Mac OS X 10.6; en-US; rv:1.9.2.8) Gecko/20100722 Firefox/3.6.8"
66.249.71.115 - - [29/Aug/2010:15:48:07 -0500] "GET /trac/csci487sp10/browser/bjladner/Code?rev=265&order=name HTTP/1.1" 200 8751 "-" "Mozilla/5.0 (compatible; Googlebot/2.1; +http://www.google.com/bot.html)"
66.249.71.115 - - [29/Aug/2010:15:53:18 -0500] "GET /trac/csci487sp10/browser/bjladner/Code/tree/index.php?rev=78&order=size&desc=True HTTP/1.1" 200 10818 "-" "Mozilla/5.0 (compatible; Googlebot/2.1; +http://www.google.com/bot.html)"
66.249.71.115 - - [29/Aug/2010:15:53:19 -0500] "GET /trac/csci487sp10/browser/bjladner/Code?rev=90&order=name HTTP/1.1" 200 8759 "-" "Mozilla/5.0 (compatible; Googlebot/2.1; +http://www.google.com/bot.html)"
66.249.71.115 - - [29/Aug/2010:15:53:20 -0500] "GET /trac/csci487sp10/browser/bjladner/Code?rev=235&order=date&desc=True HTTP/1.1" 200 8836 "-" "Mozilla/5.0 (compatible; Googlebot/2.1; +http://www.google.com/bot.html)"
66.249.71.115 - - [29/Aug/2010:15:53:20 -0500] "GET /trac/csci487sp10/log/bjladner/Code/tree/user/views/tree/images/ole-miss-emblem.png?rev=140 HTTP/1.1" 403 4408 "-" "Mozilla/5.0 (compatible; Googlebot/2.1; +http://www.google.com/bot.html)"
66.249.71.115 - - [29/Aug/2010:15:53:21 -0500] "GET /trac/csci487sp10/browser/bjladner/Code?rev=81&order=date&desc=True HTTP/1.1" 200 8844 "-" "Mozilla/5.0 (compatible; Googlebot/2.1; +http://www.google.com/bot.html)"
66.249.71.115 - - [29/Aug/2010:15:53:21 -0500] "GET /trac/csci487sp10/browser/bjladner/Code?rev=179&order=size&desc=True HTTP/1.1" 200 8836 "-" "Mozilla/5.0 (compatible; Googlebot/2.1; +http://www.google.com/bot.html)"
66.249.71.115 - - [29/Aug/2010:15:53:22 -0500] "GET /trac/csci487sp10/log/bjladner/Code/tree/schema.sql?rev=211 HTTP/1.1" 403 4408 "-" "Mozilla/5.0 (compatible; Googlebot/2.1; +http://www.google.com/bot.html)"
66.249.71.115 - - [29/Aug/2010:15:53:23 -0500] "GET /trac/csci487sp10/browser/bjladner/Code?rev=160&order=date&desc=1 HTTP/1.1" 200 8836 "-" "Mozilla/5.0 (compatible; Googlebot/2.1; +http://www.google.com/bot.html)"
66.249.71.115 - - [29/Aug/2010:15:53:23 -0500] "GET /trac/csci487sp10/browser/bjladner/Code/tree/user/views/tree/images/ole-miss-emblem.png?rev=140&order=name HTTP/1.1" 200 9752 "-" "Mozilla/5.0 (compatible; Googlebot/2.1; +http://www.google.com/bot.html)"
66.249.71.115 - - [29/Aug/2010:15:53:24 -0500] "GET /trac/csci487sp10/browser/bjladner/Code?rev=230&order=name HTTP/1.1" 200 8751 "-" "Mozilla/5.0 (compatible; Googlebot/2.1; +http://www.google.com/bot.html)"
66.249.71.115 - - [29/Aug/2010:15:53:25 -0500] "GET /trac/csci487sp10/browser/bjladner/Code/tree/user/uploads/TREE_pickup_form.pdf?rev=323 HTTP/1.1" 200 9354 "-" "Mozilla/5.0 (compatible; Googlebot/2.1; +http://www.google.com/bot.html)"
66.249.71.115 - - [29/Aug/2010:15:53:25 -0500] "GET /trac/csci487sp10/log/bjladner/Code/tree/system?rev=290 HTTP/1.1" 403 4408 "-" "Mozilla/5.0 (compatible; Googlebot/2.1; +http://www.google.com/bot.html)"
66.249.71.115 - - [29/Aug/2010:15:53:26 -0500] "GET /trac/csci487sp10/browser/bjladner/Code/tree?rev=135&order=size&desc=True HTTP/1.1" 200 11810 "-" "Mozilla/5.0 (compatible; Googlebot/2.1; +http://www.google.com/bot.html)"
66.249.71.115 - - [29/Aug/2010:15:54:01 -0500] "GET /trac/csci487sp10/log/bjladner/Code/tree/schema.sql?rev=146 HTTP/1.1" 403 4408 "-" "Mozilla/5.0 (compatible; Googlebot/2.1; +http://www.google.com/bot.html)"
220.181.94.225 - - [29/Aug/2010:15:56:06 -0500] "GET /abet/CSCI_111_Desc_2008_06_16.pdf HTTP/1.1" 304 - "-" "Sogou web spider/4.0(+http://www.sogou.com/docs/help/webmasters.htm#07)"
67.195.37.182 - - [29/Aug/2010:15:56:25 -0500] "GET /acmse2010/Partners.htm HTTP/1.0" 200 2844 "-" "Mozilla/5.0 (compatible; Yahoo! Slurp/3.0; http://help.yahoo.com/help/us/ysearch/slurp)"
67.195.37.182 - - [29/Aug/2010:15:56:28 -0500] "GET /acmse2010/styles/acmse2010.css HTTP/1.0" 200 7639 "http://www.cs.olemiss.edu/acmse2010/Partners.htm" "Mozilla/5.0 (compatible; Yahoo! Slurp/3.0; http://help.yahoo.com/help/us/ysearch/slurp)"
66.249.71.115 - - [29/Aug/2010:15:58:13 -0500] "GET /~cbzickos/download_files/211/sourceCode/net/ HTTP/1.1" 200 772 "-" "Mozilla/5.0 (compatible; Googlebot/2.1; +http://www.google.com/bot.html)"
66.249.71.115 - - [29/Aug/2010:15:58:52 -0500] "GET /~sbs/download/cs211_Java3/ch03/fig03_13/AdditionApplet.html HTTP/1.1" 304 - "-" "Mozilla/5.0 (compatible; Googlebot/2.1; +http://www.google.com/bot.html)"
65.97.153.135 - - [29/Aug/2010:15:59:19 -0500] "GET / HTTP/1.1" 200 5526 "-" "Mozilla/4.0 (compatible; MSIE 5.5; Windows 98)"
207.68.240.64 - - [29/Aug/2010:15:59:43 -0500] "GET / HTTP/1.1" 200 5526 "-" "Mozilla/5.0 (Macintosh; U; Intel Mac OS X 10_6_4; en-us) AppleWebKit/533.16 (KHTML, like Gecko) Version/5.0 Safari/533.16"
66.249.71.56 - - [29/Aug/2010:16:01:11 -0500] "GET /~sbs/tafall99/thumbnails/xia.jpg HTTP/1.1" 200 6679 "-" "Googlebot-Image/1.0"
130.74.220.181 - - [29/Aug/2010:16:01:27 -0500] "GET /resources/adler.html HTTP/1.1" 200 4188 "http://www.cs.olemiss.edu/resources/" "Mozilla/5.0 (Macintosh; U; Intel Mac OS X 10_5_8; en-US) AppleWebKit/533.4 (KHTML, like Gecko) Chrome/5.0.375.127 Safari/533.4"
207.46.199.235 - - [29/Aug/2010:16:03:46 -0500] "GET /robots.txt HTTP/1.1" 200 194 "-" "msnbot-media/1.1 (+http://search.msn.com/msnbot.htm)"
207.46.199.235 - - [29/Aug/2010:16:03:47 -0500] "GET /~sbs/Weir205/webcam56_thumb.jpg HTTP/1.1" 200 3275 "-" "msnbot-media/1.1 (+http://search.msn.com/msnbot.htm)"
67.195.112.34 - - [29/Aug/2010:16:04:33 -0500] "GET /~sbs/download/cs490_JavaGraphics_fall2004/w05-1%20diffusion%20limited%20aggregation/ HTTP/1.0" 200 840 "-" "Mozilla/5.0 (compatible; Yahoo! Slurp/3.0; http://help.yahoo.com/help/us/ysearch/slurp)"
130.74.206.66 - - [29/Aug/2010:16:05:20 -0500] "GET /~hcc/csci555/notes/haskell_notes.pdf HTTP/1.1" 200 238920 "http://www.cs.olemiss.edu/~hcc/csci555/notes/555lectureNotes.html" "Mozilla/5.0 (Windows; U; Windows NT 6.1; en-US) AppleWebKit/533.4 (KHTML, like Gecko) Chrome/5.0.375.127 Safari/533.4"
130.74.206.66 - - [29/Aug/2010:16:05:20 -0500] "GET /~hcc/csci555/notes/haskell_notes.pdf HTTP/1.1" 206 4321 "-" "Mozilla/5.0 (Windows; U; Windows NT 6.1; en-US) AppleWebKit/533.4 (KHTML, like Gecko) Chrome/5.0.375.127 Safari/533.4"
130.74.206.66 - - [29/Aug/2010:16:05:20 -0500] "GET /~hcc/csci555/notes/haskell_notes.pdf HTTP/1.1" 206 4321 "-" "Mozilla/5.0 (Windows; U; Windows NT 6.1; en-US) AppleWebKit/533.4 (KHTML, like Gecko) Chrome/5.0.375.127 Safari/533.4"
130.74.206.66 - - [29/Aug/2010:16:05:20 -0500] "GET /~hcc/csci555/notes/haskell_notes.pdf HTTP/1.1" 206 455223 "-" "Mozilla/5.0 (Windows; U; Windows NT 6.1; en-US) AppleWebKit/533.4 (KHTML, like Gecko) Chrome/5.0.375.127 Safari/533.4"
66.249.71.115 - - [29/Aug/2010:16:05:22 -0500] "GET /~sbs/download/cs211_Java3/ch20/com/deitel/ HTTP/1.1" 200 739 "-" "Mozilla/5.0 (compatible; Googlebot/2.1; +http://www.google.com/bot.html)"
67.195.37.182 - - [29/Aug/2010:16:06:55 -0500] "GET /news/2009/elec_spring.html HTTP/1.0" 200 23096 "-" "Mozilla/5.0 (compatible; Yahoo! Slurp/3.0; http://help.yahoo.com/help/us/ysearch/slurp)"
67.195.37.182 - - [29/Aug/2010:16:06:55 -0500] "GET /main.css HTTP/1.0" 304 - "http://www.cs.olemiss.edu/news/2009/elec_spring.html" "Mozilla/5.0 (compatible; Yahoo! Slurp/3.0; http://help.yahoo.com/help/us/ysearch/slurp)"
188.165.212.56 - - [29/Aug/2010:16:08:15 -0500] "HEAD /~dwilkins/internetProg/sum08/goodLindsay.jpg HTTP/1.1" 200 - "http://www.oopsbuzz.com" "Mozilla/4.0 (compatible; MSIE 7.0; Windows NT 5.1; .NET CLR 1.1.4322; .NET CLR 2.0.50727; .NET CLR 3.0.04506.30)"
92.249.119.146 - - [29/Aug/2010:16:08:23 -0500] "GET /sitemap.xml HTTP/1.1" 302 213 "-" "Mozilla/5.0 (Windows; U; Windows NT 6.1; uk; rv:1.9.2.8) Gecko/20100722 Firefox/3.6.8 s025vp"
92.249.119.146 - - [29/Aug/2010:16:08:26 -0500] "GET /404.php HTTP/1.1" 200 2954 "-" "Mozilla/5.0 (Windows; U; Windows NT 6.1; uk; rv:1.9.2.8) Gecko/20100722 Firefox/3.6.8 s025vp"
207.241.227.81 - - [29/Aug/2010:16:08:27 -0500] "GET /robots.txt HTTP/1.1" 200 194 "-" "ia_archiver-web.archive.org"
207.46.199.52 - - [29/Aug/2010:16:08:44 -0500] "GET /~sbs/download/cs490_Fall2003/ImageProcessing/ HTTP/1.1" 200 4369 "-" "msnbot/2.0b (+http://search.msn.com/msnbot.htm)"
65.52.51.180 - - [29/Aug/2010:16:11:06 -0500] "GET /robots.txt HTTP/1.1" 200 194 "-" "msnbot/2.0b (+http://search.msn.com/msnbot.htm)"
66.249.71.115 - - [29/Aug/2010:16:11:51 -0500] "GET /~sbs/download/cs211_Java3/ch06/fig06_10/Scoping.html HTTP/1.1" 304 - "-" "Mozilla/5.0 (compatible; Googlebot/2.1; +http://www.google.com/bot.html)"
216.119.179.171 - - [29/Aug/2010:16:13:52 -0500] "GET /~ruth/wiki/feed.php?mode=list&ns= HTTP/1.1" 304 - "-" "Apple-PubSub/65.11"
219.142.53.16 - - [29/Aug/2010:16:16:06 -0500] "GET /robots.txt HTTP/1.0" 200 194 "-" "librabot/2.0 (+http://academic.research.microsoft.com/)"
219.142.53.16 - - [29/Aug/2010:16:16:06 -0500] "GET /~hcc/papers/ddm_framework.pdf\r HTTP/1.0" 200 54638 "-" "librabot/2.0 (+http://academic.research.microsoft.com/)"
66.249.71.115 - - [29/Aug/2010:16:17:36 -0500] "GET /~cbzickos/download_files/111/DataFilesforStudents/ HTTP/1.1" 200 879 "-" "Mozilla/5.0 (compatible; Googlebot/2.1; +http://www.google.com/bot.html)"
216.119.178.207 - - [29/Aug/2010:16:18:06 -0500] "GET / HTTP/1.1" 200 5526 "http://www.olemiss.edu/webdir/index.php?alpha=c" "Mozilla/5.0 (Windows; U; Windows NT 6.0; en-US; rv:1.9.1.9) Gecko/20100315 Firefox/3.5.9 (.NET CLR 3.5.30729)"
216.119.178.207 - - [29/Aug/2010:16:18:06 -0500] "GET /favicon.ico HTTP/1.1" 200 318 "-" "Mozilla/5.0 (Windows; U; Windows NT 6.0; en-US; rv:1.9.1.9) Gecko/20100315 Firefox/3.5.9 (.NET CLR 3.5.30729)"
216.119.178.207 - - [29/Aug/2010:16:18:06 -0500] "GET /images/cra.gif HTTP/1.1" 200 7913 "http://www.cs.olemiss.edu/" "Mozilla/5.0 (Windows; U; Windows NT 6.0; en-US; rv:1.9.1.9) Gecko/20100315 Firefox/3.5.9 (.NET CLR 3.5.30729)"
216.119.178.207 - - [29/Aug/2010:16:18:06 -0500] "GET /main.css HTTP/1.1" 200 1362 "http://www.cs.olemiss.edu/" "Mozilla/5.0 (Windows; U; Windows NT 6.0; en-US; rv:1.9.1.9) Gecko/20100315 Firefox/3.5.9 (.NET CLR 3.5.30729)"
216.119.178.207 - - [29/Aug/2010:16:18:06 -0500] "GET /images/frontpage/weirfrontleft.jpg HTTP/1.1" 200 12348 "http://www.cs.olemiss.edu/" "Mozilla/5.0 (Windows; U; Windows NT 6.0; en-US; rv:1.9.1.9) Gecko/20100315 Firefox/3.5.9 (.NET CLR 3.5.30729)"
216.119.178.207 - - [29/Aug/2010:16:18:06 -0500] "GET /images/acm.gif HTTP/1.1" 200 4431 "http://www.cs.olemiss.edu/" "Mozilla/5.0 (Windows; U; Windows NT 6.0; en-US; rv:1.9.1.9) Gecko/20100315 Firefox/3.5.9 (.NET CLR 3.5.30729)"
216.119.178.207 - - [29/Aug/2010:16:18:06 -0500] "GET /images//header.png HTTP/1.1" 200 44168 "http://www.cs.olemiss.edu/" "Mozilla/5.0 (Windows; U; Windows NT 6.0; en-US; rv:1.9.1.9) Gecko/20100315 Firefox/3.5.9 (.NET CLR 3.5.30729)"
66.249.71.115 - - [29/Aug/2010:16:18:20 -0500] "GET /~sbs/download/cs211_Java3/ch03/fig03_06/WelcomeApplet.html HTTP/1.1" 304 - "-" "Mozilla/5.0 (compatible; Googlebot/2.1; +http://www.google.com/bot.html)"
216.119.178.207 - - [29/Aug/2010:16:18:30 -0500] "GET /about/ HTTP/1.1" 200 3098 "http://www.cs.olemiss.edu/" "Mozilla/5.0 (Windows; U; Windows NT 6.0; en-US; rv:1.9.1.9) Gecko/20100315 Firefox/3.5.9 (.NET CLR 3.5.30729)"
216.119.178.207 - - [29/Aug/2010:16:18:35 -0500] "GET /academics/ HTTP/1.1" 200 6026 "http://www.cs.olemiss.edu/about/" "Mozilla/5.0 (Windows; U; Windows NT 6.0; en-US; rv:1.9.1.9) Gecko/20100315 Firefox/3.5.9 (.NET CLR 3.5.30729)"
216.119.178.207 - - [29/Aug/2010:16:18:41 -0500] "GET /people/ HTTP/1.1" 200 3048 "http://www.cs.olemiss.edu/academics/" "Mozilla/5.0 (Windows; U; Windows NT 6.0; en-US; rv:1.9.1.9) Gecko/20100315 Firefox/3.5.9 (.NET CLR 3.5.30729)"
216.119.178.207 - - [29/Aug/2010:16:18:44 -0500] "GET /resources/ HTTP/1.1" 200 3353 "http://www.cs.olemiss.edu/people/" "Mozilla/5.0 (Windows; U; Windows NT 6.0; en-US; rv:1.9.1.9) Gecko/20100315 Firefox/3.5.9 (.NET CLR 3.5.30729)"
207.46.195.225 - - [29/Aug/2010:16:18:45 -0500] "GET /academics/schedules/2008summer.html HTTP/1.1" 304 - "-" "msnbot/2.0b (+http://search.msn.com/msnbot.htm)"
161.6.149.87 - - [29/Aug/2010:16:18:53 -0500] "GET /acmse2010 HTTP/1.1" 301 245 "http://www.ourglocal.com/url/?url=www.cs.olemiss.edu%2Facmse2010" "Mozilla/4.0 (compatible; MSIE 8.0; Windows NT 6.1; Trident/4.0; SLCC2; .NET CLR 2.0.50727; .NET CLR 3.5.30729; .NET CLR 3.0.30729; Media Center PC 6.0; .NET4.0C)"
161.6.149.87 - - [29/Aug/2010:16:18:53 -0500] "GET /acmse2010/ HTTP/1.1" 200 90 "http://www.ourglocal.com/url/?url=www.cs.olemiss.edu%2Facmse2010" "Mozilla/4.0 (compatible; MSIE 8.0; Windows NT 6.1; Trident/4.0; SLCC2; .NET CLR 2.0.50727; .NET CLR 3.5.30729; .NET CLR 3.0.30729; Media Center PC 6.0; .NET4.0C)"
161.6.149.87 - - [29/Aug/2010:16:18:53 -0500] "GET /acmse2010/Home.htm HTTP/1.1" 200 5434 "-" "Mozilla/4.0 (compatible; MSIE 8.0; Windows NT 6.1; Trident/4.0; SLCC2; .NET CLR 2.0.50727; .NET CLR 3.5.30729; .NET CLR 3.0.30729; Media Center PC 6.0; .NET4.0C)"
161.6.149.87 - - [29/Aug/2010:16:18:53 -0500] "GET /acmse2010/styles/acmse2010.css HTTP/1.1" 200 7639 "http://www.cs.olemiss.edu/acmse2010/Home.htm" "Mozilla/4.0 (compatible; MSIE 8.0; Windows NT 6.1; Trident/4.0; SLCC2; .NET CLR 2.0.50727; .NET CLR 3.5.30729; .NET CLR 3.0.30729; Media Center PC 6.0; .NET4.0C)"
161.6.149.87 - - [29/Aug/2010:16:18:53 -0500] "GET /acmse2010/images/180px-Lyceum.jpg HTTP/1.1" 200 20654 "http://www.cs.olemiss.edu/acmse2010/Home.htm" "Mozilla/4.0 (compatible; MSIE 8.0; Windows NT 6.1; Trident/4.0; SLCC2; .NET CLR 2.0.50727; .NET CLR 3.5.30729; .NET CLR 3.0.30729; Media Center PC 6.0; .NET4.0C)"
161.6.149.87 - - [29/Aug/2010:16:18:53 -0500] "GET /acmse2010/images/acmse2010header_transparent_bg.png HTTP/1.1" 200 560860 "http://www.cs.olemiss.edu/acmse2010/Home.htm" "Mozilla/4.0 (compatible; MSIE 8.0; Windows NT 6.1; Trident/4.0; SLCC2; .NET CLR 2.0.50727; .NET CLR 3.5.30729; .NET CLR 3.0.30729; Media Center PC 6.0; .NET4.0C)"
216.119.178.207 - - [29/Aug/2010:16:18:56 -0500] "GET /resources/systemslab.html HTTP/1.1" 200 2670 "http://www.cs.olemiss.edu/resources/" "Mozilla/5.0 (Windows; U; Windows NT 6.0; en-US; rv:1.9.1.9) Gecko/20100315 Firefox/3.5.9 (.NET CLR 3.5.30729)"
98.193.199.254 - - [29/Aug/2010:16:20:07 -0500] "GET / HTTP/1.1" 200 5526 "-" "Mozilla/5.0 (Macintosh; U; Intel Mac OS X 10_5_8; en-us) AppleWebKit/531.21.8 (KHTML, like Gecko) Version/4.0.4 Safari/531.21.10"
98.193.199.254 - - [29/Aug/2010:16:20:07 -0500] "GET /main.css HTTP/1.1" 200 1362 "http://www.cs.olemiss.edu/" "Mozilla/5.0 (Macintosh; U; Intel Mac OS X 10_5_8; en-us) AppleWebKit/531.21.8 (KHTML, like Gecko) Version/4.0.4 Safari/531.21.10"
67.195.37.182 - - [29/Aug/2010:16:20:44 -0500] "GET /~hcc/csci487/99fall/97spr/487grading.html HTTP/1.0" 200 2115 "-" "Mozilla/5.0 (compatible; Yahoo! Slurp/3.0; http://help.yahoo.com/help/us/ysearch/slurp)"
130.74.234.12 - - [29/Aug/2010:16:20:54 -0500] "GET /~cbzickos/cs111/ HTTP/1.1" 200 501 "-" "Mozilla/5.0 (Macintosh; U; Intel Mac OS X 10_5_8; en-us) AppleWebKit/533.17.8 (KHTML, like Gecko) Version/5.0.1 Safari/533.17.8"
130.74.234.12 - - [29/Aug/2010:16:20:54 -0500] "GET /~cbzickos/cs111/fr_assignments.html HTTP/1.1" 200 4217 "http://www.cs.olemiss.edu/~cbzickos/cs111/" "Mozilla/5.0 (Macintosh; U; Intel Mac OS X 10_5_8; en-us) AppleWebKit/533.17.8 (KHTML, like Gecko) Version/5.0.1 Safari/533.17.8"
130.74.234.12 - - [29/Aug/2010:16:20:54 -0500] "GET /~cbzickos/cs111/syllabus.html HTTP/1.1" 200 9393 "http://www.cs.olemiss.edu/~cbzickos/cs111/" "Mozilla/5.0 (Macintosh; U; Intel Mac OS X 10_5_8; en-us) AppleWebKit/533.17.8 (KHTML, like Gecko) Version/5.0.1 Safari/533.17.8"
130.74.234.12 - - [29/Aug/2010:16:20:54 -0500] "GET /~cbzickos/graphics/multiclr.gif HTTP/1.1" 200 7394 "http://www.cs.olemiss.edu/~cbzickos/cs111/fr_assignments.html" "Mozilla/5.0 (Macintosh; U; Intel Mac OS X 10_5_8; en-us) AppleWebKit/533.17.8 (KHTML, like Gecko) Version/5.0.1 Safari/533.17.8"
130.74.234.12 - - [29/Aug/2010:16:20:59 -0500] "GET /~cbzickos/cs111/assignments.html HTTP/1.1" 200 3189 "http://www.cs.olemiss.edu/~cbzickos/cs111/fr_assignments.html" "Mozilla/5.0 (Macintosh; U; Intel Mac OS X 10_5_8; en-us) AppleWebKit/533.17.8 (KHTML, like Gecko) Version/5.0.1 Safari/533.17.8"
128.105.13.71 - - [29/Aug/2010:16:21:12 -0500] "GET /acmse2010/ HTTP/1.1" 200 90 "http://www.google.com.hk/search?hl=zh-CN&source=hp&q=acm+southeast+2010+&meta=&aq=f&aqi=&aql=&oq=&gs_rfai=Chbf4Ss56TJ2COIqINvzU2KwEAAAAqgQFT9DH5NY" "Mozilla/4.0 (compatible; MSIE 6.0; Windows NT 5.1; SV1; .NET CLR 2.0.50727; .NET CLR 3.0.4506.2152; .NET CLR 3.5.30729)"
128.105.13.71 - - [29/Aug/2010:16:21:12 -0500] "GET /acmse2010/Home.htm HTTP/1.1" 200 5434 "-" "Mozilla/4.0 (compatible; MSIE 6.0; Windows NT 5.1; SV1; .NET CLR 2.0.50727; .NET CLR 3.0.4506.2152; .NET CLR 3.5.30729)"
128.105.13.71 - - [29/Aug/2010:16:21:12 -0500] "GET /acmse2010/styles/acmse2010.css HTTP/1.1" 200 7639 "http://www.cs.olemiss.edu/acmse2010/Home.htm" "Mozilla/4.0 (compatible; MSIE 6.0; Windows NT 5.1; SV1; .NET CLR 2.0.50727; .NET CLR 3.0.4506.2152; .NET CLR 3.5.30729)"
128.105.13.71 - - [29/Aug/2010:16:21:12 -0500] "GET /acmse2010/images/180px-Lyceum.jpg HTTP/1.1" 200 20654 "http://www.cs.olemiss.edu/acmse2010/Home.htm" "Mozilla/4.0 (compatible; MSIE 6.0; Windows NT 5.1; SV1; .NET CLR 2.0.50727; .NET CLR 3.0.4506.2152; .NET CLR 3.5.30729)"
128.105.13.71 - - [29/Aug/2010:16:21:12 -0500] "GET /acmse2010/images/acmse2010header_transparent_bg.png HTTP/1.1" 200 560860 "http://www.cs.olemiss.edu/acmse2010/Home.htm" "Mozilla/4.0 (compatible; MSIE 6.0; Windows NT 5.1; SV1; .NET CLR 2.0.50727; .NET CLR 3.0.4506.2152; .NET CLR 3.5.30729)"
123.125.66.64 - - [29/Aug/2010:16:22:16 -0500] "GET / HTTP/1.1" 200 5526 "-" "Baiduspider+(+http://www.baidu.com/search/spider.htm)"
66.249.71.115 - - [29/Aug/2010:16:22:56 -0500] "GET /trac/csci487sp10/browser/bjladner/Code/tree/index.php?rev=349&order=size HTTP/1.1" 200 10760 "-" "Mozilla/5.0 (compatible; Googlebot/2.1; +http://www.google.com/bot.html)"
66.249.71.115 - - [29/Aug/2010:16:22:58 -0500] "GET /trac/csci487sp10/browser/bjladner/Code?rev=109&order=name HTTP/1.1" 200 8772 "-" "Mozilla/5.0 (compatible; Googlebot/2.1; +http://www.google.com/bot.html)"
66.249.71.115 - - [29/Aug/2010:16:22:58 -0500] "GET /trac/csci487sp10/browser/bjladner/Code/tree/user?rev=67&order=size HTTP/1.1" 200 12017 "-" "Mozilla/5.0 (compatible; Googlebot/2.1; +http://www.google.com/bot.html)"
66.249.71.115 - - [29/Aug/2010:16:22:59 -0500] "GET /trac/csci487sp10/browser/bjladner/courseDoc/License%20Agreement.docx?rev=221&order=date&desc=True HTTP/1.1" 200 8754 "-" "Mozilla/5.0 (compatible; Googlebot/2.1; +http://www.google.com/bot.html)"
66.249.71.115 - - [29/Aug/2010:16:22:59 -0500] "GET /trac/csci487sp10/browser/bjladner/Code/tree/user/photos?rev=122&order=date&desc=1 HTTP/1.1" 200 14688 "-" "Mozilla/5.0 (compatible; Googlebot/2.1; +http://www.google.com/bot.html)"
66.249.71.115 - - [29/Aug/2010:16:23:00 -0500] "GET /trac/csci487sp10/browser/bjladner/Code/tree?rev=164&order=size&desc=1 HTTP/1.1" 200 11794 "-" "Mozilla/5.0 (compatible; Googlebot/2.1; +http://www.google.com/bot.html)"
66.249.71.115 - - [29/Aug/2010:16:23:00 -0500] "GET /trac/csci487sp10/browser/bjladner/Code/tree/user?rev=122&order=date&desc=True HTTP/1.1" 200 12166 "-" "Mozilla/5.0 (compatible; Googlebot/2.1; +http://www.google.com/bot.html)"
66.249.71.115 - - [29/Aug/2010:16:23:01 -0500] "GET /trac/csci487sp10/browser/bjladner/Code/tree?rev=81&order=date&desc=True HTTP/1.1" 200 11793 "-" "Mozilla/5.0 (compatible; Googlebot/2.1; +http://www.google.com/bot.html)"
66.249.71.115 - - [29/Aug/2010:16:23:02 -0500] "GET /trac/csci487sp10/browser/bjladner/Code/tree/user/photos?rev=293&order=date HTTP/1.1" 200 14521 "-" "Mozilla/5.0 (compatible; Googlebot/2.1; +http://www.google.com/bot.html)"
66.249.71.115 - - [29/Aug/2010:16:23:02 -0500] "GET /trac/csci487sp10/browser/bjladner/Code/tree?rev=265&desc=1 HTTP/1.1" 200 11734 "-" "Mozilla/5.0 (compatible; Googlebot/2.1; +http://www.google.com/bot.html)"
75.66.113.228 - - [29/Aug/2010:16:23:10 -0500] "GET /academics/advisors.html HTTP/1.1" 200 22591 "http://www.ask.com/web?qsrc=2990&o=0&l=dir&q=timothy+holston+ole+miss" "Opera/9.80 (Windows NT 5.1; U; en) Presto/2.6.30 Version/10.61"
75.66.113.228 - - [29/Aug/2010:16:23:10 -0500] "GET /favicon.ico HTTP/1.1" 200 318 "http://www.cs.olemiss.edu/academics/advisors.html" "Opera/9.80 (Windows NT 5.1; U; en) Presto/2.6.30 Version/10.61"
75.66.113.228 - - [29/Aug/2010:16:23:10 -0500] "GET /main.css HTTP/1.1" 200 1362 "http://www.cs.olemiss.edu/academics/advisors.html" "Opera/9.80 (Windows NT 5.1; U; en) Presto/2.6.30 Version/10.61"
75.66.113.228 - - [29/Aug/2010:16:23:10 -0500] "GET /images//header.png HTTP/1.1" 200 44168 "http://www.cs.olemiss.edu/academics/advisors.html" "Opera/9.80 (Windows NT 5.1; U; en) Presto/2.6.30 Version/10.61"
220.181.7.70 - - [29/Aug/2010:16:23:34 -0500] "GET / HTTP/1.1" 200 5526 "-" "Baiduspider+(+http://www.baidu.com/search/spider.htm)"
207.46.13.100 - - [29/Aug/2010:16:23:42 -0500] "GET /academics/accreditation.html HTTP/1.1" 304 - "-" "msnbot/2.0b (+http://search.msn.com/msnbot.htm)"
66.249.71.115 - - [29/Aug/2010:16:24:50 -0500] "GET /~sbs/download/cs211_Java3/ch03/fig03_09/WelcomeApplet2.html HTTP/1.1" 304 - "-" "Mozilla/5.0 (compatible; Googlebot/2.1; +http://www.google.com/bot.html)"
65.52.49.76 - - [29/Aug/2010:16:25:14 -0500] "GET /robots.txt HTTP/1.1" 200 194 "-" "msnbot/2.0b (+http://search.msn.com/msnbot.htm)"
220.181.94.225 - - [29/Aug/2010:16:25:33 -0500] "GET /~hcc/papers/metaphors.pdf HTTP/1.1" 304 - "-" "Sogou web spider/4.0(+http://www.sogou.com/docs/help/webmasters.htm#07)"
67.195.37.182 - - [29/Aug/2010:16:26:02 -0500] "GET /~hcc/papers/HaskellSlidesFinal.ppt HTTP/1.0" 200 130560 "-" "Mozilla/5.0 (compatible; Yahoo! Slurp/3.0; http://help.yahoo.com/help/us/ysearch/slurp)"
66.249.71.115 - - [29/Aug/2010:16:26:27 -0500] "GET /~lawhead/lispnotes.html HTTP/1.1" 200 694 "-" "SAMSUNG-SGH-E250/1.0 Profile/MIDP-2.0 Configuration/CLDC-1.1 UP.Browser/6.2.3.3.c.1.101 (GUI) MMP/2.0 (compatible; Googlebot-Mobile/2.1; +http://www.google.com/bot.html)"
220.181.94.225 - - [29/Aug/2010:16:27:32 -0500] "GET /about/campus.html HTTP/1.1" 304 - "-" "Sogou web spider/4.0(+http://www.sogou.com/docs/help/webmasters.htm#07)"
66.249.71.115 - - [29/Aug/2010:16:27:55 -0500] "GET /trac/csci487sp10/browser/bjladner/Code/tree/user/posts?rev=67&order=date&desc=1 HTTP/1.1" 200 11565 "-" "Mozilla/5.0 (compatible; Googlebot/2.1; +http://www.google.com/bot.html)"
207.46.199.191 - - [29/Aug/2010:16:28:34 -0500] "GET /robots.txt HTTP/1.1" 200 194 "-" "msnbot/2.0b (+http://search.msn.com/msnbot.htm)"
66.249.71.115 - - [29/Aug/2010:16:31:20 -0500] "GET /~sbs/download/cs211_Java3/ch03/fig03_11/WelcomeLines.html HTTP/1.1" 304 - "-" "Mozilla/5.0 (compatible; Googlebot/2.1; +http://www.google.com/bot.html)"
66.249.71.115 - - [29/Aug/2010:16:32:42 -0500] "GET /trac/csci487sp10/browser/bjladner/Code?rev=294&order=name HTTP/1.1" 200 8751 "-" "Mozilla/5.0 (compatible; Googlebot/2.1; +http://www.google.com/bot.html)"
67.195.37.182 - - [29/Aug/2010:16:33:00 -0500] "GET /~hcc/papers/Java_in_box6.ppt HTTP/1.0" 200 160768 "-" "Mozilla/5.0 (compatible; Yahoo! Slurp/3.0; http://help.yahoo.com/help/us/ysearch/slurp)"
207.46.199.201 - - [29/Aug/2010:16:34:14 -0500] "GET /robots.txt HTTP/1.1" 200 194 "-" "msnbot/2.0b (+http://search.msn.com/msnbot.htm)"
130.74.96.49 - - [29/Aug/2010:16:34:29 -0500] "GET /csss/ HTTP/1.1" 200 22715 "http://cs.olemiss.edu/" "Mozilla/5.0 (X11; U; Linux x86_64; en-US; rv:1.9.2.8) Gecko/20100723 Ubuntu/10.04 (lucid) Firefox/3.6.8"
130.74.96.49 - - [29/Aug/2010:16:34:50 -0500] "GET /resources/ HTTP/1.1" 200 3353 "http://cs.olemiss.edu/csss/" "Mozilla/5.0 (X11; U; Linux x86_64; en-US; rv:1.9.2.8) Gecko/20100723 Ubuntu/10.04 (lucid) Firefox/3.6.8"
130.74.96.49 - - [29/Aug/2010:16:34:57 -0500] "GET /resources/adler.html HTTP/1.1" 200 4188 "http://cs.olemiss.edu/resources/" "Mozilla/5.0 (X11; U; Linux x86_64; en-US; rv:1.9.2.8) Gecko/20100723 Ubuntu/10.04 (lucid) Firefox/3.6.8"
161.6.149.87 - - [29/Aug/2010:16:35:05 -0500] "GET /people/faculty/wang.html HTTP/1.1" 200 3382 "http://www.google.com/url?sa=t&source=web&cd=15&sqi=2&ved=0CFIQFjAO&url=http%3A%2F%2Fwww.cs.olemiss.edu%2Fpeople%2Ffaculty%2Fwang.html&rct=j&q=Jianping%20Wang&ei=1M96TPzgLoOB8gbO07zqBg&usg=AFQjCNHUiTlRhm4HBbNurIHYjqU_I4wzzA&sig2=8CxhMJy1lsHnJDpwR8LEgQ" "Mozilla/4.0 (compatible; MSIE 8.0; Windows NT 6.1; Trident/4.0; SLCC2; .NET CLR 2.0.50727; .NET CLR 3.5.30729; .NET CLR 3.0.30729; Media Center PC 6.0; .NET4.0C)"
161.6.149.87 - - [29/Aug/2010:16:35:05 -0500] "GET /images/faculty/wang.jpg HTTP/1.1" 200 15133 "http://www.cs.olemiss.edu/people/faculty/wang.html" "Mozilla/4.0 (compatible; MSIE 8.0; Windows NT 6.1; Trident/4.0; SLCC2; .NET CLR 2.0.50727; .NET CLR 3.5.30729; .NET CLR 3.0.30729; Media Center PC 6.0; .NET4.0C)"
161.6.149.87 - - [29/Aug/2010:16:35:05 -0500] "GET /images//header.png HTTP/1.1" 200 44168 "http://www.cs.olemiss.edu/people/faculty/wang.html" "Mozilla/4.0 (compatible; MSIE 8.0; Windows NT 6.1; Trident/4.0; SLCC2; .NET CLR 2.0.50727; .NET CLR 3.5.30729; .NET CLR 3.0.30729; Media Center PC 6.0; .NET4.0C)"
161.6.149.87 - - [29/Aug/2010:16:35:05 -0500] "GET /main.css HTTP/1.1" 200 1362 "http://www.cs.olemiss.edu/people/faculty/wang.html" "Mozilla/4.0 (compatible; MSIE 8.0; Windows NT 6.1; Trident/4.0; SLCC2; .NET CLR 2.0.50727; .NET CLR 3.5.30729; .NET CLR 3.0.30729; Media Center PC 6.0; .NET4.0C)"
161.6.149.87 - - [29/Aug/2010:16:35:06 -0500] "GET /favicon.ico HTTP/1.1" 200 318 "-" "Mozilla/4.0 (compatible; MSIE 8.0; Windows NT 6.1; Trident/4.0; SLCC2; .NET CLR 2.0.50727; .NET CLR 3.5.30729; .NET CLR 3.0.30729; Media Center PC 6.0; .NET4.0C)"
130.74.96.49 - - [29/Aug/2010:16:35:27 -0500] "GET /people/tas.html HTTP/1.1" 200 2745 "http://cs.olemiss.edu/resources/adler.html" "Mozilla/5.0 (X11; U; Linux x86_64; en-US; rv:1.9.2.8) Gecko/20100723 Ubuntu/10.04 (lucid) Firefox/3.6.8"
207.46.13.143 - - [29/Aug/2010:16:35:45 -0500] "GET /~sbs/211spring2001/required.html HTTP/1.1" 304 - "-" "msnbot/2.0b (+http://search.msn.com/msnbot.htm)"
81.52.143.31 - - [29/Aug/2010:16:35:46 -0500] "GET /people/ HTTP/1.1" 200 3048 "-" "Mozilla/5.0 (Windows; U; Windows NT 5.1; fr; rv:1.8.1) VoilaBot BETA 1.2 (support.voilabot@orange-ftgroup.com)"
124.115.0.110 - - [29/Aug/2010:16:35:54 -0500] "GET / HTTP/1.1" 200 5526 "-" "Sosospider+(+http://help.soso.com/webspider.htm)"
66.249.71.115 - - [29/Aug/2010:16:37:15 -0500] "GET /trac/csci487sp10/browser/ecmccal1/code/CoachsCorner/src/CoachsCorner/resources/DesktopApplication1AboutBox.properties?rev=309 HTTP/1.1" 200 10694 "-" "Mozilla/5.0 (compatible; Googlebot/2.1; +http://www.google.com/bot.html)"
66.249.71.115 - - [29/Aug/2010:16:37:34 -0500] "GET /trac/csci487sp10/browser/bjladner/Code?rev=67&order=date&desc=True HTTP/1.1" 200 8844 "-" "Mozilla/5.0 (compatible; Googlebot/2.1; +http://www.google.com/bot.html)"
66.249.71.115 - - [29/Aug/2010:16:37:47 -0500] "GET /~sbs/download/cs211_Java3/ch18/NonBlockingDeitelMessengerCaseStudy/com/ HTTP/1.1" 200 926 "-" "Mozilla/5.0 (compatible; Googlebot/2.1; +http://www.google.com/bot.html)"
67.195.112.34 - - [29/Aug/2010:16:39:35 -0500] "GET /csss/20051005-miltec.html HTTP/1.0" 200 3053 "-" "Mozilla/5.0 (compatible; Yahoo! Slurp/3.0; http://help.yahoo.com/help/us/ysearch/slurp)"
67.195.112.34 - - [29/Aug/2010:16:39:36 -0500] "GET /main.css HTTP/1.0" 304 - "http://cs.olemiss.edu/csss/20051005-miltec.html" "Mozilla/5.0 (compatible; Yahoo! Slurp/3.0; http://help.yahoo.com/help/us/ysearch/slurp)"
66.249.71.115 - - [29/Aug/2010:16:42:47 -0500] "GET /trac/csci487sp10/log/bjladner/Code/tree/user?rev=67 HTTP/1.1" 403 4408 "-" "Mozilla/5.0 (compatible; Googlebot/2.1; +http://www.google.com/bot.html)"
116.125.140.12 - - [29/Aug/2010:16:43:37 -0500] "GET /~sbs/download/cs450_ProgLang/ExceptionHandling/ HTTP/1.1" 200 878 "http://cs.olemiss.edu/" "Mozilla/5.0 (compatible; MSIE or Firefox mutant; not on Windows server; +http://ws.daum.net/aboutWebSearch.html) Daumoa/2.0"
216.119.179.171 - - [29/Aug/2010:16:43:54 -0500] "GET /~ruth/wiki/feed.php?mode=list&ns= HTTP/1.1" 304 - "-" "Apple-PubSub/65.11"
72.14.192.66 - - [29/Aug/2010:16:45:18 -0500] "GET /favicon.ico HTTP/1.1" 200 318 "-" "AppEngine-Google; (+http://code.google.com/appengine; appid: getfavicon)"
98.116.101.78 - - [29/Aug/2010:16:45:19 -0500] "GET /resources/recommendations.html HTTP/1.1" 200 17035 "http://www.google.com/url?sa=t&source=web&cd=3&ved=0CB4QFjAC&url=http%3A%2F%2Fwww.cs.olemiss.edu%2Fresources%2Frecommendations.html&rct=j&q=laptop%20vs%20desktop%20computer%20for%20computer%20science%20major&ei=8NN6TPCLJsL78Abo9KmqBw&usg=AFQjCNHFFRcf7WcTN4jUuEQ6vdDONceGVQ&sig2=ge51bQjuiGVpKeH1ZqteaA" "Mozilla/5.0 (Macintosh; U; Intel Mac OS X 10_6_4; en-us) AppleWebKit/533.17.8 (KHTML, like Gecko) Version/5.0.1 Safari/533.17.8"
98.116.101.78 - - [29/Aug/2010:16:45:19 -0500] "GET /main.css HTTP/1.1" 200 1362 "http://www.cs.olemiss.edu/resources/recommendations.html" "Mozilla/5.0 (Macintosh; U; Intel Mac OS X 10_6_4; en-us) AppleWebKit/533.17.8 (KHTML, like Gecko) Version/5.0.1 Safari/533.17.8"
98.116.101.78 - - [29/Aug/2010:16:45:19 -0500] "GET /images//header.png HTTP/1.1" 200 44168 "http://www.cs.olemiss.edu/resources/recommendations.html" "Mozilla/5.0 (Macintosh; U; Intel Mac OS X 10_6_4; en-us) AppleWebKit/533.17.8 (KHTML, like Gecko) Version/5.0.1 Safari/533.17.8"
98.116.101.78 - - [29/Aug/2010:16:45:20 -0500] "GET /favicon.ico HTTP/1.1" 200 318 "http://www.cs.olemiss.edu/resources/recommendations.html" "Mozilla/5.0 (Macintosh; U; Intel Mac OS X 10_6_4; en-us) AppleWebKit/533.17.8 (KHTML, like Gecko) Version/5.0.1 Safari/533.17.8"
66.249.71.56 - - [29/Aug/2010:16:49:17 -0500] "GET /courses/fall99.html HTTP/1.1" 302 213 "-" "Mozilla/5.0 (compatible; Googlebot/2.1; +http://www.google.com/bot.html)"
