207.68.243.182 - - [29/Aug/2010:13:35:53 -0500] "GET /cs/js/xfade2.js HTTP/1.1" 200 1701 "http://cs.olemiss.edu/cs/index.php" "Mozilla/4.0 (compatible; MSIE 8.0; Windows NT 6.0; Trident/4.0; SLCC1; .NET CLR 2.0.50727; Media Center PC 5.0; .NET CLR 1.1.4322; .NET CLR 3.5.30729; .NET CLR 3.0.30618)"
207.68.243.182 - - [29/Aug/2010:13:35:53 -0500] "GET /cs/css/dropdown/dropdown.css HTTP/1.1" 200 1457 "http://cs.olemiss.edu/cs/index.php" "Mozilla/4.0 (compatible; MSIE 8.0; Windows NT 6.0; Trident/4.0; SLCC1; .NET CLR 2.0.50727; Media Center PC 5.0; .NET CLR 1.1.4322; .NET CLR 3.5.30729; .NET CLR 3.0.30618)"
207.68.243.182 - - [29/Aug/2010:13:35:53 -0500] "GET /cs/css/dropdown/dd/default.css HTTP/1.1" 200 2720 "http://cs.olemiss.edu/cs/index.php" "Mozilla/4.0 (compatible; MSIE 8.0; Windows NT 6.0; Trident/4.0; SLCC1; .NET CLR 2.0.50727; Media Center PC 5.0; .NET CLR 1.1.4322; .NET CLR 3.5.30729; .NET CLR 3.0.30618)"
207.68.243.182 - - [29/Aug/2010:13:35:53 -0500] "GET /cs/images/trans.gif HTTP/1.1" 200 456 "http://cs.olemiss.edu/cs/index.php" "Mozilla/4.0 (compatible; MSIE 8.0; Windows NT 6.0; Trident/4.0; SLCC1; .NET CLR 2.0.50727; Media Center PC 5.0; .NET CLR 1.1.4322; .NET CLR 3.5.30729; .NET CLR 3.0.30618)"
207.68.243.182 - - [29/Aug/2010:13:35:54 -0500] "GET /cs/images/fb.png HTTP/1.1" 200 1147 "http://cs.olemiss.edu/cs/index.php" "Mozilla/4.0 (compatible; MSIE 8.0; Windows NT 6.0; Trident/4.0; SLCC1; .NET CLR 2.0.50727; Media Center PC 5.0; .NET CLR 1.1.4322; .NET CLR 3.5.30729; .NET CLR 3.0.30618)"
207.68.243.182 - - [29/Aug/2010:13:35:54 -0500] "GET /cs/images/rss.png HTTP/1.1" 200 1342 "http://cs.olemiss.edu/cs/index.php" "Mozilla/4.0 (compatible; MSIE 8.0; Windows NT 6.0; Trident/4.0; SLCC1; .NET CLR 2.0.50727; Media Center PC 5.0; .NET CLR 1.1.4322; .NET CLR 3.5.30729; .NET CLR 3.0.30618)"
207.68.243.182 - - [29/Aug/2010:13:35:54 -0500] "GET /cs/images/twitter.png HTTP/1.1" 200 1266 "http://cs.olemiss.edu/cs/index.php" "Mozilla/4.0 (compatible; MSIE 8.0; Windows NT 6.0; Trident/4.0; SLCC1; .NET CLR 2.0.50727; Media Center PC 5.0; .NET CLR 1.1.4322; .NET CLR 3.5.30729; .NET CLR 3.0.30618)"
207.68.243.182 - - [29/Aug/2010:13:35:54 -0500] "GET /cs/images/flickr.png HTTP/1.1" 200 1208 "http://cs.olemiss.edu/cs/index.php" "Mozilla/4.0 (compatible; MSIE 8.0; Windows NT 6.0; Trident/4.0; SLCC1; .NET CLR 2.0.50727; Media Center PC 5.0; .NET CLR 1.1.4322; .NET CLR 3.5.30729; .NET CLR 3.0.30618)"
207.68.243.182 - - [29/Aug/2010:13:35:54 -0500] "GET /cs/images/contact.png HTTP/1.1" 200 2236 "http://cs.olemiss.edu/cs/index.php" "Mozilla/4.0 (compatible; MSIE 8.0; Windows NT 6.0; Trident/4.0; SLCC1; .NET CLR 2.0.50727; Media Center PC 5.0; .NET CLR 1.1.4322; .NET CLR 3.5.30729; .NET CLR 3.0.30618)"
207.68.243.182 - - [29/Aug/2010:13:35:55 -0500] "GET /cs/images/course.png HTTP/1.1" 200 4785 "http://cs.olemiss.edu/cs/index.php" "Mozilla/4.0 (compatible; MSIE 8.0; Windows NT 6.0; Trident/4.0; SLCC1; .NET CLR 2.0.50727; Media Center PC 5.0; .NET CLR 1.1.4322; .NET CLR 3.5.30729; .NET CLR 3.0.30618)"
207.68.243.182 - - [29/Aug/2010:13:35:54 -0500] "GET /cs/banner/ban03.jpg HTTP/1.1" 200 39127 "http://cs.olemiss.edu/cs/index.php" "Mozilla/4.0 (compatible; MSIE 8.0; Windows NT 6.0; Trident/4.0; SLCC1; .NET CLR 2.0.50727; Media Center PC 5.0; .NET CLR 1.1.4322; .NET CLR 3.5.30729; .NET CLR 3.0.30618)"
207.68.243.182 - - [29/Aug/2010:13:35:55 -0500] "GET /cs/images/calendar.jpg HTTP/1.1" 200 6152 "http://cs.olemiss.edu/cs/index.php" "Mozilla/4.0 (compatible; MSIE 8.0; Windows NT 6.0; Trident/4.0; SLCC1; .NET CLR 2.0.50727; Media Center PC 5.0; .NET CLR 1.1.4322; .NET CLR 3.5.30729; .NET CLR 3.0.30618)"
207.68.243.182 - - [29/Aug/2010:13:35:55 -0500] "GET /cs/images/back_bar3.png HTTP/1.1" 200 535 "http://cs.olemiss.edu/cs/index.php" "Mozilla/4.0 (compatible; MSIE 8.0; Windows NT 6.0; Trident/4.0; SLCC1; .NET CLR 2.0.50727; Media Center PC 5.0; .NET CLR 1.1.4322; .NET CLR 3.5.30729; .NET CLR 3.0.30618)"
207.68.243.182 - - [29/Aug/2010:13:35:53 -0500] "GET /cs/banner/photo1.jpg HTTP/1.1" 200 81644 "http://cs.olemiss.edu/cs/index.php" "Mozilla/4.0 (compatible; MSIE 8.0; Windows NT 6.0; Trident/4.0; SLCC1; .NET CLR 2.0.50727; Media Center PC 5.0; .NET CLR 1.1.4322; .NET CLR 3.5.30729; .NET CLR 3.0.30618)"
207.68.243.182 - - [29/Aug/2010:13:35:54 -0500] "GET /cs/banner/photo2.jpg HTTP/1.1" 200 93808 "http://cs.olemiss.edu/cs/index.php" "Mozilla/4.0 (compatible; MSIE 8.0; Windows NT 6.0; Trident/4.0; SLCC1; .NET CLR 2.0.50727; Media Center PC 5.0; .NET CLR 1.1.4322; .NET CLR 3.5.30729; .NET CLR 3.0.30618)"
207.68.243.182 - - [29/Aug/2010:13:35:57 -0500] "GET /cs/css/dropdown/dd/images/dropdown_pane.png HTTP/1.1" 200 4980 "http://cs.olemiss.edu/cs/index.php" "Mozilla/4.0 (compatible; MSIE 8.0; Windows NT 6.0; Trident/4.0; SLCC1; .NET CLR 2.0.50727; Media Center PC 5.0; .NET CLR 1.1.4322; .NET CLR 3.5.30729; .NET CLR 3.0.30618)"
207.68.243.182 - - [29/Aug/2010:13:35:56 -0500] "GET /cs/images/back_bar1.png HTTP/1.1" 200 67159 "http://cs.olemiss.edu/cs/index.php" "Mozilla/4.0 (compatible; MSIE 8.0; Windows NT 6.0; Trident/4.0; SLCC1; .NET CLR 2.0.50727; Media Center PC 5.0; .NET CLR 1.1.4322; .NET CLR 3.5.30729; .NET CLR 3.0.30618)"
207.68.243.182 - - [29/Aug/2010:13:36:01 -0500] "GET /cs/xfade2_o.css HTTP/1.1" 302 213 "http://cs.olemiss.edu/cs/index.php" "Mozilla/4.0 (compatible; MSIE 8.0; Windows NT 6.0; Trident/4.0; SLCC1; .NET CLR 2.0.50727; Media Center PC 5.0; .NET CLR 1.1.4322; .NET CLR 3.5.30729; .NET CLR 3.0.30618)"
207.68.243.182 - - [29/Aug/2010:13:36:01 -0500] "GET /cs/xfade2.css HTTP/1.1" 302 213 "http://cs.olemiss.edu/cs/index.php" "Mozilla/4.0 (compatible; MSIE 8.0; Windows NT 6.0; Trident/4.0; SLCC1; .NET CLR 2.0.50727; Media Center PC 5.0; .NET CLR 1.1.4322; .NET CLR 3.5.30729; .NET CLR 3.0.30618)"
207.68.243.182 - - [29/Aug/2010:13:36:01 -0500] "GET /404.php HTTP/1.1" 200 2954 "http://cs.olemiss.edu/cs/index.php" "Mozilla/4.0 (compatible; MSIE 8.0; Windows NT 6.0; Trident/4.0; SLCC1; .NET CLR 2.0.50727; Media Center PC 5.0; .NET CLR 1.1.4322; .NET CLR 3.5.30729; .NET CLR 3.0.30618)"
207.68.243.182 - - [29/Aug/2010:13:36:01 -0500] "GET /404.php HTTP/1.1" 200 2954 "http://cs.olemiss.edu/cs/index.php" "Mozilla/4.0 (compatible; MSIE 8.0; Windows NT 6.0; Trident/4.0; SLCC1; .NET CLR 2.0.50727; Media Center PC 5.0; .NET CLR 1.1.4322; .NET CLR 3.5.30729; .NET CLR 3.0.30618)"
66.249.71.115 - - [29/Aug/2010:13:36:10 -0500] "GET /~sbs/download/cs211_Java3/ch19/fig19_04/ HTTP/1.1" 200 1844 "-" "Mozilla/5.0 (compatible; Googlebot/2.1; +http://www.google.com/bot.html)"
207.68.243.182 - - [29/Aug/2010:13:36:26 -0500] "GET /people/gradinst.html HTTP/1.1" 200 2726 "http://cs.olemiss.edu/cs/index.php" "Mozilla/4.0 (compatible; MSIE 8.0; Windows NT 6.0; Trident/4.0; SLCC1; .NET CLR 2.0.50727; Media Center PC 5.0; .NET CLR 1.1.4322; .NET CLR 3.5.30729; .NET CLR 3.0.30618)"
207.68.243.182 - - [29/Aug/2010:13:36:26 -0500] "GET /main.css HTTP/1.1" 200 1362 "http://www.cs.olemiss.edu/people/gradinst.html" "Mozilla/4.0 (compatible; MSIE 8.0; Windows NT 6.0; Trident/4.0; SLCC1; .NET CLR 2.0.50727; Media Center PC 5.0; .NET CLR 1.1.4322; .NET CLR 3.5.30729; .NET CLR 3.0.30618)"
207.68.243.182 - - [29/Aug/2010:13:36:26 -0500] "GET /images//header.png HTTP/1.1" 200 44168 "http://www.cs.olemiss.edu/people/gradinst.html" "Mozilla/4.0 (compatible; MSIE 8.0; Windows NT 6.0; Trident/4.0; SLCC1; .NET CLR 2.0.50727; Media Center PC 5.0; .NET CLR 1.1.4322; .NET CLR 3.5.30729; .NET CLR 3.0.30618)"
207.68.243.182 - - [29/Aug/2010:13:36:35 -0500] "GET /cs/xfade2_o.css HTTP/1.1" 302 213 "http://cs.olemiss.edu/cs/index.php" "Mozilla/4.0 (compatible; MSIE 8.0; Windows NT 6.0; Trident/4.0; SLCC1; .NET CLR 2.0.50727; Media Center PC 5.0; .NET CLR 1.1.4322; .NET CLR 3.5.30729; .NET CLR 3.0.30618)"
207.68.243.182 - - [29/Aug/2010:13:36:35 -0500] "GET /cs/xfade2.css HTTP/1.1" 302 213 "http://cs.olemiss.edu/cs/index.php" "Mozilla/4.0 (compatible; MSIE 8.0; Windows NT 6.0; Trident/4.0; SLCC1; .NET CLR 2.0.50727; Media Center PC 5.0; .NET CLR 1.1.4322; .NET CLR 3.5.30729; .NET CLR 3.0.30618)"
207.68.243.182 - - [29/Aug/2010:13:36:42 -0500] "GET /people/adjuncts.html HTTP/1.1" 200 2735 "http://cs.olemiss.edu/cs/index.php" "Mozilla/4.0 (compatible; MSIE 8.0; Windows NT 6.0; Trident/4.0; SLCC1; .NET CLR 2.0.50727; Media Center PC 5.0; .NET CLR 1.1.4322; .NET CLR 3.5.30729; .NET CLR 3.0.30618)"
207.68.243.182 - - [29/Aug/2010:13:36:47 -0500] "GET /cs/xfade2_o.css HTTP/1.1" 302 213 "http://cs.olemiss.edu/cs/index.php" "Mozilla/4.0 (compatible; MSIE 8.0; Windows NT 6.0; Trident/4.0; SLCC1; .NET CLR 2.0.50727; Media Center PC 5.0; .NET CLR 1.1.4322; .NET CLR 3.5.30729; .NET CLR 3.0.30618)"
207.68.243.182 - - [29/Aug/2010:13:36:47 -0500] "GET /cs/xfade2.css HTTP/1.1" 302 213 "http://cs.olemiss.edu/cs/index.php" "Mozilla/4.0 (compatible; MSIE 8.0; Windows NT 6.0; Trident/4.0; SLCC1; .NET CLR 2.0.50727; Media Center PC 5.0; .NET CLR 1.1.4322; .NET CLR 3.5.30729; .NET CLR 3.0.30618)"
67.195.112.34 - - [29/Aug/2010:13:36:54 -0500] "GET /robots.txt HTTP/1.0" 200 194 "-" "Mozilla/5.0 (compatible; Yahoo! Slurp; http://help.yahoo.com/help/us/ysearch/slurp)"
67.195.112.34 - - [29/Aug/2010:13:36:54 -0500] "GET /people/tas.html HTTP/1.0" 200 2745 "-" "Mozilla/5.0 (compatible; Yahoo! Slurp/3.0; http://help.yahoo.com/help/us/ysearch/slurp)"
207.68.243.182 - - [29/Aug/2010:13:36:55 -0500] "GET /people/faculty/ HTTP/1.1" 200 8669 "http://cs.olemiss.edu/cs/index.php" "Mozilla/4.0 (compatible; MSIE 8.0; Windows NT 6.0; Trident/4.0; SLCC1; .NET CLR 2.0.50727; Media Center PC 5.0; .NET CLR 1.1.4322; .NET CLR 3.5.30729; .NET CLR 3.0.30618)"
207.68.243.182 - - [29/Aug/2010:13:37:23 -0500] "GET /~jxue/home.php HTTP/1.1" 200 852 "-" "Mozilla/4.0 (compatible; MSIE 8.0; Windows NT 6.0; Trident/4.0; SLCC1; .NET CLR 2.0.50727; Media Center PC 5.0; .NET CLR 1.1.4322; .NET CLR 3.5.30729; .NET CLR 3.0.30618)"
207.68.243.182 - - [29/Aug/2010:13:37:23 -0500] "GET /~jxue/styles/style.css HTTP/1.1" 200 3668 "http://www.cs.olemiss.edu/~jxue/home.php" "Mozilla/4.0 (compatible; MSIE 8.0; Windows NT 6.0; Trident/4.0; SLCC1; .NET CLR 2.0.50727; Media Center PC 5.0; .NET CLR 1.1.4322; .NET CLR 3.5.30729; .NET CLR 3.0.30618)"
207.68.243.182 - - [29/Aug/2010:13:37:23 -0500] "GET /~jxue/images/oldfaithful.jpg HTTP/1.1" 200 38418 "http://www.cs.olemiss.edu/~jxue/home.php" "Mozilla/4.0 (compatible; MSIE 8.0; Windows NT 6.0; Trident/4.0; SLCC1; .NET CLR 2.0.50727; Media Center PC 5.0; .NET CLR 1.1.4322; .NET CLR 3.5.30729; .NET CLR 3.0.30618)"
207.68.243.182 - - [29/Aug/2010:13:37:50 -0500] "GET /~jxue/teaching.php HTTP/1.1" 200 1513 "http://www.cs.olemiss.edu/~jxue/home.php" "Mozilla/4.0 (compatible; MSIE 8.0; Windows NT 6.0; Trident/4.0; SLCC1; .NET CLR 2.0.50727; Media Center PC 5.0; .NET CLR 1.1.4322; .NET CLR 3.5.30729; .NET CLR 3.0.30618)"
207.46.204.195 - - [29/Aug/2010:13:38:43 -0500] "GET /robots.txt HTTP/1.1" 200 194 "-" "msnbot/2.0b (+http://search.msn.com/msnbot.htm)"
216.119.179.0 - - [29/Aug/2010:13:39:09 -0500] "GET /~cbzickos/cs111/fr_assignments.html HTTP/1.1" 304 - "http://www.cs.olemiss.edu/~cbzickos/cs111/" "Mozilla/5.0 (Macintosh; U; Intel Mac OS X 10_6_4; en-us) AppleWebKit/533.17.8 (KHTML, like Gecko) Version/5.0.1 Safari/533.17.8"
66.249.71.115 - - [29/Aug/2010:13:41:10 -0500] "GET /trac/csci487sp10/browser/bjladner/courseDoc/Design%20Specification.pptx?rev=52&order=size&desc=True HTTP/1.1" 200 8787 "-" "Mozilla/5.0 (compatible; Googlebot/2.1; +http://www.google.com/bot.html)"
66.249.71.56 - - [29/Aug/2010:13:41:32 -0500] "GET /~ychen/publications/conference/chen_icra02.pdf HTTP/1.1" 304 - "-" "Mozilla/5.0 (compatible; Googlebot/2.1; +http://www.google.com/bot.html)"
67.195.37.182 - - [29/Aug/2010:13:42:30 -0500] "GET /courses.html HTTP/1.0" 302 213 "-" "Mozilla/5.0 (compatible; Yahoo! Slurp/3.0; http://help.yahoo.com/help/us/ysearch/slurp)"
66.249.71.115 - - [29/Aug/2010:13:42:39 -0500] "GET /~sbs/download/cs211_Java3/ch02/ex02_06/ HTTP/1.1" 200 851 "-" "Mozilla/5.0 (compatible; Googlebot/2.1; +http://www.google.com/bot.html)"
202.96.51.140 - - [29/Aug/2010:13:42:12 -0500] "GET /~ychen/publications/others/chen_nsf.pdf\r HTTP/1.0" 200 565711 "-" "librabot/2.0 (+http://academic.research.microsoft.com/)"
207.46.13.145 - - [29/Aug/2010:13:45:14 -0500] "GET /~sbs/111summer99/prgguide.html HTTP/1.1" 304 - "-" "msnbot/2.0b (+http://search.msn.com/msnbot.htm)"
207.46.195.226 - - [29/Aug/2010:13:46:16 -0500] "GET /~sbs/211spring2002/txtCh10.html HTTP/1.1" 304 - "-" "msnbot/2.0b (+http://search.msn.com/msnbot.htm)"
66.249.71.115 - - [29/Aug/2010:13:47:40 -0500] "GET /trac/csci487sp10/browser/bjladner?rev=228&order=name&desc=True HTTP/1.1" 200 9427 "-" "Mozilla/5.0 (compatible; Googlebot/2.1; +http://www.google.com/bot.html)"
207.46.199.43 - - [29/Aug/2010:13:48:12 -0500] "GET /~sbs/download/cs305_JavaGlobal/String%20review/Nutshell%20Unicode%20display/ HTTP/1.1" 200 848 "-" "msnbot/2.0b (+http://search.msn.com/msnbot.htm)"
66.249.71.115 - - [29/Aug/2010:13:49:09 -0500] "GET /~sbs/download/cs211_Java3/ch11/fig11_18/ HTTP/1.1" 200 1125 "-" "Mozilla/5.0 (compatible; Googlebot/2.1; +http://www.google.com/bot.html)"
67.195.37.182 - - [29/Aug/2010:13:50:38 -0500] "GET /acmse2010/pdf/alice3.pdf HTTP/1.0" 200 29275 "-" "Mozilla/5.0 (compatible; Yahoo! Slurp/3.0; http://help.yahoo.com/help/us/ysearch/slurp)"
74.205.28.8 - - [29/Aug/2010:13:51:35 -0500] "GET /~sbs/download/cs345_InfoRetrieval/input%20files/alpha.txt HTTP/1.0" 200 192328 "-" "Mozilla/4.0 (compatible; MSIE 7.0; Windows; U; Windows NT 5.1;)"
67.195.37.182 - - [29/Aug/2010:13:52:49 -0500] "GET /~hcc/csci311/notes/01chap/grammars.html HTTP/1.0" 200 6922 "-" "Mozilla/5.0 (compatible; Yahoo! Slurp/3.0; http://help.yahoo.com/help/us/ysearch/slurp)"
67.195.112.34 - - [29/Aug/2010:13:55:32 -0500] "GET /academics/schedules/2010summer.html HTTP/1.0" 200 6043 "-" "Mozilla/5.0 (compatible; Yahoo! Slurp/3.0; http://help.yahoo.com/help/us/ysearch/slurp)"
66.249.71.115 - - [29/Aug/2010:13:55:38 -0500] "GET /~sbs/download/cs211_Java3/ch11/fig11_16/ HTTP/1.1" 200 1304 "-" "Mozilla/5.0 (compatible; Googlebot/2.1; +http://www.google.com/bot.html)"
71.180.177.108 - - [29/Aug/2010:13:57:16 -0500] "GET /~cbzickos/download_files/450/ch3.ppt HTTP/1.1" 200 4940800 "http://www.google.com/search?hl=en&rls=com.microsoft:*&&sa=X&ei=gax6TOP4BoOBlAez2sXsCw&ved=0CBIQvwUoAQ&q=grammar+simple+assignment+statements+parse+trees&spell=1" "Mozilla/4.0 (compatible; MSIE 7.0; Windows NT 6.0; WOW64; SLCC1; .NET CLR 2.0.50727; Media Center PC 5.0; .NET CLR 3.5.30729; .NET CLR 3.0.30618; OfficeLiveConnector.1.5; OfficeLivePatch.1.3; .NET4.0C)"
71.180.177.108 - - [29/Aug/2010:13:57:22 -0500] "OPTIONS /~cbzickos/download_files/450/ HTTP/1.1" 200 - "-" "Microsoft Office Protocol Discovery"
71.180.177.108 - - [29/Aug/2010:13:57:22 -0500] "OPTIONS / HTTP/1.1" 200 - "-" "Microsoft-WebDAV-MiniRedir/6.0.6001"
71.180.177.108 - - [29/Aug/2010:13:57:23 -0500] "PROPFIND / HTTP/1.1" 405 236 "-" "Microsoft-WebDAV-MiniRedir/6.0.6001"
71.180.177.108 - - [29/Aug/2010:13:57:23 -0500] "PROPFIND /~cbzickos HTTP/1.1" 302 220 "-" "Microsoft-WebDAV-MiniRedir/6.0.6001"
71.180.177.108 - - [29/Aug/2010:13:57:23 -0500] "PROPFIND /~cbzickos/ HTTP/1.1" 405 246 "-" "Microsoft-WebDAV-MiniRedir/6.0.6001"
71.180.177.108 - - [29/Aug/2010:13:57:23 -0500] "HEAD /~cbzickos/download_files/450/ch3.ppt HTTP/1.1" 200 - "-" "Microsoft Office Existence Discovery"
66.249.71.56 - - [29/Aug/2010:13:57:59 -0500] "GET /~sbs/tafall99/originals/jingyi.jpg HTTP/1.1" 304 - "-" "Googlebot-Image/1.0"
67.195.37.182 - - [29/Aug/2010:13:58:33 -0500] "GET /csss/20070307-repl.html HTTP/1.0" 200 5365 "-" "Mozilla/5.0 (compatible; Yahoo! Slurp/3.0; http://help.yahoo.com/help/us/ysearch/slurp)"
67.195.37.182 - - [29/Aug/2010:13:58:34 -0500] "GET /main.css HTTP/1.0" 304 - "http://www.cs.olemiss.edu/csss/20070307-repl.html" "Mozilla/5.0 (compatible; Yahoo! Slurp/3.0; http://help.yahoo.com/help/us/ysearch/slurp)"
66.249.71.115 - - [29/Aug/2010:13:59:35 -0500] "GET /trac/csci487sp10/browser/bjladner/Code/tree/index.php?rev=84&order=name&desc=True HTTP/1.1" 200 10818 "-" "Mozilla/5.0 (compatible; Googlebot/2.1; +http://www.google.com/bot.html)"
66.249.71.115 - - [29/Aug/2010:13:59:35 -0500] "GET /trac/csci487sp10/log/bjladner/courseDoc/CAMPUS%20EXCHANGE%20MANUAL.docx?rev=253 HTTP/1.1" 403 4408 "-" "Mozilla/5.0 (compatible; Googlebot/2.1; +http://www.google.com/bot.html)"
66.249.71.115 - - [29/Aug/2010:13:59:36 -0500] "GET /trac/csci487sp10/log/stlyle HTTP/1.1" 403 4408 "-" "Mozilla/5.0 (compatible; Googlebot/2.1; +http://www.google.com/bot.html)"
66.249.71.115 - - [29/Aug/2010:13:59:36 -0500] "GET /trac/csci487sp10/log/dlee2 HTTP/1.1" 403 4408 "-" "Mozilla/5.0 (compatible; Googlebot/2.1; +http://www.google.com/bot.html)"
66.249.71.115 - - [29/Aug/2010:13:59:37 -0500] "GET /trac/csci487sp10/browser/bjladner/Code/tree?rev=142 HTTP/1.1" 200 11617 "-" "Mozilla/5.0 (compatible; Googlebot/2.1; +http://www.google.com/bot.html)"
66.249.71.115 - - [29/Aug/2010:13:59:37 -0500] "GET /trac/csci487sp10/log/jxue HTTP/1.1" 403 4408 "-" "Mozilla/5.0 (compatible; Googlebot/2.1; +http://www.google.com/bot.html)"
66.249.71.115 - - [29/Aug/2010:13:59:38 -0500] "GET /trac/csci487sp10/browser/bjladner?rev=160&order=date&desc=True HTTP/1.1" 200 9455 "-" "Mozilla/5.0 (compatible; Googlebot/2.1; +http://www.google.com/bot.html)"
66.249.71.115 - - [29/Aug/2010:13:59:39 -0500] "GET /trac/csci487sp10/browser/bjladner/courseDoc/License%20Agreement.docx?rev=221&order=date&desc=1 HTTP/1.1" 200 8754 "-" "Mozilla/5.0 (compatible; Googlebot/2.1; +http://www.google.com/bot.html)"
41.26.20.124 - - [29/Aug/2010:14:00:18 -0500] "GET /~cbzickos/download_files/387 HTTP/1.1" 301 264 "-" "Mozilla/4.0 (compatible; MSIE 7.0; Windows NT 5.1; GTB6.5; .NET CLR 1.1.4322; .NET CLR 2.0.50727; .NET CLR 3.0.04506.648; .NET CLR 3.5.21022; .NET CLR 3.0.4506.2152; .NET CLR 3.5.30729; InfoPath.1; WinTSI 15.03.2010)"
41.26.20.124 - - [29/Aug/2010:14:00:19 -0500] "GET /~cbzickos/download_files/387/ HTTP/1.1" 200 1080 "-" "Mozilla/4.0 (compatible; MSIE 7.0; Windows NT 5.1; GTB6.5; .NET CLR 1.1.4322; .NET CLR 2.0.50727; .NET CLR 3.0.04506.648; .NET CLR 3.5.21022; .NET CLR 3.0.4506.2152; .NET CLR 3.5.30729; InfoPath.1; WinTSI 15.03.2010)"
41.26.20.124 - - [29/Aug/2010:14:00:20 -0500] "GET /icons/blank.gif HTTP/1.1" 200 148 "http://www.cs.olemiss.edu/~cbzickos/download_files/387/" "Mozilla/4.0 (compatible; MSIE 7.0; Windows NT 5.1; GTB6.5; .NET CLR 1.1.4322; .NET CLR 2.0.50727; .NET CLR 3.0.04506.648; .NET CLR 3.5.21022; .NET CLR 3.0.4506.2152; .NET CLR 3.5.30729; InfoPath.1; WinTSI 15.03.2010)"
41.26.20.124 - - [29/Aug/2010:14:00:20 -0500] "GET /icons/back.gif HTTP/1.1" 200 216 "http://www.cs.olemiss.edu/~cbzickos/download_files/387/" "Mozilla/4.0 (compatible; MSIE 7.0; Windows NT 5.1; GTB6.5; .NET CLR 1.1.4322; .NET CLR 2.0.50727; .NET CLR 3.0.04506.648; .NET CLR 3.5.21022; .NET CLR 3.0.4506.2152; .NET CLR 3.5.30729; InfoPath.1; WinTSI 15.03.2010)"
41.26.20.124 - - [29/Aug/2010:14:00:21 -0500] "GET /icons/unknown.gif HTTP/1.1" 200 245 "http://www.cs.olemiss.edu/~cbzickos/download_files/387/" "Mozilla/4.0 (compatible; MSIE 7.0; Windows NT 5.1; GTB6.5; .NET CLR 1.1.4322; .NET CLR 2.0.50727; .NET CLR 3.0.04506.648; .NET CLR 3.5.21022; .NET CLR 3.0.4506.2152; .NET CLR 3.5.30729; InfoPath.1; WinTSI 15.03.2010)"
41.26.20.124 - - [29/Aug/2010:14:00:22 -0500] "GET /icons/folder.gif HTTP/1.1" 200 225 "http://www.cs.olemiss.edu/~cbzickos/download_files/387/" "Mozilla/4.0 (compatible; MSIE 7.0; Windows NT 5.1; GTB6.5; .NET CLR 1.1.4322; .NET CLR 2.0.50727; .NET CLR 3.0.04506.648; .NET CLR 3.5.21022; .NET CLR 3.0.4506.2152; .NET CLR 3.5.30729; InfoPath.1; WinTSI 15.03.2010)"
41.26.20.124 - - [29/Aug/2010:14:00:24 -0500] "GET /favicon.ico HTTP/1.1" 200 318 "-" "Mozilla/4.0 (compatible; MSIE 7.0; Windows NT 5.1; GTB6.5; .NET CLR 1.1.4322; .NET CLR 2.0.50727; .NET CLR 3.0.04506.648; .NET CLR 3.5.21022; .NET CLR 3.0.4506.2152; .NET CLR 3.5.30729; InfoPath.1; WinTSI 15.03.2010)"
41.26.20.124 - - [29/Aug/2010:14:00:27 -0500] "GET /~cbzickos/download_files/387/ppts/ HTTP/1.1" 200 3075 "http://www.cs.olemiss.edu/~cbzickos/download_files/387/" "Mozilla/4.0 (compatible; MSIE 7.0; Windows NT 5.1; GTB6.5; .NET CLR 1.1.4322; .NET CLR 2.0.50727; .NET CLR 3.0.04506.648; .NET CLR 3.5.21022; .NET CLR 3.0.4506.2152; .NET CLR 3.5.30729; InfoPath.1; WinTSI 15.03.2010)"
207.46.199.201 - - [29/Aug/2010:14:00:35 -0500] "GET /robots.txt HTTP/1.1" 200 194 "-" "msnbot/2.0b (+http://search.msn.com/msnbot.htm)"
66.249.71.56 - - [29/Aug/2010:14:01:04 -0500] "GET /~ychen/publications/talks/fuzzieee03_a.pdf HTTP/1.1" 304 - "-" "Mozilla/5.0 (compatible; Googlebot/2.1; +http://www.google.com/bot.html)"
38.111.147.86 - - [29/Aug/2010:14:01:23 -0500] "GET /~dwilkins/script/spr06/data/notspam HTTP/1.0" 200 151957 "-" "Mozilla/4.0 (compatible; MSIE 6.0; Windows NT 5.0) -"
66.249.71.115 - - [29/Aug/2010:14:02:07 -0500] "GET /~sbs/download/cs211_Java3/ch11/fig11_06/ HTTP/1.1" 200 857 "-" "Mozilla/5.0 (compatible; Googlebot/2.1; +http://www.google.com/bot.html)"
41.26.20.124 - - [29/Aug/2010:14:01:01 -0500] "GET /~cbzickos/download_files/387/ppts/ch11.ppt HTTP/1.1" 200 15101952 "http://www.cs.olemiss.edu/~cbzickos/download_files/387/ppts/" "Mozilla/4.0 (compatible; MSIE 7.0; Windows NT 5.1; GTB6.5; .NET CLR 1.1.4322; .NET CLR 2.0.50727; .NET CLR 3.0.04506.648; .NET CLR 3.5.21022; .NET CLR 3.0.4506.2152; .NET CLR 3.5.30729; InfoPath.1; WinTSI 15.03.2010)"
202.96.51.143 - - [29/Aug/2010:14:02:40 -0500] "GET /~ychen/publications/conference/church_secon08.pdf\r HTTP/1.0" 200 34752 "-" "librabot/2.0 (+http://academic.research.microsoft.com/)"
41.26.20.124 - - [29/Aug/2010:14:02:31 -0500] "GET /~cbzickos/download_files/387/ppts/ch15.ppt HTTP/1.1" 200 2723328 "http://www.cs.olemiss.edu/~cbzickos/download_files/387/ppts/" "Mozilla/4.0 (compatible; MSIE 7.0; Windows NT 5.1; GTB6.5; .NET CLR 1.1.4322; .NET CLR 2.0.50727; .NET CLR 3.0.04506.648; .NET CLR 3.5.21022; .NET CLR 3.0.4506.2152; .NET CLR 3.5.30729; InfoPath.1; WinTSI 15.03.2010)"
66.249.71.115 - - [29/Aug/2010:14:02:51 -0500] "GET /trac/csci487sp10/log/bjladner/courseDoc/bibliography.docx?rev=169 HTTP/1.1" 403 4408 "-" "Mozilla/5.0 (compatible; Googlebot/2.1; +http://www.google.com/bot.html)"
41.26.20.124 - - [29/Aug/2010:14:02:19 -0500] "GET /~cbzickos/download_files/387/ppts/ch10.ppt HTTP/1.1" 200 10033152 "http://www.cs.olemiss.edu/~cbzickos/download_files/387/ppts/" "Mozilla/4.0 (compatible; MSIE 7.0; Windows NT 5.1; GTB6.5; .NET CLR 1.1.4322; .NET CLR 2.0.50727; .NET CLR 3.0.04506.648; .NET CLR 3.5.21022; .NET CLR 3.0.4506.2152; .NET CLR 3.5.30729; InfoPath.1; WinTSI 15.03.2010)"
41.26.20.124 - - [29/Aug/2010:14:02:58 -0500] "GET /~cbzickos/download_files/387/ppts/ch12.ppt HTTP/1.1" 200 4170752 "http://www.cs.olemiss.edu/~cbzickos/download_files/387/ppts/" "Mozilla/4.0 (compatible; MSIE 7.0; Windows NT 5.1; GTB6.5; .NET CLR 1.1.4322; .NET CLR 2.0.50727; .NET CLR 3.0.04506.648; .NET CLR 3.5.21022; .NET CLR 3.0.4506.2152; .NET CLR 3.5.30729; InfoPath.1; WinTSI 15.03.2010)"
41.26.20.124 - - [29/Aug/2010:14:03:26 -0500] "GET /~cbzickos/download_files/387/ppts/ch13.ppt HTTP/1.1" 200 3725824 "http://www.cs.olemiss.edu/~cbzickos/download_files/387/ppts/" "Mozilla/4.0 (compatible; MSIE 7.0; Windows NT 5.1; GTB6.5; .NET CLR 1.1.4322; .NET CLR 2.0.50727; .NET CLR 3.0.04506.648; .NET CLR 3.5.21022; .NET CLR 3.0.4506.2152; .NET CLR 3.5.30729; InfoPath.1; WinTSI 15.03.2010)"
202.96.51.156 - - [29/Aug/2010:14:03:42 -0500] "GET /~ychen/publications/conference/church_secon08.pdf\r HTTP/1.0" 200 39856 "-" "librabot/2.0 (+http://academic.research.microsoft.com/)"
41.26.20.124 - - [29/Aug/2010:14:03:49 -0500] "GET /~cbzickos/download_files/387/ppts/ch14.ppt HTTP/1.1" 200 520192 "http://www.cs.olemiss.edu/~cbzickos/download_files/387/ppts/" "Mozilla/4.0 (compatible; MSIE 7.0; Windows NT 5.1; GTB6.5; .NET CLR 1.1.4322; .NET CLR 2.0.50727; .NET CLR 3.0.04506.648; .NET CLR 3.5.21022; .NET CLR 3.0.4506.2152; .NET CLR 3.5.30729; InfoPath.1; WinTSI 15.03.2010)"
92.253.15.85 - - [29/Aug/2010:14:04:04 -0500] "GET / HTTP/1.1" 302 218 "http://www.engineering.olemiss.edu/" "Mozilla/5.0 (Windows; U; Windows NT 5.1; en-US) AppleWebKit/534.3 (KHTML, like Gecko) Chrome/6.0.472.22 Safari/534.3"
92.253.15.85 - - [29/Aug/2010:14:04:05 -0500] "GET /cs/index.php HTTP/1.1" 200 9251 "http://www.engineering.olemiss.edu/" "Mozilla/5.0 (Windows; U; Windows NT 5.1; en-US) AppleWebKit/534.3 (KHTML, like Gecko) Chrome/6.0.472.22 Safari/534.3"
92.253.15.85 - - [29/Aug/2010:14:04:09 -0500] "GET /cs/css/main.css HTTP/1.1" 200 7436 "http://cs.olemiss.edu/cs/index.php" "Mozilla/5.0 (Windows; U; Windows NT 5.1; en-US) AppleWebKit/534.3 (KHTML, like Gecko) Chrome/6.0.472.22 Safari/534.3"
92.253.15.85 - - [29/Aug/2010:14:04:09 -0500] "GET /cs/css/xfade2_o.css HTTP/1.1" 200 537 "http://cs.olemiss.edu/cs/index.php" "Mozilla/5.0 (Windows; U; Windows NT 5.1; en-US) AppleWebKit/534.3 (KHTML, like Gecko) Chrome/6.0.472.22 Safari/534.3"
92.253.15.85 - - [29/Aug/2010:14:04:10 -0500] "GET /cs/css/dropdown/dd/advanced.css HTTP/1.1" 200 1030 "http://cs.olemiss.edu/cs/index.php" "Mozilla/5.0 (Windows; U; Windows NT 5.1; en-US) AppleWebKit/534.3 (KHTML, like Gecko) Chrome/6.0.472.22 Safari/534.3"
92.253.15.85 - - [29/Aug/2010:14:04:10 -0500] "GET /cs/css/dropdown/dropdown.css HTTP/1.1" 200 1457 "http://cs.olemiss.edu/cs/index.php" "Mozilla/5.0 (Windows; U; Windows NT 5.1; en-US) AppleWebKit/534.3 (KHTML, like Gecko) Chrome/6.0.472.22 Safari/534.3"
92.253.15.85 - - [29/Aug/2010:14:04:10 -0500] "GET /cs/js/xfade2a.js HTTP/1.1" 200 1745 "http://cs.olemiss.edu/cs/index.php" "Mozilla/5.0 (Windows; U; Windows NT 5.1; en-US) AppleWebKit/534.3 (KHTML, like Gecko) Chrome/6.0.472.22 Safari/534.3"
92.253.15.85 - - [29/Aug/2010:14:04:10 -0500] "GET /cs/js/xfade2.js HTTP/1.1" 200 1701 "http://cs.olemiss.edu/cs/index.php" "Mozilla/5.0 (Windows; U; Windows NT 5.1; en-US) AppleWebKit/534.3 (KHTML, like Gecko) Chrome/6.0.472.22 Safari/534.3"
92.253.15.85 - - [29/Aug/2010:14:04:10 -0500] "GET /cs/css/dropdown/dd/default.css HTTP/1.1" 200 2720 "http://cs.olemiss.edu/cs/index.php" "Mozilla/5.0 (Windows; U; Windows NT 5.1; en-US) AppleWebKit/534.3 (KHTML, like Gecko) Chrome/6.0.472.22 Safari/534.3"
41.26.20.124 - - [29/Aug/2010:14:04:10 -0500] "GET /~cbzickos/download_files/387/ HTTP/1.1" 200 1080 "http://www.cs.olemiss.edu/~cbzickos/download_files/387/ppts/" "Mozilla/4.0 (compatible; MSIE 7.0; Windows NT 5.1; GTB6.5; .NET CLR 1.1.4322; .NET CLR 2.0.50727; .NET CLR 3.0.04506.648; .NET CLR 3.5.21022; .NET CLR 3.0.4506.2152; .NET CLR 3.5.30729; InfoPath.1; WinTSI 15.03.2010)"
41.26.20.124 - - [29/Aug/2010:14:04:11 -0500] "GET /icons/blank.gif HTTP/1.1" 304 - "http://www.cs.olemiss.edu/~cbzickos/download_files/387/" "Mozilla/4.0 (compatible; MSIE 7.0; Windows NT 5.1; GTB6.5; .NET CLR 1.1.4322; .NET CLR 2.0.50727; .NET CLR 3.0.04506.648; .NET CLR 3.5.21022; .NET CLR 3.0.4506.2152; .NET CLR 3.5.30729; InfoPath.1; WinTSI 15.03.2010)"
41.26.20.124 - - [29/Aug/2010:14:04:11 -0500] "GET /icons/back.gif HTTP/1.1" 304 - "http://www.cs.olemiss.edu/~cbzickos/download_files/387/" "Mozilla/4.0 (compatible; MSIE 7.0; Windows NT 5.1; GTB6.5; .NET CLR 1.1.4322; .NET CLR 2.0.50727; .NET CLR 3.0.04506.648; .NET CLR 3.5.21022; .NET CLR 3.0.4506.2152; .NET CLR 3.5.30729; InfoPath.1; WinTSI 15.03.2010)"
41.26.20.124 - - [29/Aug/2010:14:04:12 -0500] "GET /icons/unknown.gif HTTP/1.1" 304 - "http://www.cs.olemiss.edu/~cbzickos/download_files/387/" "Mozilla/4.0 (compatible; MSIE 7.0; Windows NT 5.1; GTB6.5; .NET CLR 1.1.4322; .NET CLR 2.0.50727; .NET CLR 3.0.04506.648; .NET CLR 3.5.21022; .NET CLR 3.0.4506.2152; .NET CLR 3.5.30729; InfoPath.1; WinTSI 15.03.2010)"
41.26.20.124 - - [29/Aug/2010:14:04:12 -0500] "GET /icons/folder.gif HTTP/1.1" 304 - "http://www.cs.olemiss.edu/~cbzickos/download_files/387/" "Mozilla/4.0 (compatible; MSIE 7.0; Windows NT 5.1; GTB6.5; .NET CLR 1.1.4322; .NET CLR 2.0.50727; .NET CLR 3.0.04506.648; .NET CLR 3.5.21022; .NET CLR 3.0.4506.2152; .NET CLR 3.5.30729; InfoPath.1; WinTSI 15.03.2010)"
41.26.20.124 - - [29/Aug/2010:14:04:16 -0500] "GET /~cbzickos/download_files/387/papers/ HTTP/1.1" 200 1302 "http://www.cs.olemiss.edu/~cbzickos/download_files/387/" "Mozilla/4.0 (compatible; MSIE 7.0; Windows NT 5.1; GTB6.5; .NET CLR 1.1.4322; .NET CLR 2.0.50727; .NET CLR 3.0.04506.648; .NET CLR 3.5.21022; .NET CLR 3.0.4506.2152; .NET CLR 3.5.30729; InfoPath.1; WinTSI 15.03.2010)"
41.26.20.124 - - [29/Aug/2010:14:04:17 -0500] "GET /icons/layout.gif HTTP/1.1" 200 276 "http://www.cs.olemiss.edu/~cbzickos/download_files/387/papers/" "Mozilla/4.0 (compatible; MSIE 7.0; Windows NT 5.1; GTB6.5; .NET CLR 1.1.4322; .NET CLR 2.0.50727; .NET CLR 3.0.04506.648; .NET CLR 3.5.21022; .NET CLR 3.0.4506.2152; .NET CLR 3.5.30729; InfoPath.1; WinTSI 15.03.2010)"
41.26.20.124 - - [29/Aug/2010:14:04:48 -0500] "GET /~cbzickos/download_files/387/ HTTP/1.1" 200 1080 "http://www.cs.olemiss.edu/~cbzickos/download_files/387/papers/" "Mozilla/4.0 (compatible; MSIE 7.0; Windows NT 5.1; GTB6.5; .NET CLR 1.1.4322; .NET CLR 2.0.50727; .NET CLR 3.0.04506.648; .NET CLR 3.5.21022; .NET CLR 3.0.4506.2152; .NET CLR 3.5.30729; InfoPath.1; WinTSI 15.03.2010)"
41.26.20.124 - - [29/Aug/2010:14:04:52 -0500] "GET /~cbzickos/download_files/387/CaseStudy/ HTTP/1.1" 200 948 "http://www.cs.olemiss.edu/~cbzickos/download_files/387/" "Mozilla/4.0 (compatible; MSIE 7.0; Windows NT 5.1; GTB6.5; .NET CLR 1.1.4322; .NET CLR 2.0.50727; .NET CLR 3.0.04506.648; .NET CLR 3.5.21022; .NET CLR 3.0.4506.2152; .NET CLR 3.5.30729; InfoPath.1; WinTSI 15.03.2010)"
41.26.20.124 - - [29/Aug/2010:14:04:53 -0500] "GET /icons/compressed.gif HTTP/1.1" 200 1038 "http://www.cs.olemiss.edu/~cbzickos/download_files/387/CaseStudy/" "Mozilla/4.0 (compatible; MSIE 7.0; Windows NT 5.1; GTB6.5; .NET CLR 1.1.4322; .NET CLR 2.0.50727; .NET CLR 3.0.04506.648; .NET CLR 3.5.21022; .NET CLR 3.0.4506.2152; .NET CLR 3.5.30729; InfoPath.1; WinTSI 15.03.2010)"
41.26.20.124 - - [29/Aug/2010:14:04:59 -0500] "GET /~cbzickos/download_files/387/ HTTP/1.1" 200 1080 "http://www.cs.olemiss.edu/~cbzickos/download_files/387/CaseStudy/" "Mozilla/4.0 (compatible; MSIE 7.0; Windows NT 5.1; GTB6.5; .NET CLR 1.1.4322; .NET CLR 2.0.50727; .NET CLR 3.0.04506.648; .NET CLR 3.5.21022; .NET CLR 3.0.4506.2152; .NET CLR 3.5.30729; InfoPath.1; WinTSI 15.03.2010)"
41.26.20.124 - - [29/Aug/2010:14:05:09 -0500] "GET /~cbzickos/download_files/ HTTP/1.1" 200 1416 "http://www.cs.olemiss.edu/~cbzickos/download_files/387/" "Mozilla/4.0 (compatible; MSIE 7.0; Windows NT 5.1; GTB6.5; .NET CLR 1.1.4322; .NET CLR 2.0.50727; .NET CLR 3.0.04506.648; .NET CLR 3.5.21022; .NET CLR 3.0.4506.2152; .NET CLR 3.5.30729; InfoPath.1; WinTSI 15.03.2010)"
41.26.20.124 - - [29/Aug/2010:14:05:16 -0500] "GET /~cbzickos/download_files/450/ HTTP/1.1" 200 2582 "http://www.cs.olemiss.edu/~cbzickos/download_files/" "Mozilla/4.0 (compatible; MSIE 7.0; Windows NT 5.1; GTB6.5; .NET CLR 1.1.4322; .NET CLR 2.0.50727; .NET CLR 3.0.04506.648; .NET CLR 3.5.21022; .NET CLR 3.0.4506.2152; .NET CLR 3.5.30729; InfoPath.1; WinTSI 15.03.2010)"
41.26.20.124 - - [29/Aug/2010:14:05:23 -0500] "GET /~cbzickos/download_files/ HTTP/1.1" 200 1416 "http://www.cs.olemiss.edu/~cbzickos/download_files/450/" "Mozilla/4.0 (compatible; MSIE 7.0; Windows NT 5.1; GTB6.5; .NET CLR 1.1.4322; .NET CLR 2.0.50727; .NET CLR 3.0.04506.648; .NET CLR 3.5.21022; .NET CLR 3.0.4506.2152; .NET CLR 3.5.30729; InfoPath.1; WinTSI 15.03.2010)"
207.46.194.73 - - [29/Aug/2010:14:05:31 -0500] "GET /robots.txt HTTP/1.1" 200 194 "-" "msnbot-media/1.1 (+http://search.msn.com/msnbot.htm)"
207.46.194.73 - - [29/Aug/2010:14:05:31 -0500] "GET /~sbs/Weir205/webcam28_thumb.jpg HTTP/1.1" 200 3204 "-" "msnbot-media/1.1 (+http://search.msn.com/msnbot.htm)"
41.26.20.124 - - [29/Aug/2010:14:05:31 -0500] "GET /~cbzickos/ HTTP/1.1" 200 514 "http://www.cs.olemiss.edu/~cbzickos/download_files/" "Mozilla/4.0 (compatible; MSIE 7.0; Windows NT 5.1; GTB6.5; .NET CLR 1.1.4322; .NET CLR 2.0.50727; .NET CLR 3.0.04506.648; .NET CLR 3.5.21022; .NET CLR 3.0.4506.2152; .NET CLR 3.5.30729; InfoPath.1; WinTSI 15.03.2010)"
41.26.20.124 - - [29/Aug/2010:14:05:32 -0500] "GET /~cbzickos/topBar.html HTTP/1.1" 200 343 "http://www.cs.olemiss.edu/~cbzickos/" "Mozilla/4.0 (compatible; MSIE 7.0; Windows NT 5.1; GTB6.5; .NET CLR 1.1.4322; .NET CLR 2.0.50727; .NET CLR 3.0.04506.648; .NET CLR 3.5.21022; .NET CLR 3.0.4506.2152; .NET CLR 3.5.30729; InfoPath.1; WinTSI 15.03.2010)"
41.26.20.124 - - [29/Aug/2010:14:05:32 -0500] "GET /~cbzickos/sideBar.html HTTP/1.1" 200 2487 "http://www.cs.olemiss.edu/~cbzickos/" "Mozilla/4.0 (compatible; MSIE 7.0; Windows NT 5.1; GTB6.5; .NET CLR 1.1.4322; .NET CLR 2.0.50727; .NET CLR 3.0.04506.648; .NET CLR 3.5.21022; .NET CLR 3.0.4506.2152; .NET CLR 3.5.30729; InfoPath.1; WinTSI 15.03.2010)"
41.26.20.124 - - [29/Aug/2010:14:05:33 -0500] "GET /~cbzickos/mainPage.html HTTP/1.1" 200 1854 "http://www.cs.olemiss.edu/~cbzickos/" "Mozilla/4.0 (compatible; MSIE 7.0; Windows NT 5.1; GTB6.5; .NET CLR 1.1.4322; .NET CLR 2.0.50727; .NET CLR 3.0.04506.648; .NET CLR 3.5.21022; .NET CLR 3.0.4506.2152; .NET CLR 3.5.30729; InfoPath.1; WinTSI 15.03.2010)"
41.26.20.124 - - [29/Aug/2010:14:05:33 -0500] "GET /~cbzickos/openbook.gif HTTP/1.1" 200 577 "http://cs.olemiss.edu/~cbzickos/sideBar.html" "Mozilla/4.0 (compatible; MSIE 7.0; Windows NT 5.1; GTB6.5; .NET CLR 1.1.4322; .NET CLR 2.0.50727; .NET CLR 3.0.04506.648; .NET CLR 3.5.21022; .NET CLR 3.0.4506.2152; .NET CLR 3.5.30729; InfoPath.1; WinTSI 15.03.2010)"
92.253.15.85 - - [29/Aug/2010:14:05:34 -0500] "GET /favicon.ico HTTP/1.1" 200 318 "-" "Mozilla/5.0 (Windows; U; Windows NT 5.1; en-US) AppleWebKit/534.3 (KHTML, like Gecko) Chrome/6.0.472.22 Safari/534.3"
41.26.20.124 - - [29/Aug/2010:14:05:34 -0500] "GET /~cbzickos/courseMenu.gif HTTP/1.1" 200 4222 "http://cs.olemiss.edu/~cbzickos/sideBar.html" "Mozilla/4.0 (compatible; MSIE 7.0; Windows NT 5.1; GTB6.5; .NET CLR 1.1.4322; .NET CLR 2.0.50727; .NET CLR 3.0.04506.648; .NET CLR 3.5.21022; .NET CLR 3.0.4506.2152; .NET CLR 3.5.30729; InfoPath.1; WinTSI 15.03.2010)"
92.253.15.85 - - [29/Aug/2010:14:05:34 -0500] "GET /cs/index.php HTTP/1.1" 200 9251 "http://www.engineering.olemiss.edu/" "Mozilla/5.0 (Windows; U; Windows NT 5.1; en-US) AppleWebKit/534.3 (KHTML, like Gecko) Chrome/6.0.472.22 Safari/534.3"
92.253.15.85 - - [29/Aug/2010:14:05:35 -0500] "GET /cs/css/main.css HTTP/1.1" 304 - "http://cs.olemiss.edu/cs/index.php" "Mozilla/5.0 (Windows; U; Windows NT 5.1; en-US) AppleWebKit/534.3 (KHTML, like Gecko) Chrome/6.0.472.22 Safari/534.3"
92.253.15.85 - - [29/Aug/2010:14:05:35 -0500] "GET /cs/css/xfade2_o.css HTTP/1.1" 304 - "http://cs.olemiss.edu/cs/index.php" "Mozilla/5.0 (Windows; U; Windows NT 5.1; en-US) AppleWebKit/534.3 (KHTML, like Gecko) Chrome/6.0.472.22 Safari/534.3"
41.26.20.124 - - [29/Aug/2010:14:05:35 -0500] "GET /~cbzickos/blueline.gif HTTP/1.1" 200 1878 "http://cs.olemiss.edu/~cbzickos/mainPage.html" "Mozilla/4.0 (compatible; MSIE 7.0; Windows NT 5.1; GTB6.5; .NET CLR 1.1.4322; .NET CLR 2.0.50727; .NET CLR 3.0.04506.648; .NET CLR 3.5.21022; .NET CLR 3.0.4506.2152; .NET CLR 3.5.30729; InfoPath.1; WinTSI 15.03.2010)"
92.253.15.85 - - [29/Aug/2010:14:05:35 -0500] "GET /cs/css/dropdown/dropdown.css HTTP/1.1" 304 - "http://cs.olemiss.edu/cs/index.php" "Mozilla/5.0 (Windows; U; Windows NT 5.1; en-US) AppleWebKit/534.3 (KHTML, like Gecko) Chrome/6.0.472.22 Safari/534.3"
92.253.15.85 - - [29/Aug/2010:14:05:35 -0500] "GET /cs/css/dropdown/dd/advanced.css HTTP/1.1" 304 - "http://cs.olemiss.edu/cs/index.php" "Mozilla/5.0 (Windows; U; Windows NT 5.1; en-US) AppleWebKit/534.3 (KHTML, like Gecko) Chrome/6.0.472.22 Safari/534.3"
92.253.15.85 - - [29/Aug/2010:14:05:35 -0500] "GET /cs/js/xfade2.js HTTP/1.1" 304 - "http://cs.olemiss.edu/cs/index.php" "Mozilla/5.0 (Windows; U; Windows NT 5.1; en-US) AppleWebKit/534.3 (KHTML, like Gecko) Chrome/6.0.472.22 Safari/534.3"
92.253.15.85 - - [29/Aug/2010:14:05:36 -0500] "GET /cs/css/dropdown/dd/default.css HTTP/1.1" 200 2720 "http://cs.olemiss.edu/cs/index.php" "Mozilla/5.0 (Windows; U; Windows NT 5.1; en-US) AppleWebKit/534.3 (KHTML, like Gecko) Chrome/6.0.472.22 Safari/534.3"
41.26.20.124 - - [29/Aug/2010:14:05:36 -0500] "GET /~cbzickos/intro.mid HTTP/1.1" 404 217 "http://cs.olemiss.edu/~cbzickos/topBar.html" "Mozilla/4.0 (compatible; MSIE 7.0; Windows NT 5.1; GTB6.5; .NET CLR 1.1.4322; .NET CLR 2.0.50727; .NET CLR 3.0.04506.648; .NET CLR 3.5.21022; .NET CLR 3.0.4506.2152; .NET CLR 3.5.30729; InfoPath.1; WinTSI 15.03.2010)"
92.253.15.85 - - [29/Aug/2010:14:05:37 -0500] "GET /cs/images/back_bar3.png HTTP/1.1" 200 535 "http://cs.olemiss.edu/cs/index.php" "Mozilla/5.0 (Windows; U; Windows NT 5.1; en-US) AppleWebKit/534.3 (KHTML, like Gecko) Chrome/6.0.472.22 Safari/534.3"
92.253.15.85 - - [29/Aug/2010:14:05:37 -0500] "GET /cs/images/trans.gif HTTP/1.1" 200 456 "http://cs.olemiss.edu/cs/index.php" "Mozilla/5.0 (Windows; U; Windows NT 5.1; en-US) AppleWebKit/534.3 (KHTML, like Gecko) Chrome/6.0.472.22 Safari/534.3"
92.253.15.85 - - [29/Aug/2010:14:05:37 -0500] "GET /cs/css/dropdown/dd/images/dropdown_pane.png HTTP/1.1" 200 4980 "http://cs.olemiss.edu/cs/index.php" "Mozilla/5.0 (Windows; U; Windows NT 5.1; en-US) AppleWebKit/534.3 (KHTML, like Gecko) Chrome/6.0.472.22 Safari/534.3"
41.26.20.124 - - [29/Aug/2010:14:05:34 -0500] "GET /~cbzickos/Pic.jpg HTTP/1.1" 200 106925 "http://cs.olemiss.edu/~cbzickos/mainPage.html" "Mozilla/4.0 (compatible; MSIE 7.0; Windows NT 5.1; GTB6.5; .NET CLR 1.1.4322; .NET CLR 2.0.50727; .NET CLR 3.0.04506.648; .NET CLR 3.5.21022; .NET CLR 3.0.4506.2152; .NET CLR 3.5.30729; InfoPath.1; WinTSI 15.03.2010)"
41.26.20.124 - - [29/Aug/2010:14:05:37 -0500] "GET /~cbzickos/weir.jpg HTTP/1.1" 200 36880 "http://cs.olemiss.edu/~cbzickos/mainPage.html" "Mozilla/4.0 (compatible; MSIE 7.0; Windows NT 5.1; GTB6.5; .NET CLR 1.1.4322; .NET CLR 2.0.50727; .NET CLR 3.0.04506.648; .NET CLR 3.5.21022; .NET CLR 3.0.4506.2152; .NET CLR 3.5.30729; InfoPath.1; WinTSI 15.03.2010)"
92.253.15.85 - - [29/Aug/2010:14:05:37 -0500] "GET /cs/images/fb.png HTTP/1.1" 200 1147 "http://cs.olemiss.edu/cs/index.php" "Mozilla/5.0 (Windows; U; Windows NT 5.1; en-US) AppleWebKit/534.3 (KHTML, like Gecko) Chrome/6.0.472.22 Safari/534.3"
92.253.15.85 - - [29/Aug/2010:14:05:37 -0500] "GET /cs/images/rss.png HTTP/1.1" 200 1342 "http://cs.olemiss.edu/cs/index.php" "Mozilla/5.0 (Windows; U; Windows NT 5.1; en-US) AppleWebKit/534.3 (KHTML, like Gecko) Chrome/6.0.472.22 Safari/534.3"
92.253.15.85 - - [29/Aug/2010:14:05:38 -0500] "GET /cs/images/twitter.png HTTP/1.1" 200 1266 "http://cs.olemiss.edu/cs/index.php" "Mozilla/5.0 (Windows; U; Windows NT 5.1; en-US) AppleWebKit/534.3 (KHTML, like Gecko) Chrome/6.0.472.22 Safari/534.3"
41.26.20.124 - - [29/Aug/2010:14:05:38 -0500] "GET /~cbzickos/recycle.gif HTTP/1.1" 200 4939 "http://cs.olemiss.edu/~cbzickos/mainPage.html" "Mozilla/4.0 (compatible; MSIE 7.0; Windows NT 5.1; GTB6.5; .NET CLR 1.1.4322; .NET CLR 2.0.50727; .NET CLR 3.0.04506.648; .NET CLR 3.5.21022; .NET CLR 3.0.4506.2152; .NET CLR 3.5.30729; InfoPath.1; WinTSI 15.03.2010)"
92.253.15.85 - - [29/Aug/2010:14:05:39 -0500] "GET /cs/images/flickr.png HTTP/1.1" 200 1208 "http://cs.olemiss.edu/cs/index.php" "Mozilla/5.0 (Windows; U; Windows NT 5.1; en-US) AppleWebKit/534.3 (KHTML, like Gecko) Chrome/6.0.472.22 Safari/534.3"
92.253.15.85 - - [29/Aug/2010:14:05:39 -0500] "GET /cs/images/contact.png HTTP/1.1" 200 2236 "http://cs.olemiss.edu/cs/index.php" "Mozilla/5.0 (Windows; U; Windows NT 5.1; en-US) AppleWebKit/534.3 (KHTML, like Gecko) Chrome/6.0.472.22 Safari/534.3"
92.253.15.85 - - [29/Aug/2010:14:05:40 -0500] "GET /cs/images/course.png HTTP/1.1" 200 4785 "http://cs.olemiss.edu/cs/index.php" "Mozilla/5.0 (Windows; U; Windows NT 5.1; en-US) AppleWebKit/534.3 (KHTML, like Gecko) Chrome/6.0.472.22 Safari/534.3"
92.253.15.85 - - [29/Aug/2010:14:05:42 -0500] "GET /cs/images/calendar.jpg HTTP/1.1" 200 6152 "http://cs.olemiss.edu/cs/index.php" "Mozilla/5.0 (Windows; U; Windows NT 5.1; en-US) AppleWebKit/534.3 (KHTML, like Gecko) Chrome/6.0.472.22 Safari/534.3"
67.195.37.182 - - [29/Aug/2010:14:05:49 -0500] "GET /~dwilkins/CSCI112/spr10/lab3.html HTTP/1.0" 200 4274 "-" "Mozilla/5.0 (compatible; Yahoo! Slurp/3.0; http://help.yahoo.com/help/us/ysearch/slurp)"
67.195.37.182 - - [29/Aug/2010:14:06:42 -0500] "GET /abet/CSCI_490_Desc_Python_2008_06_16.pdf HTTP/1.0" 200 10623 "-" "Mozilla/5.0 (compatible; Yahoo! Slurp/3.0; http://help.yahoo.com/help/us/ysearch/slurp)"
202.96.51.139 - - [29/Aug/2010:14:06:45 -0500] "GET /~hcc/papers/BinTreeFramework.pdf\r HTTP/1.0" 200 98761 "-" "librabot/2.0 (+http://academic.research.microsoft.com/)"
130.74.206.66 - - [29/Aug/2010:14:06:49 -0500] "GET /academics/schedules/2010fall.html HTTP/1.1" 304 - "http://cs.olemiss.edu/" "Mozilla/5.0 (Windows; U; Windows NT 6.1; en-US) AppleWebKit/533.4 (KHTML, like Gecko) Chrome/5.0.375.127 Safari/533.4"
66.249.71.115 - - [29/Aug/2010:14:07:12 -0500] "GET /trac/csci487sp10/browser/bjladner/Code/tree/system/classes/controller/Request.php?rev=315&order=date HTTP/1.1" 200 13379 "-" "Mozilla/5.0 (compatible; Googlebot/2.1; +http://www.google.com/bot.html)"
41.26.20.124 - - [29/Aug/2010:14:07:24 -0500] "GET /~cbzickos/download_files/387/ppts/ HTTP/1.1" 200 3075 "http://home.olemiss.edu/~cbzickos/cs387/fr_assignments.html" "Mozilla/4.0 (compatible; MSIE 7.0; Windows NT 5.1; GTB6.5; .NET CLR 1.1.4322; .NET CLR 2.0.50727; .NET CLR 3.0.04506.648; .NET CLR 3.5.21022; .NET CLR 3.0.4506.2152; .NET CLR 3.5.30729; InfoPath.1; WinTSI 15.03.2010)"
41.26.20.124 - - [29/Aug/2010:14:07:34 -0500] "GET /~cbzickos/download_files/387/papers/ HTTP/1.1" 200 1302 "http://home.olemiss.edu/~cbzickos/cs387/fr_assignments.html" "Mozilla/4.0 (compatible; MSIE 7.0; Windows NT 5.1; GTB6.5; .NET CLR 1.1.4322; .NET CLR 2.0.50727; .NET CLR 3.0.04506.648; .NET CLR 3.5.21022; .NET CLR 3.0.4506.2152; .NET CLR 3.5.30729; InfoPath.1; WinTSI 15.03.2010)"
92.253.15.85 - - [29/Aug/2010:14:05:37 -0500] "GET /cs/images/back_bar1.png HTTP/1.1" 200 67159 "http://cs.olemiss.edu/cs/index.php" "Mozilla/5.0 (Windows; U; Windows NT 5.1; en-US) AppleWebKit/534.3 (KHTML, like Gecko) Chrome/6.0.472.22 Safari/534.3"
92.253.15.85 - - [29/Aug/2010:14:05:37 -0500] "GET /cs/banner/photo2.jpg HTTP/1.1" 200 93808 "http://cs.olemiss.edu/cs/index.php" "Mozilla/5.0 (Windows; U; Windows NT 5.1; en-US) AppleWebKit/534.3 (KHTML, like Gecko) Chrome/6.0.472.22 Safari/534.3"
92.253.15.85 - - [29/Aug/2010:14:05:37 -0500] "GET /cs/banner/ban03.jpg HTTP/1.1" 200 39127 "http://cs.olemiss.edu/cs/index.php" "Mozilla/5.0 (Windows; U; Windows NT 5.1; en-US) AppleWebKit/534.3 (KHTML, like Gecko) Chrome/6.0.472.22 Safari/534.3"
41.26.20.124 - - [29/Aug/2010:14:07:40 -0500] "GET /~cbzickos/download_files/387/CaseStudy/ HTTP/1.1" 200 948 "http://home.olemiss.edu/~cbzickos/cs387/fr_assignments.html" "Mozilla/4.0 (compatible; MSIE 7.0; Windows NT 5.1; GTB6.5; .NET CLR 1.1.4322; .NET CLR 2.0.50727; .NET CLR 3.0.04506.648; .NET CLR 3.5.21022; .NET CLR 3.0.4506.2152; .NET CLR 3.5.30729; InfoPath.1; WinTSI 15.03.2010)"
92.253.15.85 - - [29/Aug/2010:14:05:37 -0500] "GET /cs/banner/photo1.jpg HTTP/1.1" 200 81644 "http://cs.olemiss.edu/cs/index.php" "Mozilla/5.0 (Windows; U; Windows NT 5.1; en-US) AppleWebKit/534.3 (KHTML, like Gecko) Chrome/6.0.472.22 Safari/534.3"
66.249.71.56 - - [29/Aug/2010:14:08:36 -0500] "GET /~sbs/211spring2001/sched01.html HTTP/1.1" 304 - "-" "Mozilla/5.0 (compatible; Googlebot/2.1; +http://www.google.com/bot.html)"
92.253.15.85 - - [29/Aug/2010:14:10:37 -0500] "GET /cs/index.php HTTP/1.1" 200 9251 "-" "Mozilla/5.0 (Windows; U; Windows NT 5.1; en-US) AppleWebKit/534.3 (KHTML, like Gecko) Chrome/6.0.472.22 Safari/534.3"
92.253.15.85 - - [29/Aug/2010:14:10:40 -0500] "GET /cs/banner/ban03.jpg HTTP/1.1" 200 39127 "http://cs.olemiss.edu/cs/index.php" "Mozilla/5.0 (Windows; U; Windows NT 5.1; en-US) AppleWebKit/534.3 (KHTML, like Gecko) Chrome/6.0.472.22 Safari/534.3"
92.253.15.85 - - [29/Aug/2010:14:10:40 -0500] "GET /cs/banner/photo1.jpg HTTP/1.1" 200 81644 "http://cs.olemiss.edu/cs/index.php" "Mozilla/5.0 (Windows; U; Windows NT 5.1; en-US) AppleWebKit/534.3 (KHTML, like Gecko) Chrome/6.0.472.22 Safari/534.3"
92.253.15.85 - - [29/Aug/2010:14:11:33 -0500] "GET /academics/degrees/phd.html HTTP/1.1" 200 15634 "http://cs.olemiss.edu/cs/index.php" "Mozilla/5.0 (Windows; U; Windows NT 5.1; en-US) AppleWebKit/534.3 (KHTML, like Gecko) Chrome/6.0.472.22 Safari/534.3"
92.253.15.85 - - [29/Aug/2010:14:11:35 -0500] "GET /main.css HTTP/1.1" 200 1362 "http://www.cs.olemiss.edu/academics/degrees/phd.html" "Mozilla/5.0 (Windows; U; Windows NT 5.1; en-US) AppleWebKit/534.3 (KHTML, like Gecko) Chrome/6.0.472.22 Safari/534.3"
92.253.15.85 - - [29/Aug/2010:14:11:36 -0500] "GET /images//header.png HTTP/1.1" 200 44168 "http://www.cs.olemiss.edu/academics/degrees/phd.html" "Mozilla/5.0 (Windows; U; Windows NT 5.1; en-US) AppleWebKit/534.3 (KHTML, like Gecko) Chrome/6.0.472.22 Safari/534.3"
92.253.15.85 - - [29/Aug/2010:14:11:40 -0500] "GET /favicon.ico HTTP/1.1" 200 318 "-" "Mozilla/5.0 (Windows; U; Windows NT 5.1; en-US) AppleWebKit/534.3 (KHTML, like Gecko) Chrome/6.0.472.22 Safari/534.3"
89.149.244.240 - - [29/Aug/2010:14:11:59 -0500] "GET /~cbzickos/download_files/490/student/ppts/perl_27.ppt HTTP/1.1" 200 399928 "-" "Mozilla/4.0 (compatible; MSIE 6.0; Windows NT 5.1; SV1)"
66.249.71.115 - - [29/Aug/2010:14:12:26 -0500] "GET /~dwilkins/mcjsw@olemiss.edu HTTP/1.1" 404 225 "-" "Mozilla/5.0 (compatible; Googlebot/2.1; +http://www.google.com/bot.html)"
92.253.15.85 - - [29/Aug/2010:14:10:40 -0500] "GET /cs/images/back_bar1.png HTTP/1.1" 200 67159 "http://cs.olemiss.edu/cs/index.php" "Mozilla/5.0 (Windows; U; Windows NT 5.1; en-US) AppleWebKit/534.3 (KHTML, like Gecko) Chrome/6.0.472.22 Safari/534.3"
92.253.15.85 - - [29/Aug/2010:14:10:40 -0500] "GET /cs/banner/photo2.jpg HTTP/1.1" 200 93808 "http://cs.olemiss.edu/cs/index.php" "Mozilla/5.0 (Windows; U; Windows NT 5.1; en-US) AppleWebKit/534.3 (KHTML, like Gecko) Chrome/6.0.472.22 Safari/534.3"
207.68.240.48 - - [29/Aug/2010:14:13:03 -0500] "GET / HTTP/1.1" 200 5526 "-" "Mozilla/5.0 (Macintosh; U; Intel Mac OS X 10_4_11; en) AppleWebKit/533.17.8 (KHTML, like Gecko) Version/4.1.1 Safari/533.17.8"
207.68.240.48 - - [29/Aug/2010:14:13:03 -0500] "GET /main.css HTTP/1.1" 200 1362 "http://www.cs.olemiss.edu/" "Mozilla/5.0 (Macintosh; U; Intel Mac OS X 10_4_11; en) AppleWebKit/533.17.8 (KHTML, like Gecko) Version/4.1.1 Safari/533.17.8"
207.68.240.48 - - [29/Aug/2010:14:13:03 -0500] "GET /images/frontpage/weirfrontleft.jpg HTTP/1.1" 200 12348 "http://www.cs.olemiss.edu/" "Mozilla/5.0 (Macintosh; U; Intel Mac OS X 10_4_11; en) AppleWebKit/533.17.8 (KHTML, like Gecko) Version/4.1.1 Safari/533.17.8"
207.68.240.48 - - [29/Aug/2010:14:13:03 -0500] "GET /images/acm.gif HTTP/1.1" 200 4431 "http://www.cs.olemiss.edu/" "Mozilla/5.0 (Macintosh; U; Intel Mac OS X 10_4_11; en) AppleWebKit/533.17.8 (KHTML, like Gecko) Version/4.1.1 Safari/533.17.8"
207.68.240.48 - - [29/Aug/2010:14:13:03 -0500] "GET /images/cra.gif HTTP/1.1" 200 7913 "http://www.cs.olemiss.edu/" "Mozilla/5.0 (Macintosh; U; Intel Mac OS X 10_4_11; en) AppleWebKit/533.17.8 (KHTML, like Gecko) Version/4.1.1 Safari/533.17.8"
207.68.240.48 - - [29/Aug/2010:14:13:03 -0500] "GET /images//header.png HTTP/1.1" 200 44168 "http://www.cs.olemiss.edu/" "Mozilla/5.0 (Macintosh; U; Intel Mac OS X 10_4_11; en) AppleWebKit/533.17.8 (KHTML, like Gecko) Version/4.1.1 Safari/533.17.8"
207.68.240.48 - - [29/Aug/2010:14:13:04 -0500] "GET /favicon.ico HTTP/1.1" 200 318 "http://www.cs.olemiss.edu/" "Mozilla/5.0 (Macintosh; U; Intel Mac OS X 10_4_11; en) AppleWebKit/533.17.8 (KHTML, like Gecko) Version/4.1.1 Safari/533.17.8"
67.195.37.182 - - [29/Aug/2010:14:13:06 -0500] "GET /~hcc/csci581scala/homework/581hw03.html HTTP/1.0" 200 3603 "-" "Mozilla/5.0 (compatible; Yahoo! Slurp/3.0; http://help.yahoo.com/help/us/ysearch/slurp)"
97.67.109.142 - - [29/Aug/2010:14:13:54 -0500] "GET /~jxue/home.php HTTP/1.1" 200 852 "-" "Mozilla/4.0 (compatible; MSIE 8.0; Windows NT 6.1; WOW64; Trident/4.0; SLCC2; .NET CLR 2.0.50727; .NET CLR 3.5.30729; .NET CLR 3.0.30729; Media Center PC 6.0; HPNTDF)"
97.67.109.142 - - [29/Aug/2010:14:13:54 -0500] "GET /~jxue/styles/style.css HTTP/1.1" 304 - "http://www.cs.olemiss.edu/~jxue/home.php" "Mozilla/4.0 (compatible; MSIE 8.0; Windows NT 6.1; WOW64; Trident/4.0; SLCC2; .NET CLR 2.0.50727; .NET CLR 3.5.30729; .NET CLR 3.0.30729; Media Center PC 6.0; HPNTDF)"
97.67.109.142 - - [29/Aug/2010:14:13:54 -0500] "GET /~jxue/images/oldfaithful.jpg HTTP/1.1" 304 - "http://www.cs.olemiss.edu/~jxue/home.php" "Mozilla/4.0 (compatible; MSIE 8.0; Windows NT 6.1; WOW64; Trident/4.0; SLCC2; .NET CLR 2.0.50727; .NET CLR 3.5.30729; .NET CLR 3.0.30729; Media Center PC 6.0; HPNTDF)"
97.67.109.142 - - [29/Aug/2010:14:13:57 -0500] "GET /~jxue/teaching.php HTTP/1.1" 200 1513 "http://www.cs.olemiss.edu/~jxue/home.php" "Mozilla/4.0 (compatible; MSIE 8.0; Windows NT 6.1; WOW64; Trident/4.0; SLCC2; .NET CLR 2.0.50727; .NET CLR 3.5.30729; .NET CLR 3.0.30729; Media Center PC 6.0; HPNTDF)"
92.253.15.85 - - [29/Aug/2010:14:13:59 -0500] "GET /forms/csci030.pdf HTTP/1.1" 200 6761 "http://www.cs.olemiss.edu/academics/degrees/phd.html" "Mozilla/5.0 (Windows; U; Windows NT 5.1; en-US) AppleWebKit/534.3 (KHTML, like Gecko) Chrome/6.0.472.22 Safari/534.3"
97.67.109.142 - - [29/Aug/2010:14:14:07 -0500] "GET /~jxue/teaching.php?activeSide=csci251_F10&activeTop=news&hide=0 HTTP/1.1" 200 4595 "http://www.cs.olemiss.edu/~jxue/teaching.php" "Mozilla/4.0 (compatible; MSIE 8.0; Windows NT 6.1; WOW64; Trident/4.0; SLCC2; .NET CLR 2.0.50727; .NET CLR 3.5.30729; .NET CLR 3.0.30729; Media Center PC 6.0; HPNTDF)"
