115.118.76.254 - - [29/Aug/2010:04:03:03 -0500] "GET / HTTP/1.1" 200 5526 "-" "Mozilla/5.0 (Windows; U; Windows NT 6.0; en-US) AppleWebKit/533.4 (KHTML, like Gecko) Chrome/5.0.375.127 Safari/533.4"
115.118.76.254 - - [29/Aug/2010:04:03:04 -0500] "GET /main.css HTTP/1.1" 200 1362 "http://www.cs.olemiss.edu/" "Mozilla/5.0 (Windows; U; Windows NT 6.0; en-US) AppleWebKit/533.4 (KHTML, like Gecko) Chrome/5.0.375.127 Safari/533.4"
115.118.76.254 - - [29/Aug/2010:04:03:05 -0500] "GET /images/frontpage/weirfrontleft.jpg HTTP/1.1" 200 12348 "http://www.cs.olemiss.edu/" "Mozilla/5.0 (Windows; U; Windows NT 6.0; en-US) AppleWebKit/533.4 (KHTML, like Gecko) Chrome/5.0.375.127 Safari/533.4"
115.118.76.254 - - [29/Aug/2010:04:03:05 -0500] "GET /images/acm.gif HTTP/1.1" 200 4431 "http://www.cs.olemiss.edu/" "Mozilla/5.0 (Windows; U; Windows NT 6.0; en-US) AppleWebKit/533.4 (KHTML, like Gecko) Chrome/5.0.375.127 Safari/533.4"
115.118.76.254 - - [29/Aug/2010:04:03:05 -0500] "GET /images/cra.gif HTTP/1.1" 200 7913 "http://www.cs.olemiss.edu/" "Mozilla/5.0 (Windows; U; Windows NT 6.0; en-US) AppleWebKit/533.4 (KHTML, like Gecko) Chrome/5.0.375.127 Safari/533.4"
115.118.76.254 - - [29/Aug/2010:04:03:05 -0500] "GET /images//header.png HTTP/1.1" 200 44168 "http://www.cs.olemiss.edu/" "Mozilla/5.0 (Windows; U; Windows NT 6.0; en-US) AppleWebKit/533.4 (KHTML, like Gecko) Chrome/5.0.375.127 Safari/533.4"
115.118.76.254 - - [29/Aug/2010:04:03:07 -0500] "GET /favicon.ico HTTP/1.1" 200 318 "-" "Mozilla/5.0 (Windows; U; Windows NT 6.0; en-US) AppleWebKit/533.4 (KHTML, like Gecko) Chrome/5.0.375.127 Safari/533.4"
66.249.71.181 - - [29/Aug/2010:04:03:13 -0500] "GET / HTTP/1.1" 200 5526 "-" "Mozilla/5.0 (compatible; Googlebot/2.1; +http://www.google.com/bot.html)"
66.249.71.115 - - [29/Aug/2010:04:04:20 -0500] "GET /~sbs/download/cs211_Java3/ch07sbs/FindMin.html HTTP/1.1" 304 - "-" "Mozilla/5.0 (compatible; Googlebot/2.1; +http://www.google.com/bot.html)"
66.249.71.115 - - [29/Aug/2010:04:05:02 -0500] "GET /~hcc//softwareDesign/notes/dataAbstraction.html HTTP/1.1" 404 245 "-" "SAMSUNG-SGH-E250/1.0 Profile/MIDP-2.0 Configuration/CLDC-1.1 UP.Browser/6.2.3.3.c.1.101 (GUI) MMP/2.0 (compatible; Googlebot-Mobile/2.1; +http://www.google.com/bot.html)"
66.249.71.115 - - [29/Aug/2010:04:05:13 -0500] "GET /trac/csci487sp10/log/bjladner/courseDoc/Design%20Specification.pptx?rev=106 HTTP/1.1" 403 4408 "-" "Mozilla/5.0 (compatible; Googlebot/2.1; +http://www.google.com/bot.html)"
66.249.71.115 - - [29/Aug/2010:04:08:02 -0500] "GET /~hcc//csci500//downloads/ HTTP/1.1" 404 223 "-" "SAMSUNG-SGH-E250/1.0 Profile/MIDP-2.0 Configuration/CLDC-1.1 UP.Browser/6.2.3.3.c.1.101 (GUI) MMP/2.0 (compatible; Googlebot-Mobile/2.1; +http://www.google.com/bot.html)"
66.249.71.115 - - [29/Aug/2010:04:08:09 -0500] "GET /trac/csci487sp10/log/bjladner/courseDoc/Design%20Specification.docx?rev=336 HTTP/1.1" 403 4408 "-" "Mozilla/5.0 (compatible; Googlebot/2.1; +http://www.google.com/bot.html)"
207.46.195.240 - - [29/Aug/2010:04:10:12 -0500] "GET /courses/spring2001.html HTTP/1.1" 302 213 "-" "msnbot/2.0b (+http://search.msn.com/msnbot.htm)"
207.46.204.178 - - [29/Aug/2010:04:10:14 -0500] "GET /%7Ehcc/distObj/691resources.html HTTP/1.1" 304 - "-" "msnbot/2.0b (+http://search.msn.com/msnbot.htm)"
66.249.71.115 - - [29/Aug/2010:04:10:52 -0500] "GET /~hcc//csci550/homework/2assign.pdf HTTP/1.1" 200 37434 "-" "SAMSUNG-SGH-E250/1.0 Profile/MIDP-2.0 Configuration/CLDC-1.1 UP.Browser/6.2.3.3.c.1.101 (GUI) MMP/2.0 (compatible; Googlebot-Mobile/2.1; +http://www.google.com/bot.html)"
66.249.71.115 - - [29/Aug/2010:04:11:05 -0500] "GET /~hcc//csci500/csci500//csci500.html HTTP/1.1" 404 237 "-" "SAMSUNG-SGH-E250/1.0 Profile/MIDP-2.0 Configuration/CLDC-1.1 UP.Browser/6.2.3.3.c.1.101 (GUI) MMP/2.0 (compatible; Googlebot-Mobile/2.1; +http://www.google.com/bot.html)"
66.249.71.115 - - [29/Aug/2010:04:11:10 -0500] "GET /~sbs/download/cs211_Java3/ch07sbs/BinarySearch2.html HTTP/1.1" 304 - "-" "Mozilla/5.0 (compatible; Googlebot/2.1; +http://www.google.com/bot.html)"
66.249.71.115 - - [29/Aug/2010:04:11:13 -0500] "GET /trac/csci487sp10/export/195/bjladner/courseDoc/Program%20Listing.docx HTTP/1.1" 200 13418 "-" "Mozilla/5.0 (compatible; Googlebot/2.1; +http://www.google.com/bot.html)"
66.249.71.115 - - [29/Aug/2010:04:14:04 -0500] "GET /~hcc//csci581oo/97fall/notes/drafthtml/cre.html HTTP/1.1" 200 4275 "-" "SAMSUNG-SGH-E250/1.0 Profile/MIDP-2.0 Configuration/CLDC-1.1 UP.Browser/6.2.3.3.c.1.101 (GUI) MMP/2.0 (compatible; Googlebot-Mobile/2.1; +http://www.google.com/bot.html)"
208.80.194.26 - - [29/Aug/2010:04:14:09 -0500] "GET / HTTP/1.0" 200 5526 "-" "Mozilla/4.0 (compatible; MSIE 6.0; Windows NT 5.1; SV1; YPC 3.2.0; .NET CLR 1.1.4322; yplus 5.6.02b)"
66.249.71.115 - - [29/Aug/2010:04:14:17 -0500] "GET /trac/csci487sp10/log/bjladner/courseDoc/License%20Agreement.docx?rev=194 HTTP/1.1" 403 4408 "-" "Mozilla/5.0 (compatible; Googlebot/2.1; +http://www.google.com/bot.html)"
66.249.71.56 - - [29/Aug/2010:04:15:47 -0500] "GET /~ychen/publications/conference/chen_ijcnn99.pdf HTTP/1.1" 200 224904 "-" "Mozilla/5.0 (compatible; Googlebot/2.1; +http://www.google.com/bot.html)"
207.46.204.179 - - [29/Aug/2010:04:16:14 -0500] "GET /~ychen/main.htm HTTP/1.1" 200 2993 "-" "msnbot/2.0b (+http://search.msn.com/msnbot.htm)"
66.249.71.115 - - [29/Aug/2010:04:17:04 -0500] "GET /~hcc//csci487/99fall/97fall/487sponsorForm.html HTTP/1.1" 200 3294 "-" "SAMSUNG-SGH-E250/1.0 Profile/MIDP-2.0 Configuration/CLDC-1.1 UP.Browser/6.2.3.3.c.1.101 (GUI) MMP/2.0 (compatible; Googlebot-Mobile/2.1; +http://www.google.com/bot.html)"
66.249.71.115 - - [29/Aug/2010:04:17:51 -0500] "GET /~sbs/download/cs211_Java3/ch24/com/ HTTP/1.1" 200 710 "-" "Mozilla/5.0 (compatible; Googlebot/2.1; +http://www.google.com/bot.html)"
66.249.71.115 - - [29/Aug/2010:04:17:52 -0500] "GET /trac/csci487sp10/export/329/bjladner/courseDoc/Design%20Specification.pptx HTTP/1.1" 200 285777 "-" "Mozilla/5.0 (compatible; Googlebot/2.1; +http://www.google.com/bot.html)"
66.249.71.115 - - [29/Aug/2010:04:19:50 -0500] "GET /~rice/resume.html HTTP/1.1" 200 21173 "-" "Googlebot/2.1 (+http://www.google.com/bot.html)"
66.249.71.115 - - [29/Aug/2010:04:20:05 -0500] "GET /~hcc//csci500//homework/311hw07.html HTTP/1.1" 200 1411 "-" "SAMSUNG-SGH-E250/1.0 Profile/MIDP-2.0 Configuration/CLDC-1.1 UP.Browser/6.2.3.3.c.1.101 (GUI) MMP/2.0 (compatible; Googlebot-Mobile/2.1; +http://www.google.com/bot.html)"
66.249.71.115 - - [29/Aug/2010:04:20:41 -0500] "GET /trac/csci487sp10/log/bjladner/courseDoc/License%20Agreement.docx?rev=104 HTTP/1.1" 403 4408 "-" "Mozilla/5.0 (compatible; Googlebot/2.1; +http://www.google.com/bot.html)"
67.195.37.182 - - [29/Aug/2010:04:20:47 -0500] "GET /forms/BSCSchecksheet.pdf HTTP/1.0" 200 67618 "-" "Mozilla/5.0 (compatible; Yahoo! Slurp/3.0; http://help.yahoo.com/help/us/ysearch/slurp)"
207.46.13.84 - - [29/Aug/2010:04:22:14 -0500] "GET /~sbs/111fall2004/prog04.html HTTP/1.1" 304 - "-" "msnbot/2.0b (+http://search.msn.com/msnbot.htm)"
220.181.7.55 - - [29/Aug/2010:04:22:39 -0500] "GET / HTTP/1.1" 200 5526 "-" "Baiduspider+(+http://www.baidu.com/search/spider.htm)"
123.125.66.75 - - [29/Aug/2010:04:22:47 -0500] "GET / HTTP/1.1" 200 5526 "-" "Baiduspider+(+http://www.baidu.com/search/spider.htm)"
66.249.71.115 - - [29/Aug/2010:04:23:23 -0500] "GET /~hcc//csci487/99fall/97spr/487sponsorForm.html HTTP/1.1" 200 3077 "-" "SAMSUNG-SGH-E250/1.0 Profile/MIDP-2.0 Configuration/CLDC-1.1 UP.Browser/6.2.3.3.c.1.101 (GUI) MMP/2.0 (compatible; Googlebot-Mobile/2.1; +http://www.google.com/bot.html)"
66.249.71.115 - - [29/Aug/2010:04:23:33 -0500] "GET /trac/csci487sp10/browser/bjladner/Code/tree?rev=325 HTTP/1.1" 200 11617 "-" "Mozilla/5.0 (compatible; Googlebot/2.1; +http://www.google.com/bot.html)"
66.249.71.115 - - [29/Aug/2010:04:23:33 -0500] "GET /trac/csci487sp10/log/bjladner/courseDoc/Design%20Specification.docx?rev=197 HTTP/1.1" 403 4408 "-" "Mozilla/5.0 (compatible; Googlebot/2.1; +http://www.google.com/bot.html)"
66.249.71.115 - - [29/Aug/2010:04:23:34 -0500] "GET /trac/csci487sp10/log/bjladner/courseDoc/Final%20Presentation.pptx?rev=274 HTTP/1.1" 403 4408 "-" "Mozilla/5.0 (compatible; Googlebot/2.1; +http://www.google.com/bot.html)"
66.249.71.115 - - [29/Aug/2010:04:23:34 -0500] "GET /trac/csci487sp10/log/bjladner/courseDoc/Design%20Specification.docx?rev=49 HTTP/1.1" 403 4408 "-" "Mozilla/5.0 (compatible; Googlebot/2.1; +http://www.google.com/bot.html)"
66.249.71.115 - - [29/Aug/2010:04:23:35 -0500] "GET /trac/csci487sp10/log/bjladner/courseDoc/Design%20Specification.docx?rev=82 HTTP/1.1" 403 4408 "-" "Mozilla/5.0 (compatible; Googlebot/2.1; +http://www.google.com/bot.html)"
66.249.71.115 - - [29/Aug/2010:04:23:36 -0500] "GET /trac/csci487sp10/browser/bjladner/Code/tree?rev=129&order=date&desc=1 HTTP/1.1" 200 11810 "-" "Mozilla/5.0 (compatible; Googlebot/2.1; +http://www.google.com/bot.html)"
66.249.71.115 - - [29/Aug/2010:04:23:36 -0500] "GET /trac/csci487sp10/export/275/bjladner/courseDoc/CAMPUS%20EXCHANGE%20MANUAL.docx HTTP/1.1" 200 1382509 "-" "Mozilla/5.0 (compatible; Googlebot/2.1; +http://www.google.com/bot.html)"
66.249.71.115 - - [29/Aug/2010:04:23:37 -0500] "GET /trac/csci487sp10/log/bjladner/Code?rev=177 HTTP/1.1" 403 4408 "-" "Mozilla/5.0 (compatible; Googlebot/2.1; +http://www.google.com/bot.html)"
66.249.71.115 - - [29/Aug/2010:04:23:38 -0500] "GET /trac/csci487sp10/export/227/bjladner/courseDoc/Design%20Specification.pptx HTTP/1.1" 200 285777 "-" "Mozilla/5.0 (compatible; Googlebot/2.1; +http://www.google.com/bot.html)"
66.249.71.115 - - [29/Aug/2010:04:23:39 -0500] "GET /trac/csci487sp10/browser/bjladner/Code/tree/system?rev=352&order=size HTTP/1.1" 200 9254 "-" "Mozilla/5.0 (compatible; Googlebot/2.1; +http://www.google.com/bot.html)"
66.249.71.115 - - [29/Aug/2010:04:23:40 -0500] "GET /trac/csci487sp10/export/126/bjladner/courseDoc/Design%20Specification.pptx HTTP/1.1" 200 285777 "-" "Mozilla/5.0 (compatible; Googlebot/2.1; +http://www.google.com/bot.html)"
67.195.37.182 - - [29/Aug/2010:04:24:11 -0500] "GET /~dwilkins/CSCI531/fall09/biographies.html HTTP/1.0" 200 2345 "-" "Mozilla/5.0 (compatible; Yahoo! Slurp/3.0; http://help.yahoo.com/help/us/ysearch/slurp)"
81.52.143.16 - - [29/Aug/2010:04:24:31 -0500] "GET /research/ HTTP/1.1" 200 2405 "-" "Mozilla/5.0 (Windows; U; Windows NT 5.1; fr; rv:1.8.1) VoilaBot BETA 1.2 (support.voilabot@orange-ftgroup.com)"
66.249.71.115 - - [29/Aug/2010:04:24:31 -0500] "GET /~sbs/download/cs211_Java3/ch07sbs/InsertionSort.html HTTP/1.1" 304 - "-" "Mozilla/5.0 (compatible; Googlebot/2.1; +http://www.google.com/bot.html)"
66.249.71.115 - - [29/Aug/2010:04:24:32 -0500] "GET /trac/csci487sp10/browser/bjladner/Code/tree?rev=346 HTTP/1.1" 200 11617 "-" "Mozilla/5.0 (compatible; Googlebot/2.1; +http://www.google.com/bot.html)"
207.46.13.98 - - [29/Aug/2010:04:25:32 -0500] "GET /robots.txt HTTP/1.1" 200 194 "-" "msnbot/2.0b (+http://search.msn.com/msnbot.htm)"
66.249.71.115 - - [29/Aug/2010:04:26:15 -0500] "GET /~hcc//csci500//notes/02chap/dfa.html HTTP/1.1" 200 4280 "-" "SAMSUNG-SGH-E250/1.0 Profile/MIDP-2.0 Configuration/CLDC-1.1 UP.Browser/6.2.3.3.c.1.101 (GUI) MMP/2.0 (compatible; Googlebot-Mobile/2.1; +http://www.google.com/bot.html)"
91.214.45.103 - - [29/Aug/2010:04:26:39 -0500] "GET /%7Esbs/download/cs581_InternetProg/examples/ch34_ASP2/addForum.asp HTTP/1.0" 200 5486 "http://www.cs.olemiss.edu/%7Esbs/download/cs581_InternetProg/examples/ch34_ASP2/addForum.asp" "Mozilla/4.0 (compatible; MSIE 6.0; Windows 98; Win 9x 4.90; Creative)"
91.214.45.103 - - [29/Aug/2010:04:26:39 -0500] "POST /%7Esbs/download/cs581_InternetProg/examples/ch34_ASP2/addForum.asp HTTP/1.0" 200 5486 "http://www.cs.olemiss.edu/%7Esbs/download/cs581_InternetProg/examples/ch34_ASP2/addForum.asp" "Mozilla/4.0 (compatible; MSIE 6.0; Windows 98; Win 9x 4.90; Creative)"
91.214.45.103 - - [29/Aug/2010:04:26:40 -0500] "GET /%7Esbs/download/cs581_InternetProg/examples/ch34_ASP2/addForum.asp HTTP/1.0" 200 5486 "http://www.cs.olemiss.edu/%7Esbs/download/cs581_InternetProg/examples/ch34_ASP2/addForum.asp" "Mozilla/4.0 (compatible; MSIE 6.0; Windows 98; Win 9x 4.90; Creative)"
207.46.13.43 - - [29/Aug/2010:04:28:12 -0500] "GET /~sbs/download/cs490_AdvJava/Deitel_ed2_ch11_advGUI/ HTTP/1.1" 200 2196 "-" "msnbot/2.0b (+http://search.msn.com/msnbot.htm)"
67.195.112.34 - - [29/Aug/2010:04:28:58 -0500] "GET /~sbs/download/cs305_JavaGlobal/ HTTP/1.0" 200 1949 "-" "Mozilla/5.0 (compatible; Yahoo! Slurp/3.0; http://help.yahoo.com/help/us/ysearch/slurp)"
66.249.71.115 - - [29/Aug/2010:04:30:09 -0500] "GET /~hcc//csci500//notes/01chap/basic.html HTTP/1.1" 200 806 "-" "SAMSUNG-SGH-E250/1.0 Profile/MIDP-2.0 Configuration/CLDC-1.1 UP.Browser/6.2.3.3.c.1.101 (GUI) MMP/2.0 (compatible; Googlebot-Mobile/2.1; +http://www.google.com/bot.html)"
66.249.71.115 - - [29/Aug/2010:04:30:10 -0500] "GET /~hcc//csci500//homework/311hw03.html HTTP/1.1" 200 1740 "-" "SAMSUNG-SGH-E250/1.0 Profile/MIDP-2.0 Configuration/CLDC-1.1 UP.Browser/6.2.3.3.c.1.101 (GUI) MMP/2.0 (compatible; Googlebot-Mobile/2.1; +http://www.google.com/bot.html)"
66.249.71.115 - - [29/Aug/2010:04:30:11 -0500] "GET /~hcc//csci500//notes/01chap/languages.html HTTP/1.1" 200 10270 "-" "SAMSUNG-SGH-E250/1.0 Profile/MIDP-2.0 Configuration/CLDC-1.1 UP.Browser/6.2.3.3.c.1.101 (GUI) MMP/2.0 (compatible; Googlebot-Mobile/2.1; +http://www.google.com/bot.html)"
66.249.71.115 - - [29/Aug/2010:04:30:11 -0500] "GET /~hcc//csci500//notes/01chap/grammars.html HTTP/1.1" 200 6922 "-" "SAMSUNG-SGH-E250/1.0 Profile/MIDP-2.0 Configuration/CLDC-1.1 UP.Browser/6.2.3.3.c.1.101 (GUI) MMP/2.0 (compatible; Googlebot-Mobile/2.1; +http://www.google.com/bot.html)"
66.249.71.115 - - [29/Aug/2010:04:31:19 -0500] "GET /~sbs/download/cs211_Java3/ch07sbs/sort_demos/ HTTP/1.1" 200 7390 "-" "Mozilla/5.0 (compatible; Googlebot/2.1; +http://www.google.com/bot.html)"
174.123.30.18 - - [29/Aug/2010:04:31:43 -0500] "GET /~sbs/download/cs490_compression/dictionary/alpha25k.txt HTTP/1.0" 200 231327 "-" "Mozilla/5.0 (Windows; U; Windows NT 5.1;) Gecko/2008070208 Firefox/3.0.1"
66.249.71.115 - - [29/Aug/2010:04:33:10 -0500] "GET /~hcc//csci487/99fall/97spr/487evalForm.html HTTP/1.1" 200 2089 "-" "SAMSUNG-SGH-E250/1.0 Profile/MIDP-2.0 Configuration/CLDC-1.1 UP.Browser/6.2.3.3.c.1.101 (GUI) MMP/2.0 (compatible; Googlebot-Mobile/2.1; +http://www.google.com/bot.html)"
67.195.37.182 - - [29/Aug/2010:04:33:38 -0500] "GET /~hcc/java_examples/Day.java HTTP/1.0" 200 6965 "-" "Mozilla/5.0 (compatible; Yahoo! Slurp/3.0; http://help.yahoo.com/help/us/ysearch/slurp)"
66.249.71.115 - - [29/Aug/2010:04:34:02 -0500] "GET /~hcc/papers/JavaCHIME.ppt HTTP/1.1" 200 256512 "-" "SAMSUNG-SGH-E250/1.0 Profile/MIDP-2.0 Configuration/CLDC-1.1 UP.Browser/6.2.3.3.c.1.101 (GUI) MMP/2.0 (compatible; Googlebot-Mobile/2.1; +http://www.google.com/bot.html)"
66.249.71.56 - - [29/Aug/2010:04:35:07 -0500] "GET /~ychen/year.htm HTTP/1.1" 200 46991 "-" "Googlebot/2.1 (+http://www.google.com/bot.html)"
66.249.71.115 - - [29/Aug/2010:04:35:20 -0500] "GET /~sbs/download/cs490_JavaGraphics_fall2004/w01-3%20Deitel%20ed5%20event%20handling%20examples/fig13_27/PanelDemo.java HTTP/1.1" 304 - "-" "Mozilla/5.0 (compatible; Googlebot/2.1; +http://www.google.com/bot.html)"
66.249.71.115 - - [29/Aug/2010:04:36:53 -0500] "GET /~hcc//csci500//homework/311hw06.html HTTP/1.1" 200 1416 "-" "SAMSUNG-SGH-E250/1.0 Profile/MIDP-2.0 Configuration/CLDC-1.1 UP.Browser/6.2.3.3.c.1.101 (GUI) MMP/2.0 (compatible; Googlebot-Mobile/2.1; +http://www.google.com/bot.html)"
220.181.94.225 - - [29/Aug/2010:04:37:58 -0500] "GET /about/ HTTP/1.1" 304 - "-" "Sogou web spider/4.0(+http://www.sogou.com/docs/help/webmasters.htm#07)"
194.225.236.81 - - [29/Aug/2010:04:38:01 -0500] "GET /~ychen/publications/conference/chen_ijcnn99.pdf HTTP/1.1" 200 224904 "http://crsouza.blogspot.com/2009/11/neural-network-learning-by-levenberg.html" "Mozilla/4.0 (compatible; MSIE 8.0; Windows NT 5.1; Trident/4.0; .NET CLR 2.0.50727; InfoPath.2; .NET CLR 1.1.4322; .NET CLR 3.0.04506.30; .NET CLR 3.0.4506.2152; .NET CLR 3.5.30729)"
66.249.71.115 - - [29/Aug/2010:04:38:08 -0500] "GET /~sbs/download/cs211_Java3/ch13/fig13_10/ HTTP/1.1" 200 1389 "-" "Mozilla/5.0 (compatible; Googlebot/2.1; +http://www.google.com/bot.html)"
207.46.204.187 - - [29/Aug/2010:04:38:15 -0500] "GET /~sbs/490fall99/prog01.html HTTP/1.1" 304 - "-" "msnbot/2.0b (+http://search.msn.com/msnbot.htm)"
66.249.71.115 - - [29/Aug/2010:04:39:52 -0500] "GET /~hcc//csci500//homework/311hw09.html HTTP/1.1" 200 1585 "-" "SAMSUNG-SGH-E250/1.0 Profile/MIDP-2.0 Configuration/CLDC-1.1 UP.Browser/6.2.3.3.c.1.101 (GUI) MMP/2.0 (compatible; Googlebot-Mobile/2.1; +http://www.google.com/bot.html)"
207.46.199.199 - - [29/Aug/2010:04:42:10 -0500] "GET /robots.txt HTTP/1.1" 200 194 "-" "msnbot/2.0b (+http://search.msn.com/msnbot.htm)"
207.46.13.45 - - [29/Aug/2010:04:42:14 -0500] "GET /about/08_Spr_CIS_News_EAB.pdf HTTP/1.1" 200 20335 "-" "msnbot/2.0b (+http://search.msn.com/msnbot.htm)"
66.249.71.115 - - [29/Aug/2010:04:43:00 -0500] "GET /images/frontpage/weirfrontleft.jpg HTTP/1.1" 304 - "-" "Googlebot-Image/1.0"
66.249.71.115 - - [29/Aug/2010:04:43:14 -0500] "GET /~hcc//csci581oo/97fall/notes/drafthtml/instance.html HTTP/1.1" 200 4524 "-" "SAMSUNG-SGH-E250/1.0 Profile/MIDP-2.0 Configuration/CLDC-1.1 UP.Browser/6.2.3.3.c.1.101 (GUI) MMP/2.0 (compatible; Googlebot-Mobile/2.1; +http://www.google.com/bot.html)"
66.249.71.115 - - [29/Aug/2010:04:44:47 -0500] "GET /~sbs/download/cs211_Java3/ch13/fig13_13/ HTTP/1.1" 200 1504 "-" "Mozilla/5.0 (compatible; Googlebot/2.1; +http://www.google.com/bot.html)"
66.249.71.115 - - [29/Aug/2010:04:45:55 -0500] "GET /~hcc/papers/sesec02slides.ppt HTTP/1.1" 200 123392 "-" "SAMSUNG-SGH-E250/1.0 Profile/MIDP-2.0 Configuration/CLDC-1.1 UP.Browser/6.2.3.3.c.1.101 (GUI) MMP/2.0 (compatible; Googlebot-Mobile/2.1; +http://www.google.com/bot.html)"
66.249.71.115 - - [29/Aug/2010:04:46:47 -0500] "GET /~hcc//csci500//homework/311hw08.html HTTP/1.1" 200 1087 "-" "SAMSUNG-SGH-E250/1.0 Profile/MIDP-2.0 Configuration/CLDC-1.1 UP.Browser/6.2.3.3.c.1.101 (GUI) MMP/2.0 (compatible; Googlebot-Mobile/2.1; +http://www.google.com/bot.html)"
66.249.71.115 - - [29/Aug/2010:04:49:59 -0500] "GET /~hcc//csci487/99fall/97fall/487evalForm.html HTTP/1.1" 200 2080 "-" "SAMSUNG-SGH-E250/1.0 Profile/MIDP-2.0 Configuration/CLDC-1.1 UP.Browser/6.2.3.3.c.1.101 (GUI) MMP/2.0 (compatible; Googlebot-Mobile/2.1; +http://www.google.com/bot.html)"
222.231.42.189 - - [29/Aug/2010:04:50:56 -0500] "GET /~ruth/wiki/doku.php?id=pub:research:publications HTTP/1.1" 200 8881 "http://cs.olemiss.edu/" "Mozilla/5.0 (compatible; MSIE or Firefox mutant; not on Windows server; +http://ws.daum.net/aboutWebSearch.html) Daumoa/2.0"
67.195.37.182 - - [29/Aug/2010:04:51:06 -0500] "GET /~dwilkins/mining/sum06/hw1.html HTTP/1.0" 200 1807 "-" "Mozilla/5.0 (compatible; Yahoo! Slurp/3.0; http://help.yahoo.com/help/us/ysearch/slurp)"
116.52.41.113 - - [29/Aug/2010:04:51:09 -0500] "GET / HTTP/1.1" 200 5526 "http://www.google.com/cse?q=computer&cx=009456705617115137650%3A3dblej_ayl8&cof=FORID%3A10&ie=UTF-8&sa.x=0&sa.y=0&sa=Search&ad=w9&num=10&rurl=http%3A%2F%2Fwww.olemiss.edu%2Fsearch.html%3Fq%3Dcomputer%26cx%3D009456705617115137650%253A3dblej_ayl8%26cof%3DFORID%253A10%26ie%3DUTF-8%26sa.x%3D0%26sa.y%3D0%26sa%3DSearch" "Mozilla/5.0 (Windows; U; Windows NT 5.1; zh-CN; rv:1.9.2.8) Gecko/20100722 Firefox/3.6.8"
116.52.41.113 - - [29/Aug/2010:04:51:10 -0500] "GET /main.css HTTP/1.1" 200 1362 "http://www.cs.olemiss.edu/" "Mozilla/5.0 (Windows; U; Windows NT 5.1; zh-CN; rv:1.9.2.8) Gecko/20100722 Firefox/3.6.8"
116.52.41.113 - - [29/Aug/2010:04:51:10 -0500] "GET /images//header.png HTTP/1.1" 200 44168 "http://www.cs.olemiss.edu/" "Mozilla/5.0 (Windows; U; Windows NT 5.1; zh-CN; rv:1.9.2.8) Gecko/20100722 Firefox/3.6.8"
116.52.41.113 - - [29/Aug/2010:04:51:10 -0500] "GET /images/frontpage/weirfrontleft.jpg HTTP/1.1" 200 12348 "http://www.cs.olemiss.edu/" "Mozilla/5.0 (Windows; U; Windows NT 5.1; zh-CN; rv:1.9.2.8) Gecko/20100722 Firefox/3.6.8"
116.52.41.113 - - [29/Aug/2010:04:51:10 -0500] "GET /favicon.ico HTTP/1.1" 200 318 "-" "Mozilla/5.0 (Windows; U; Windows NT 5.1; zh-CN; rv:1.9.2.8) Gecko/20100722 Firefox/3.6.8"
116.52.41.113 - - [29/Aug/2010:04:51:10 -0500] "GET /images/acm.gif HTTP/1.1" 200 4431 "http://www.cs.olemiss.edu/" "Mozilla/5.0 (Windows; U; Windows NT 5.1; zh-CN; rv:1.9.2.8) Gecko/20100722 Firefox/3.6.8"
116.52.41.113 - - [29/Aug/2010:04:51:10 -0500] "GET /images/cra.gif HTTP/1.1" 200 7913 "http://www.cs.olemiss.edu/" "Mozilla/5.0 (Windows; U; Windows NT 5.1; zh-CN; rv:1.9.2.8) Gecko/20100722 Firefox/3.6.8"
66.249.71.56 - - [29/Aug/2010:04:51:30 -0500] "GET /~sbs/download/cs490_AdvJava/Deitel_ed2_ch16_networking/fig16_01/ HTTP/1.1" 200 1346 "-" "Mozilla/5.0 (compatible; Googlebot/2.1; +http://www.google.com/bot.html)"
66.249.71.115 - - [29/Aug/2010:04:51:31 -0500] "GET /trac/csci487sp10/browser/bjladner/Code/tree?rev=282&order=size&desc=1 HTTP/1.1" 200 11794 "-" "Mozilla/5.0 (compatible; Googlebot/2.1; +http://www.google.com/bot.html)"
66.249.71.115 - - [29/Aug/2010:04:51:32 -0500] "GET /trac/csci487sp10/log/bjladner/Code/tree?rev=325 HTTP/1.1" 403 4408 "-" "Mozilla/5.0 (compatible; Googlebot/2.1; +http://www.google.com/bot.html)"
66.249.71.115 - - [29/Aug/2010:04:51:32 -0500] "GET /trac/csci487sp10/log/bjladner/courseDoc/Design%20Specification.pptx?rev=251 HTTP/1.1" 403 4408 "-" "Mozilla/5.0 (compatible; Googlebot/2.1; +http://www.google.com/bot.html)"
66.249.71.115 - - [29/Aug/2010:04:51:33 -0500] "GET /trac/csci487sp10/log/bjladner/courseDoc/Design%20Specification.docx?rev=340 HTTP/1.1" 403 4408 "-" "Mozilla/5.0 (compatible; Googlebot/2.1; +http://www.google.com/bot.html)"
66.249.71.115 - - [29/Aug/2010:04:51:33 -0500] "GET /trac/csci487sp10/browser/bjladner/Code/tree?rev=101&order=size HTTP/1.1" 200 11693 "-" "Mozilla/5.0 (compatible; Googlebot/2.1; +http://www.google.com/bot.html)"
66.249.71.115 - - [29/Aug/2010:04:51:34 -0500] "GET /trac/csci487sp10/export/39/bjladner/courseDoc/Design%20Specification.docx HTTP/1.1" 200 322748 "-" "Mozilla/5.0 (compatible; Googlebot/2.1; +http://www.google.com/bot.html)"
66.249.71.115 - - [29/Aug/2010:04:53:21 -0500] "GET /~hcc//csci500//homework/311hw04.html HTTP/1.1" 200 1880 "-" "SAMSUNG-SGH-E250/1.0 Profile/MIDP-2.0 Configuration/CLDC-1.1 UP.Browser/6.2.3.3.c.1.101 (GUI) MMP/2.0 (compatible; Googlebot-Mobile/2.1; +http://www.google.com/bot.html)"
116.125.140.2 - - [29/Aug/2010:04:53:51 -0500] "GET /academics/degrees/phdreadinglist.html HTTP/1.1" 200 17026 "http://cs.olemiss.edu/" "Mozilla/5.0 (compatible; MSIE or Firefox mutant; not on Windows server; +http://ws.daum.net/aboutWebSearch.html) Daumoa/2.0"
66.249.71.115 - - [29/Aug/2010:04:53:58 -0500] "GET /trac/csci487sp10/browser/bjladner/Code/tree?rev=294 HTTP/1.1" 200 11617 "-" "Mozilla/5.0 (compatible; Googlebot/2.1; +http://www.google.com/bot.html)"
220.181.94.225 - - [29/Aug/2010:04:54:37 -0500] "GET /~rice/SurveyCourse.pdf HTTP/1.1" 304 - "-" "Sogou web spider/4.0(+http://www.sogou.com/docs/help/webmasters.htm#07)"
66.249.71.115 - - [29/Aug/2010:04:54:47 -0500] "GET /news/2004/7.html HTTP/1.1" 304 - "-" "Mozilla/5.0 (compatible; Googlebot/2.1; +http://www.google.com/bot.html)"
220.181.94.225 - - [29/Aug/2010:04:54:50 -0500] "GET /~jxue/home.php HTTP/1.1" 200 852 "-" "Sogou web spider/4.0(+http://www.sogou.com/docs/help/webmasters.htm#07)"
67.195.37.182 - - [29/Aug/2010:04:55:40 -0500] "GET /academics/degrees/?C=N;O=D HTTP/1.0" 200 3553 "-" "Mozilla/5.0 (compatible; Yahoo! Slurp/3.0; http://help.yahoo.com/help/us/ysearch/slurp)"
66.249.71.115 - - [29/Aug/2010:04:56:45 -0500] "GET /~hcc//csci500//notes/01chap/automata.html HTTP/1.1" 200 420 "-" "SAMSUNG-SGH-E250/1.0 Profile/MIDP-2.0 Configuration/CLDC-1.1 UP.Browser/6.2.3.3.c.1.101 (GUI) MMP/2.0 (compatible; Googlebot-Mobile/2.1; +http://www.google.com/bot.html)"
207.46.195.225 - - [29/Aug/2010:04:57:16 -0500] "GET /~sbs/581spring2002/index.html HTTP/1.1" 304 - "-" "msnbot/2.0b (+http://search.msn.com/msnbot.htm)"
66.249.71.115 - - [29/Aug/2010:04:57:21 -0500] "GET /~hcc//csci550/homework/1assign.pdf HTTP/1.1" 200 29559 "-" "SAMSUNG-SGH-E250/1.0 Profile/MIDP-2.0 Configuration/CLDC-1.1 UP.Browser/6.2.3.3.c.1.101 (GUI) MMP/2.0 (compatible; Googlebot-Mobile/2.1; +http://www.google.com/bot.html)"
66.249.71.115 - - [29/Aug/2010:04:57:30 -0500] "GET /~hcc//distObj/notes/EJBIntro/exercises/DatabaseCreation/index.html HTTP/1.1" 200 6465 "-" "SAMSUNG-SGH-E250/1.0 Profile/MIDP-2.0 Configuration/CLDC-1.1 UP.Browser/6.2.3.3.c.1.101 (GUI) MMP/2.0 (compatible; Googlebot-Mobile/2.1; +http://www.google.com/bot.html)"
66.249.71.115 - - [29/Aug/2010:04:57:31 -0500] "GET /~hcc//distObj/notes/EJBIntro/index.html HTTP/1.1" 200 4618 "-" "SAMSUNG-SGH-E250/1.0 Profile/MIDP-2.0 Configuration/CLDC-1.1 UP.Browser/6.2.3.3.c.1.101 (GUI) MMP/2.0 (compatible; Googlebot-Mobile/2.1; +http://www.google.com/bot.html)"
66.249.71.115 - - [29/Aug/2010:04:57:31 -0500] "GET /~hcc//csci487/99fall/97spr/csci487.html HTTP/1.1" 200 1984 "-" "SAMSUNG-SGH-E250/1.0 Profile/MIDP-2.0 Configuration/CLDC-1.1 UP.Browser/6.2.3.3.c.1.101 (GUI) MMP/2.0 (compatible; Googlebot-Mobile/2.1; +http://www.google.com/bot.html)"
66.249.71.115 - - [29/Aug/2010:04:57:32 -0500] "GET /~hcc//distObj/notes/EJBIntro/exercises/EntityBean/index.html HTTP/1.1" 200 4484 "-" "SAMSUNG-SGH-E250/1.0 Profile/MIDP-2.0 Configuration/CLDC-1.1 UP.Browser/6.2.3.3.c.1.101 (GUI) MMP/2.0 (compatible; Googlebot-Mobile/2.1; +http://www.google.com/bot.html)"
66.249.71.115 - - [29/Aug/2010:04:57:45 -0500] "GET /trac/csci487sp10/browser/bjladner/Code/tree/user?rev=346&order=date&desc=1 HTTP/1.1" 200 12148 "-" "Mozilla/5.0 (compatible; Googlebot/2.1; +http://www.google.com/bot.html)"
66.249.71.115 - - [29/Aug/2010:04:58:11 -0500] "GET /~sbs/download/cs211_Java3/ch13/ch13_alltogether/ HTTP/1.1" 200 8208 "-" "Mozilla/5.0 (compatible; Googlebot/2.1; +http://www.google.com/bot.html)"
66.249.71.115 - - [29/Aug/2010:05:01:02 -0500] "GET /~hcc//csci555/98fall/97spr/555hw7.html HTTP/1.1" 200 1556 "-" "SAMSUNG-SGH-E250/1.0 Profile/MIDP-2.0 Configuration/CLDC-1.1 UP.Browser/6.2.3.3.c.1.101 (GUI) MMP/2.0 (compatible; Googlebot-Mobile/2.1; +http://www.google.com/bot.html)"
66.249.71.115 - - [29/Aug/2010:05:01:13 -0500] "GET /trac/csci487sp10/browser/bjladner/courseDoc/Design%20Specification.docx?rev=100&desc=1 HTTP/1.1" 200 8797 "-" "Mozilla/5.0 (compatible; Googlebot/2.1; +http://www.google.com/bot.html)"
67.195.37.182 - - [29/Aug/2010:05:01:29 -0500] "GET /forms/csci020.pdf HTTP/1.0" 200 6386 "-" "Mozilla/5.0 (compatible; Yahoo! Slurp/3.0; http://help.yahoo.com/help/us/ysearch/slurp)"
67.195.37.182 - - [29/Aug/2010:05:01:33 -0500] "GET /academics/accreditation.html HTTP/1.0" 200 2905 "-" "Mozilla/5.0 (compatible; Yahoo! Slurp/3.0; http://help.yahoo.com/help/us/ysearch/slurp)"
66.249.71.115 - - [29/Aug/2010:05:04:11 -0500] "GET /trac/csci487sp10/log/bjladner/courseDoc/License%20Agreement.docx?rev=118 HTTP/1.1" 403 4408 "-" "Mozilla/5.0 (compatible; Googlebot/2.1; +http://www.google.com/bot.html)"
66.249.71.115 - - [29/Aug/2010:05:04:48 -0500] "GET /~hcc//csci581oo/97fall/notes/drafthtml/msg.html HTTP/1.1" 200 3315 "-" "SAMSUNG-SGH-E250/1.0 Profile/MIDP-2.0 Configuration/CLDC-1.1 UP.Browser/6.2.3.3.c.1.101 (GUI) MMP/2.0 (compatible; Googlebot-Mobile/2.1; +http://www.google.com/bot.html)"
66.249.71.115 - - [29/Aug/2010:05:04:57 -0500] "GET /~sbs/download/cs211_Java3/ch13/ch13_sbs_variations/ HTTP/1.1" 200 12145 "-" "Mozilla/5.0 (compatible; Googlebot/2.1; +http://www.google.com/bot.html)"
67.195.37.182 - - [29/Aug/2010:05:05:56 -0500] "GET /acmse2010/Organizing_Committee.htm HTTP/1.0" 200 3949 "-" "Mozilla/5.0 (compatible; Yahoo! Slurp/3.0; http://help.yahoo.com/help/us/ysearch/slurp)"
67.195.37.182 - - [29/Aug/2010:05:05:56 -0500] "GET /acmse2010/styles/acmse2010.css HTTP/1.0" 200 7639 "http://www.cs.olemiss.edu/acmse2010/Organizing_Committee.htm" "Mozilla/5.0 (compatible; Yahoo! Slurp/3.0; http://help.yahoo.com/help/us/ysearch/slurp)"
67.195.37.182 - - [29/Aug/2010:05:06:09 -0500] "GET /~hcc/csci581oo/notes/SoftwareInterfaces/DoubleLinkRankedSeq.java HTTP/1.0" 404 262 "-" "Mozilla/5.0 (compatible; Yahoo! Slurp/3.0; http://help.yahoo.com/help/us/ysearch/slurp)"
117.201.97.78 - - [29/Aug/2010:05:07:29 -0500] "GET /~jxue/teaching/csci251_S10/notes/hw1s10sol.htm HTTP/1.1" 200 10087 "-" "Mozilla/5.0 (Windows; U; Windows NT 6.1; en-US) AppleWebKit/533.4 (KHTML, like Gecko) Chrome/5.0.375.127 Safari/533.4"
117.201.97.78 - - [29/Aug/2010:05:07:29 -0500] "GET /~jxue/teaching/csci251_S10/sh.js HTTP/1.1" 200 14085 "http://www.cs.olemiss.edu/~jxue/teaching/csci251_S10/notes/hw1s10sol.htm" "Mozilla/5.0 (Windows; U; Windows NT 6.1; en-US) AppleWebKit/533.4 (KHTML, like Gecko) Chrome/5.0.375.127 Safari/533.4"
117.201.97.78 - - [29/Aug/2010:05:07:29 -0500] "GET /~jxue/teaching/csci251_S10/styles.css HTTP/1.1" 200 3078 "http://www.cs.olemiss.edu/~jxue/teaching/csci251_S10/notes/hw1s10sol.htm" "Mozilla/5.0 (Windows; U; Windows NT 6.1; en-US) AppleWebKit/533.4 (KHTML, like Gecko) Chrome/5.0.375.127 Safari/533.4"
117.201.97.78 - - [29/Aug/2010:05:07:33 -0500] "GET /~jxue/teaching/csci251_S10/notes/p1hw1s10-form-0.png HTTP/1.1" 200 951 "http://www.cs.olemiss.edu/~jxue/teaching/csci251_S10/notes/hw1s10sol.htm" "Mozilla/5.0 (Windows; U; Windows NT 6.1; en-US) AppleWebKit/533.4 (KHTML, like Gecko) Chrome/5.0.375.127 Safari/533.4"
117.201.97.78 - - [29/Aug/2010:05:07:34 -0500] "GET /~jxue/teaching/csci251_S10/notes/p1hw1s10-form-1.png HTTP/1.1" 200 570 "http://www.cs.olemiss.edu/~jxue/teaching/csci251_S10/notes/hw1s10sol.htm" "Mozilla/5.0 (Windows; U; Windows NT 6.1; en-US) AppleWebKit/533.4 (KHTML, like Gecko) Chrome/5.0.375.127 Safari/533.4"
117.201.97.78 - - [29/Aug/2010:05:07:34 -0500] "GET /~jxue/teaching/csci251_S10/notes/p2hw1s10-form-0.png HTTP/1.1" 200 330 "http://www.cs.olemiss.edu/~jxue/teaching/csci251_S10/notes/hw1s10sol.htm" "Mozilla/5.0 (Windows; U; Windows NT 6.1; en-US) AppleWebKit/533.4 (KHTML, like Gecko) Chrome/5.0.375.127 Safari/533.4"
117.201.97.78 - - [29/Aug/2010:05:07:34 -0500] "GET /~jxue/teaching/csci251_S10/notes/p2hw1s10-form-1.png HTTP/1.1" 200 358 "http://www.cs.olemiss.edu/~jxue/teaching/csci251_S10/notes/hw1s10sol.htm" "Mozilla/5.0 (Windows; U; Windows NT 6.1; en-US) AppleWebKit/533.4 (KHTML, like Gecko) Chrome/5.0.375.127 Safari/533.4"
117.201.97.78 - - [29/Aug/2010:05:07:34 -0500] "GET /~jxue/teaching/csci251_S10/notes/p2hw1s10-form-3.png HTTP/1.1" 200 593 "http://www.cs.olemiss.edu/~jxue/teaching/csci251_S10/notes/hw1s10sol.htm" "Mozilla/5.0 (Windows; U; Windows NT 6.1; en-US) AppleWebKit/533.4 (KHTML, like Gecko) Chrome/5.0.375.127 Safari/533.4"
117.201.97.78 - - [29/Aug/2010:05:07:35 -0500] "GET /~jxue/teaching/csci251_S10/notes/p3hw1s10-form-0.png HTTP/1.1" 200 1684 "http://www.cs.olemiss.edu/~jxue/teaching/csci251_S10/notes/hw1s10sol.htm" "Mozilla/5.0 (Windows; U; Windows NT 6.1; en-US) AppleWebKit/533.4 (KHTML, like Gecko) Chrome/5.0.375.127 Safari/533.4"
117.201.97.78 - - [29/Aug/2010:05:07:34 -0500] "GET /~jxue/teaching/csci251_S10/notes/p1hw1s10-flow-0.png HTTP/1.1" 200 38171 "http://www.cs.olemiss.edu/~jxue/teaching/csci251_S10/notes/hw1s10sol.htm" "Mozilla/5.0 (Windows; U; Windows NT 6.1; en-US) AppleWebKit/533.4 (KHTML, like Gecko) Chrome/5.0.375.127 Safari/533.4"
117.201.97.78 - - [29/Aug/2010:05:07:36 -0500] "GET /~jxue/teaching/csci251_S10/notes/p4hw1s10-form-0.png HTTP/1.1" 200 922 "http://www.cs.olemiss.edu/~jxue/teaching/csci251_S10/notes/hw1s10sol.htm" "Mozilla/5.0 (Windows; U; Windows NT 6.1; en-US) AppleWebKit/533.4 (KHTML, like Gecko) Chrome/5.0.375.127 Safari/533.4"
117.201.97.78 - - [29/Aug/2010:05:07:35 -0500] "GET /~jxue/teaching/csci251_S10/notes/p2hw1s10-flow-0.png HTTP/1.1" 200 29867 "http://www.cs.olemiss.edu/~jxue/teaching/csci251_S10/notes/hw1s10sol.htm" "Mozilla/5.0 (Windows; U; Windows NT 6.1; en-US) AppleWebKit/533.4 (KHTML, like Gecko) Chrome/5.0.375.127 Safari/533.4"
117.201.97.78 - - [29/Aug/2010:05:07:37 -0500] "GET /~jxue/teaching/csci251_S10/notes/p2hw1s10-form-2.png HTTP/1.1" 200 571 "http://www.cs.olemiss.edu/~jxue/teaching/csci251_S10/notes/hw1s10sol.htm" "Mozilla/5.0 (Windows; U; Windows NT 6.1; en-US) AppleWebKit/533.4 (KHTML, like Gecko) Chrome/5.0.375.127 Safari/533.4"
117.201.97.78 - - [29/Aug/2010:05:07:37 -0500] "GET /~jxue/teaching/csci251_S10/notes/p1hw1s10-form-2.png HTTP/1.1" 200 734 "http://www.cs.olemiss.edu/~jxue/teaching/csci251_S10/notes/hw1s10sol.htm" "Mozilla/5.0 (Windows; U; Windows NT 6.1; en-US) AppleWebKit/533.4 (KHTML, like Gecko) Chrome/5.0.375.127 Safari/533.4"
117.201.97.78 - - [29/Aug/2010:05:07:35 -0500] "GET /~jxue/teaching/csci251_S10/notes/p3hw1s10-flow-0.png HTTP/1.1" 200 27676 "http://www.cs.olemiss.edu/~jxue/teaching/csci251_S10/notes/hw1s10sol.htm" "Mozilla/5.0 (Windows; U; Windows NT 6.1; en-US) AppleWebKit/533.4 (KHTML, like Gecko) Chrome/5.0.375.127 Safari/533.4"
117.201.97.78 - - [29/Aug/2010:05:07:37 -0500] "GET /~jxue/teaching/csci251_S10/notes/p4hw1s10-flow-0.png HTTP/1.1" 200 24638 "http://www.cs.olemiss.edu/~jxue/teaching/csci251_S10/notes/hw1s10sol.htm" "Mozilla/5.0 (Windows; U; Windows NT 6.1; en-US) AppleWebKit/533.4 (KHTML, like Gecko) Chrome/5.0.375.127 Safari/533.4"
117.201.97.78 - - [29/Aug/2010:05:07:39 -0500] "GET /favicon.ico HTTP/1.1" 200 318 "-" "Mozilla/5.0 (Windows; U; Windows NT 6.1; en-US) AppleWebKit/533.4 (KHTML, like Gecko) Chrome/5.0.375.127 Safari/533.4"
123.125.67.153 - - [29/Aug/2010:05:08:11 -0500] "GET / HTTP/1.1" 304 - "-" "Mozilla"
66.249.71.115 - - [29/Aug/2010:05:08:18 -0500] "GET /trac/csci487sp10/log/bjladner/courseDoc/Design%20Specification.docx?rev=302 HTTP/1.1" 403 4408 "-" "Mozilla/5.0 (compatible; Googlebot/2.1; +http://www.google.com/bot.html)"
66.249.71.115 - - [29/Aug/2010:05:08:35 -0500] "GET /~hcc//distObj/notes/EJBIntro/exercises/Client/index.html HTTP/1.1" 200 7060 "-" "SAMSUNG-SGH-E250/1.0 Profile/MIDP-2.0 Configuration/CLDC-1.1 UP.Browser/6.2.3.3.c.1.101 (GUI) MMP/2.0 (compatible; Googlebot-Mobile/2.1; +http://www.google.com/bot.html)"
66.249.71.115 - - [29/Aug/2010:05:09:01 -0500] "GET /~hcc/csci500//homework/311hw02.pdf HTTP/1.1" 200 54461 "-" "SAMSUNG-SGH-E250/1.0 Profile/MIDP-2.0 Configuration/CLDC-1.1 UP.Browser/6.2.3.3.c.1.101 (GUI) MMP/2.0 (compatible; Googlebot-Mobile/2.1; +http://www.google.com/bot.html)"
207.46.204.244 - - [29/Aug/2010:05:09:15 -0500] "GET /%7Ehcc/csci450/450bulletin.html HTTP/1.1" 304 - "-" "msnbot/2.0b (+http://search.msn.com/msnbot.htm)"
67.195.37.182 - - [29/Aug/2010:05:09:18 -0500] "GET /%7Ehcc/jegp/engr691alg/691students.html HTTP/1.0" 403 239 "-" "Mozilla/5.0 (compatible; Yahoo! Slurp/3.0; http://help.yahoo.com/help/us/ysearch/slurp)"
66.249.71.115 - - [29/Aug/2010:05:11:02 -0500] "GET /trac/csci487sp10/browser/bjladner/Code/tree?rev=343&order=size HTTP/1.1" 200 11677 "-" "Mozilla/5.0 (compatible; Googlebot/2.1; +http://www.google.com/bot.html)"
66.249.71.115 - - [29/Aug/2010:05:11:41 -0500] "GET /~sbs/download/cs345_InfoRetrieval/JDBC_Deitel/JHTP_ed5_ch23_examples/examples/ HTTP/1.1" 200 946 "-" "Mozilla/5.0 (compatible; Googlebot/2.1; +http://www.google.com/bot.html)"
66.249.71.115 - - [29/Aug/2010:05:13:12 -0500] "GET /~hcc//csci555/98fall/97spr/555hw5.html HTTP/1.1" 200 2791 "-" "SAMSUNG-SGH-E250/1.0 Profile/MIDP-2.0 Configuration/CLDC-1.1 UP.Browser/6.2.3.3.c.1.101 (GUI) MMP/2.0 (compatible; Googlebot-Mobile/2.1; +http://www.google.com/bot.html)"
65.52.49.75 - - [29/Aug/2010:05:13:27 -0500] "GET /robots.txt HTTP/1.1" 200 194 "-" "msnbot/2.0b (+http://search.msn.com/msnbot.htm)"
66.249.71.115 - - [29/Aug/2010:05:14:20 -0500] "GET /resources/recommendations.html HTTP/1.1" 304 - "-" "Mozilla/5.0 (compatible; Googlebot/2.1; +http://www.google.com/bot.html)"
66.249.71.115 - - [29/Aug/2010:05:14:31 -0500] "GET /trac/csci487sp10/export/132/bjladner/courseDoc/Design%20Specification.pptx HTTP/1.1" 200 285777 "-" "Mozilla/5.0 (compatible; Googlebot/2.1; +http://www.google.com/bot.html)"
207.46.195.240 - - [29/Aug/2010:05:15:12 -0500] "GET /404.php HTTP/1.1" 200 2954 "-" "msnbot/2.0b (+http://search.msn.com/msnbot.htm)"
66.249.71.115 - - [29/Aug/2010:05:15:16 -0500] "GET /~hcc/csci541/notes/ HTTP/1.1" 200 1247 "-" "Googlebot/2.1 (+http://www.google.com/bot.html)"
66.249.71.115 - - [29/Aug/2010:05:16:05 -0500] "GET /~hcc//distObj/notes/EJBIntro/exercises/SessionBean/index.html HTTP/1.1" 200 4466 "-" "SAMSUNG-SGH-E250/1.0 Profile/MIDP-2.0 Configuration/CLDC-1.1 UP.Browser/6.2.3.3.c.1.101 (GUI) MMP/2.0 (compatible; Googlebot-Mobile/2.1; +http://www.google.com/bot.html)"
173.128.124.232 - - [29/Aug/2010:05:17:35 -0500] "GET /~sbs/download/cs112_Java2/Chapter10/words.txt HTTP/1.1" 200 227206 "http://www.google.com/cse?q=morgan+johnson+volleyball&cx=009456705617115137650%3A3dblej_ayl8&cof=FORID%3A10&ie=UTF-8&sa.x=7&sa.y=5&sa=Search&siteurl=www.olemiss.edu%2Fsearch.html%3Fq%3Dmorgan%2Bjohnson%26cx%3D009456705617115137650%253A3dblej_ayl8%26cof%3DFORID%253A10%26ie%3DUTF-8%26sa.x%3D0%26sa.y%3D0%26sa%3DSearch%23914&ad=w9&num=10&rurl=http%3A%2F%2Fwww.olemiss.edu%2Fsearch.html%3Fq%3Dmorgan%2Bjohnson%2Bvolleyball%26cx%3D009456705617115137650%253A3dblej_ayl8%26cof%3DFORID%253A10%26ie%3DUTF-8%26sa.x%3D7%26sa.y%3D5%26sa%3DSearch%26siteurl%3Dwww.olemiss.edu%252Fsearch.html%253Fq%253Dmorgan%252Bjohnson%2526cx%253D009456705617115137650%25253A3dblej_ayl8%2526cof%253DFORID%25253A10%2526ie%253DUTF-8%2526sa.x%253D0%2526sa.y%253D0%2526sa%253DSearch%2523914" "Mozilla/5.0 (Windows; U; Windows NT 6.1; en-US; rv:1.9.2.8) Gecko/20100722 Firefox/3.6.8"
173.128.124.232 - - [29/Aug/2010:05:17:44 -0500] "GET /favicon.ico HTTP/1.1" 200 318 "-" "Mozilla/5.0 (Windows; U; Windows NT 6.1; en-US; rv:1.9.2.8) Gecko/20100722 Firefox/3.6.8"
173.128.124.232 - - [29/Aug/2010:05:17:44 -0500] "GET /favicon.ico HTTP/1.1" 200 318 "-" "Mozilla/5.0 (Windows; U; Windows NT 6.1; en-US; rv:1.9.2.8) Gecko/20100722 Firefox/3.6.8"
67.195.112.34 - - [29/Aug/2010:05:17:47 -0500] "GET /news/($ROOT)/csss/20050831-eclipse.html HTTP/1.0" 302 213 "-" "Mozilla/5.0 (compatible; Yahoo! Slurp/3.0; http://help.yahoo.com/help/us/ysearch/slurp)"
67.195.112.34 - - [29/Aug/2010:05:17:48 -0500] "GET /404.php HTTP/1.0" 200 2954 "-" "Mozilla/5.0 (compatible; Yahoo! Slurp/3.0; http://help.yahoo.com/help/us/ysearch/slurp)"
67.195.112.34 - - [29/Aug/2010:05:17:48 -0500] "GET /main.css HTTP/1.0" 304 - "http://cs.olemiss.edu/404.php" "Mozilla/5.0 (compatible; Yahoo! Slurp/3.0; http://help.yahoo.com/help/us/ysearch/slurp)"
66.249.71.115 - - [29/Aug/2010:05:18:00 -0500] "GET /trac/csci487sp10/log/bjladner/courseDoc/Design%20Specification.pptx?rev=202 HTTP/1.1" 403 4408 "-" "Mozilla/5.0 (compatible; Googlebot/2.1; +http://www.google.com/bot.html)"
66.249.71.115 - - [29/Aug/2010:05:18:24 -0500] "GET /~sbs/download/cs345_InfoRetrieval/JDBC_Deitel/JHTP_ed5_ch23_examples/ibm-cloudscape/ HTTP/1.1" 200 979 "-" "Mozilla/5.0 (compatible; Googlebot/2.1; +http://www.google.com/bot.html)"
123.231.60.218 - - [29/Aug/2010:05:18:55 -0500] "GET /~hcc/papers/JavaCHIME.pdf HTTP/1.1" 206 190660 "http://www.cs.olemiss.edu/~hcc/papers/" "Mozilla/4.0 (compatible; MSIE 8.0; Windows NT 5.1)"
123.231.60.218 - - [29/Aug/2010:05:18:51 -0500] "GET /~hcc/papers/JavaCHIME.pdf HTTP/1.1" 200 383812 "http://www.cs.olemiss.edu/~hcc/papers/" "Mozilla/4.0 (compatible; MSIE 8.0; Windows NT 5.1)"
123.231.60.218 - - [29/Aug/2010:05:19:16 -0500] "GET /~hcc/papers/JavaCHIME.pdf HTTP/1.1" 206 39283 "http://www.cs.olemiss.edu/~hcc/papers/" "Mozilla/4.0 (compatible; MSIE 8.0; Windows NT 5.1)"
123.231.60.218 - - [29/Aug/2010:05:19:16 -0500] "GET /~hcc/papers/JavaCHIME.pdf HTTP/1.1" 206 34718 "http://www.cs.olemiss.edu/~hcc/papers/" "Mozilla/4.0 (compatible; MSIE 8.0; Windows NT 5.1)"
123.231.60.218 - - [29/Aug/2010:05:19:23 -0500] "GET /~hcc/papers/JavaCHIME.pdf HTTP/1.1" 206 39283 "http://www.cs.olemiss.edu/~hcc/papers/" "Mozilla/4.0 (compatible; MSIE 8.0; Windows NT 5.1)"
123.231.60.218 - - [29/Aug/2010:05:19:00 -0500] "GET /~hcc/papers/JavaCHIME.pdf HTTP/1.1" 206 92042 "http://www.cs.olemiss.edu/~hcc/papers/" "Mozilla/4.0 (compatible; MSIE 8.0; Windows NT 5.1)"
123.231.60.218 - - [29/Aug/2010:05:19:30 -0500] "GET /~hcc/papers/JavaCHIME.pdf HTTP/1.1" 206 13219 "http://www.cs.olemiss.edu/~hcc/papers/" "Mozilla/4.0 (compatible; MSIE 8.0; Windows NT 5.1)"
123.231.60.218 - - [29/Aug/2010:05:19:33 -0500] "GET /~hcc/papers/JavaCHIME.pdf HTTP/1.1" 206 15822 "http://www.cs.olemiss.edu/~hcc/papers/" "Mozilla/4.0 (compatible; MSIE 8.0; Windows NT 5.1)"
123.231.60.218 - - [29/Aug/2010:05:19:38 -0500] "GET /~hcc/papers/JavaCHIME.pdf HTTP/1.1" 206 13219 "http://www.cs.olemiss.edu/~hcc/papers/" "Mozilla/4.0 (compatible; MSIE 8.0; Windows NT 5.1)"
123.231.60.218 - - [29/Aug/2010:05:19:35 -0500] "GET /~hcc/papers/JavaCHIME.pdf HTTP/1.1" 206 71712 "http://www.cs.olemiss.edu/~hcc/papers/" "Mozilla/4.0 (compatible; MSIE 8.0; Windows NT 5.1)"
123.231.60.218 - - [29/Aug/2010:05:19:06 -0500] "GET /~hcc/papers/JavaCHIME.pdf HTTP/1.1" 206 70264 "http://www.cs.olemiss.edu/~hcc/papers/" "Mozilla/4.0 (compatible; MSIE 8.0; Windows NT 5.1)"
66.249.71.115 - - [29/Aug/2010:05:19:50 -0500] "GET /~hcc//distObj/notes/EJBIntro/exercises/SetupJ2EERI/index.html HTTP/1.1" 200 5673 "-" "SAMSUNG-SGH-E250/1.0 Profile/MIDP-2.0 Configuration/CLDC-1.1 UP.Browser/6.2.3.3.c.1.101 (GUI) MMP/2.0 (compatible; Googlebot-Mobile/2.1; +http://www.google.com/bot.html)"
66.249.71.115 - - [29/Aug/2010:05:20:47 -0500] "GET /~hcc/csci541/notes/541lectureNotes.html HTTP/1.1" 304 - "-" "SAMSUNG-SGH-E250/1.0 Profile/MIDP-2.0 Configuration/CLDC-1.1 UP.Browser/6.2.3.3.c.1.101 (GUI) MMP/2.0 (compatible; Googlebot-Mobile/2.1; +http://www.google.com/bot.html)"
66.249.71.56 - - [29/Aug/2010:05:21:01 -0500] "GET /~ychen/representative.htm HTTP/1.1" 200 9691 "-" "Googlebot/2.1 (+http://www.google.com/bot.html)"
88.131.106.6 - - [29/Aug/2010:05:23:14 -0500] "GET /robots.txt HTTP/1.0" 200 194 "-" "Mozilla/5.0 (Windows; U; Windows NT 5.1; en-US) Speedy Spider (http://www.entireweb.com/about/search_tech/speedy_spider/)"
88.131.106.5 - - [29/Aug/2010:05:23:15 -0500] "GET /~sbs/111fall99/ HTTP/1.0" 200 4497 "-" "Mozilla/5.0 (Windows; U; Windows NT 5.1; en-US) Speedy Spider (http://www.entireweb.com/about/search_tech/speedy_spider/)"
66.249.71.115 - - [29/Aug/2010:05:23:22 -0500] "GET /~ychen/courses/ENGR691F06/lecturenotes.htm HTTP/1.1" 200 6187 "-" "Googlebot/2.1 (+http://www.google.com/bot.html)"
67.195.37.182 - - [29/Aug/2010:05:23:23 -0500] "GET /abet/ENGL_102_Desc_2008_06_16.pdf HTTP/1.0" 200 9680 "-" "Mozilla/5.0 (compatible; Yahoo! Slurp/3.0; http://help.yahoo.com/help/us/ysearch/slurp)"
66.249.71.115 - - [29/Aug/2010:05:24:14 -0500] "GET /trac/csci487sp10/log/bjladner/courseDoc/Design%20Specification.docx?rev=118 HTTP/1.1" 403 4408 "-" "Mozilla/5.0 (compatible; Googlebot/2.1; +http://www.google.com/bot.html)"
220.181.7.73 - - [29/Aug/2010:05:25:09 -0500] "GET / HTTP/1.1" 200 5526 "-" "Baiduspider+(+http://www.baidu.com/search/spider.htm)"
66.249.71.115 - - [29/Aug/2010:05:25:12 -0500] "GET /~sbs/download/cs211_Java3/ch11/fig11_07/ HTTP/1.1" 200 877 "-" "Mozilla/5.0 (compatible; Googlebot/2.1; +http://www.google.com/bot.html)"
123.125.66.89 - - [29/Aug/2010:05:25:14 -0500] "GET / HTTP/1.1" 200 5526 "-" "Baiduspider+(+http://www.baidu.com/search/spider.htm)"
66.249.71.115 - - [29/Aug/2010:05:25:48 -0500] "GET /~hcc//csci487/99fall/97fall/csci487.html HTTP/1.1" 200 1890 "-" "SAMSUNG-SGH-E250/1.0 Profile/MIDP-2.0 Configuration/CLDC-1.1 UP.Browser/6.2.3.3.c.1.101 (GUI) MMP/2.0 (compatible; Googlebot-Mobile/2.1; +http://www.google.com/bot.html)"
66.249.71.115 - - [29/Aug/2010:05:26:07 -0500] "GET /trac/csci487sp10/log/bjladner/courseDoc/Design%20Specification.pptx?rev=187 HTTP/1.1" 403 4408 "-" "Mozilla/5.0 (compatible; Googlebot/2.1; +http://www.google.com/bot.html)"
207.46.13.98 - - [29/Aug/2010:05:26:11 -0500] "GET /~dwilkins/internetProg/sum08/homepages.html HTTP/1.1" 304 - "-" "msnbot/2.0b (+http://search.msn.com/msnbot.htm)"
66.249.71.115 - - [29/Aug/2010:05:28:36 -0500] "GET /trac/csci487sp10/log/bjladner/courseDoc/Design%20Specification.docx?rev=258 HTTP/1.1" 403 4408 "-" "Mozilla/5.0 (compatible; Googlebot/2.1; +http://www.google.com/bot.html)"
66.249.71.115 - - [29/Aug/2010:05:28:58 -0500] "GET /~hcc//softwareDesign/notes/SoftwareInterfaces/Assert.java HTTP/1.1" 200 7301 "-" "SAMSUNG-SGH-E250/1.0 Profile/MIDP-2.0 Configuration/CLDC-1.1 UP.Browser/6.2.3.3.c.1.101 (GUI) MMP/2.0 (compatible; Googlebot-Mobile/2.1; +http://www.google.com/bot.html)"
66.249.71.115 - - [29/Aug/2010:05:28:58 -0500] "GET /~hcc/softArch/00fall/notes/SoftwareInterfaces/DoubleLink.java HTTP/1.1" 404 259 "-" "SAMSUNG-SGH-E250/1.0 Profile/MIDP-2.0 Configuration/CLDC-1.1 UP.Browser/6.2.3.3.c.1.101 (GUI) MMP/2.0 (compatible; Googlebot-Mobile/2.1; +http://www.google.com/bot.html)"
66.249.71.56 - - [29/Aug/2010:05:29:06 -0500] "GET /~hcc/csci541/notes/541lectureNotes.html HTTP/1.1" 200 1247 "-" "Googlebot/2.1 (+http://www.google.com/bot.html)"
66.249.71.56 - - [29/Aug/2010:05:31:01 -0500] "GET /~hcc/csci581scala/notes/581lectureNotes.html HTTP/1.1" 200 3681 "-" "Googlebot/2.1 (+http://www.google.com/bot.html)"
66.249.71.115 - - [29/Aug/2010:05:31:08 -0500] "GET /~hcc//distObj/notes/EJBIntro/exercises/DeployingJ2EERI/index.html HTTP/1.1" 200 6699 "-" "SAMSUNG-SGH-E250/1.0 Profile/MIDP-2.0 Configuration/CLDC-1.1 UP.Browser/6.2.3.3.c.1.101 (GUI) MMP/2.0 (compatible; Googlebot-Mobile/2.1; +http://www.google.com/bot.html)"
65.52.53.245 - - [29/Aug/2010:05:31:08 -0500] "GET /robots.txt HTTP/1.1" 200 194 "-" "msnbot/2.0b (+http://search.msn.com/msnbot.htm)"
66.249.71.115 - - [29/Aug/2010:05:31:09 -0500] "GET /trac/csci487sp10/browser/bjladner/Code/tree/user/uploads?rev=321 HTTP/1.1" 200 9577 "-" "Mozilla/5.0 (compatible; Googlebot/2.1; +http://www.google.com/bot.html)"
66.249.71.115 - - [29/Aug/2010:05:31:56 -0500] "GET /~sbs/download/cs345_InfoRetrieval/JDBC_Deitel/advJHTP_ch08/examples/ HTTP/1.1" 200 1513 "-" "Mozilla/5.0 (compatible; Googlebot/2.1; +http://www.google.com/bot.html)"
116.52.41.113 - - [29/Aug/2010:05:32:20 -0500] "GET /about/welcome.html HTTP/1.1" 200 5890 "http://www.cs.olemiss.edu/" "Mozilla/5.0 (Windows; U; Windows NT 5.1; zh-CN; rv:1.9.2.8) Gecko/20100722 Firefox/3.6.8"
66.249.71.115 - - [29/Aug/2010:05:32:35 -0500] "GET /~hcc//csci541/541syl_sp08.html HTTP/1.1" 304 - "-" "SAMSUNG-SGH-E250/1.0 Profile/MIDP-2.0 Configuration/CLDC-1.1 UP.Browser/6.2.3.3.c.1.101 (GUI) MMP/2.0 (compatible; Googlebot-Mobile/2.1; +http://www.google.com/bot.html)"
66.249.71.56 - - [29/Aug/2010:05:33:21 -0500] "GET /~hcc/langEngr/notes/691lectureNotes.html HTTP/1.1" 200 15188 "-" "Googlebot/2.1 (+http://www.google.com/bot.html)"
66.249.71.115 - - [29/Aug/2010:05:33:49 -0500] "GET /~ychen/ HTTP/1.1" 304 - "-" "Mozilla/5.0 (compatible; Googlebot/2.1; +http://www.google.com/bot.html)"
66.249.71.115 - - [29/Aug/2010:05:33:50 -0500] "GET /trac/csci487sp10/browser/bjladner/Code/tree/schema.sql?rev=331&order=date HTTP/1.1" 200 12775 "-" "Mozilla/5.0 (compatible; Googlebot/2.1; +http://www.google.com/bot.html)"
66.249.71.115 - - [29/Aug/2010:05:33:59 -0500] "GET /~hcc/softArch/notes/691lectureNotes.html HTTP/1.1" 200 5667 "-" "Googlebot/2.1 (+http://www.google.com/bot.html)"
66.249.71.115 - - [29/Aug/2010:05:34:03 -0500] "GET /~hcc//softwareDesign/notes/SoftwareInterfaces/PostconditionViolation.java HTTP/1.1" 200 400 "-" "SAMSUNG-SGH-E250/1.0 Profile/MIDP-2.0 Configuration/CLDC-1.1 UP.Browser/6.2.3.3.c.1.101 (GUI) MMP/2.0 (compatible; Googlebot-Mobile/2.1; +http://www.google.com/bot.html)"
66.249.71.115 - - [29/Aug/2010:05:36:16 -0500] "GET /trac/csci487sp10/browser/bjladner/courseDoc?rev=116&order=author HTTP/1.1" 200 12693 "-" "Mozilla/5.0 (compatible; Googlebot/2.1; +http://www.google.com/bot.html)"
66.249.71.115 - - [29/Aug/2010:05:36:41 -0500] "GET /~hcc//softwareDesign/notes/SoftwareInterfaces/DoubleLink.java HTTP/1.1" 200 3193 "-" "SAMSUNG-SGH-E250/1.0 Profile/MIDP-2.0 Configuration/CLDC-1.1 UP.Browser/6.2.3.3.c.1.101 (GUI) MMP/2.0 (compatible; Googlebot-Mobile/2.1; +http://www.google.com/bot.html)"
66.249.71.115 - - [29/Aug/2010:05:37:25 -0500] "GET /~hcc/engr692fam/notes/692lectureNotes.html HTTP/1.1" 200 11897 "-" "Googlebot/2.1 (+http://www.google.com/bot.html)"
78.94.248.223 - - [29/Aug/2010:05:37:41 -0500] "GET /~sbs/download/cs211_Java3/appG/Unicode.java HTTP/1.1" 200 3984 "-" "Mozilla/5.0 (Windows; U; Windows NT 6.1; de; rv:1.9.2.8) Gecko/20100722 Firefox/3.6.8"
78.94.248.223 - - [29/Aug/2010:05:37:41 -0500] "GET /favicon.ico HTTP/1.1" 200 318 "-" "Mozilla/5.0 (Windows; U; Windows NT 6.1; de; rv:1.9.2.8) Gecko/20100722 Firefox/3.6.8"
66.249.71.56 - - [29/Aug/2010:05:38:08 -0500] "GET /~hcc/papers.html HTTP/1.1" 200 21362 "-" "Googlebot/2.1 (+http://www.google.com/bot.html)"
66.249.71.115 - - [29/Aug/2010:05:38:49 -0500] "GET /~sbs/download/cs211_Java3/ch11/fig11_23/ HTTP/1.1" 200 873 "-" "Mozilla/5.0 (compatible; Googlebot/2.1; +http://www.google.com/bot.html)"
66.249.71.115 - - [29/Aug/2010:05:38:50 -0500] "GET /trac/csci487sp10/browser/bjladner/Code/tree/user?rev=237&order=date&desc=1 HTTP/1.1" 200 12148 "-" "Mozilla/5.0 (compatible; Googlebot/2.1; +http://www.google.com/bot.html)"
116.52.41.113 - - [29/Aug/2010:05:39:24 -0500] "GET /research/ HTTP/1.1" 200 2405 "http://www.cs.olemiss.edu/about/welcome.html" "Mozilla/5.0 (Windows; U; Windows NT 5.1; zh-CN; rv:1.9.2.8) Gecko/20100722 Firefox/3.6.8"
116.52.41.113 - - [29/Aug/2010:05:39:26 -0500] "GET /research/publists.html HTTP/1.1" 200 2960 "http://www.cs.olemiss.edu/research/" "Mozilla/5.0 (Windows; U; Windows NT 5.1; zh-CN; rv:1.9.2.8) Gecko/20100722 Firefox/3.6.8"
