66.249.71.115 - - [29/Aug/2010:07:31:01 -0500] "GET /~hcc//csci500//notes/311lectureNotes.html HTTP/1.1" 200 1018 "-" "SAMSUNG-SGH-E250/1.0 Profile/MIDP-2.0 Configuration/CLDC-1.1 UP.Browser/6.2.3.3.c.1.101 (GUI) MMP/2.0 (compatible; Googlebot-Mobile/2.1; +http://www.google.com/bot.html)"
66.249.71.115 - - [29/Aug/2010:07:31:02 -0500] "GET /~hcc//distObj/notes/EJBIntro/exercises/SessionBean/InventoryHome.java HTTP/1.1" 200 162 "-" "SAMSUNG-SGH-E250/1.0 Profile/MIDP-2.0 Configuration/CLDC-1.1 UP.Browser/6.2.3.3.c.1.101 (GUI) MMP/2.0 (compatible; Googlebot-Mobile/2.1; +http://www.google.com/bot.html)"
66.249.71.115 - - [29/Aug/2010:07:31:02 -0500] "GET /~hcc//distObj/notes/EJBIntro/exercises/SetupJ2EERI/help.html HTTP/1.1" 200 6300 "-" "SAMSUNG-SGH-E250/1.0 Profile/MIDP-2.0 Configuration/CLDC-1.1 UP.Browser/6.2.3.3.c.1.101 (GUI) MMP/2.0 (compatible; Googlebot-Mobile/2.1; +http://www.google.com/bot.html)"
66.249.71.115 - - [29/Aug/2010:07:31:03 -0500] "GET /~hcc//distObj/notes/EJBIntro/exercises/EntityBean/solution/MusicCDHome.java HTTP/1.1" 200 342 "-" "SAMSUNG-SGH-E250/1.0 Profile/MIDP-2.0 Configuration/CLDC-1.1 UP.Browser/6.2.3.3.c.1.101 (GUI) MMP/2.0 (compatible; Googlebot-Mobile/2.1; +http://www.google.com/bot.html)"
66.249.71.115 - - [29/Aug/2010:07:31:04 -0500] "GET /~hcc//distObj/notes/EJBIntro/exercises/Client/MusicInventoryClient.java HTTP/1.1" 200 1879 "-" "SAMSUNG-SGH-E250/1.0 Profile/MIDP-2.0 Configuration/CLDC-1.1 UP.Browser/6.2.3.3.c.1.101 (GUI) MMP/2.0 (compatible; Googlebot-Mobile/2.1; +http://www.google.com/bot.html)"
66.249.71.115 - - [29/Aug/2010:07:31:05 -0500] "GET /~hcc//csci500//99fall/csci311.html HTTP/1.1" 404 232 "-" "SAMSUNG-SGH-E250/1.0 Profile/MIDP-2.0 Configuration/CLDC-1.1 UP.Browser/6.2.3.3.c.1.101 (GUI) MMP/2.0 (compatible; Googlebot-Mobile/2.1; +http://www.google.com/bot.html)"
66.249.71.115 - - [29/Aug/2010:07:31:06 -0500] "GET /~hcc//distObj/notes/EJBIntro/exercises/DeployingJ2EERI/help.html HTTP/1.1" 200 7650 "-" "SAMSUNG-SGH-E250/1.0 Profile/MIDP-2.0 Configuration/CLDC-1.1 UP.Browser/6.2.3.3.c.1.101 (GUI) MMP/2.0 (compatible; Googlebot-Mobile/2.1; +http://www.google.com/bot.html)"
66.249.71.115 - - [29/Aug/2010:07:31:07 -0500] "GET /~hcc//distObj/notes/EJBIntro/exercises/EntityBean/solution/ejb-jar.xml HTTP/1.1" 200 1262 "-" "SAMSUNG-SGH-E250/1.0 Profile/MIDP-2.0 Configuration/CLDC-1.1 UP.Browser/6.2.3.3.c.1.101 (GUI) MMP/2.0 (compatible; Googlebot-Mobile/2.1; +http://www.google.com/bot.html)"
66.249.71.115 - - [29/Aug/2010:07:31:08 -0500] "GET /~hcc//csci500/csci500/99fall/csci500.html HTTP/1.1" 404 244 "-" "SAMSUNG-SGH-E250/1.0 Profile/MIDP-2.0 Configuration/CLDC-1.1 UP.Browser/6.2.3.3.c.1.101 (GUI) MMP/2.0 (compatible; Googlebot-Mobile/2.1; +http://www.google.com/bot.html)"
66.249.71.115 - - [29/Aug/2010:07:31:09 -0500] "GET /~hcc//distObj/notes/EJBIntro/exercises/SessionBean/Inventory.java HTTP/1.1" 200 195 "-" "SAMSUNG-SGH-E250/1.0 Profile/MIDP-2.0 Configuration/CLDC-1.1 UP.Browser/6.2.3.3.c.1.101 (GUI) MMP/2.0 (compatible; Googlebot-Mobile/2.1; +http://www.google.com/bot.html)"
66.249.71.115 - - [29/Aug/2010:07:31:10 -0500] "GET /~hcc//distObj/notes/EJBIntro/exercises/SessionBean/solution/Inventory.java HTTP/1.1" 200 194 "-" "SAMSUNG-SGH-E250/1.0 Profile/MIDP-2.0 Configuration/CLDC-1.1 UP.Browser/6.2.3.3.c.1.101 (GUI) MMP/2.0 (compatible; Googlebot-Mobile/2.1; +http://www.google.com/bot.html)"
66.249.71.115 - - [29/Aug/2010:07:31:11 -0500] "GET /~hcc//distObj/notes/EJBIntro/exercises/EntityBean/MusicCD.java HTTP/1.1" 200 231 "-" "SAMSUNG-SGH-E250/1.0 Profile/MIDP-2.0 Configuration/CLDC-1.1 UP.Browser/6.2.3.3.c.1.101 (GUI) MMP/2.0 (compatible; Googlebot-Mobile/2.1; +http://www.google.com/bot.html)"
66.249.71.115 - - [29/Aug/2010:07:32:08 -0500] "GET /~hcc//distObj/notes/EJBIntro/exercises/SessionBean/MusicData.java HTTP/1.1" 200 640 "-" "SAMSUNG-SGH-E250/1.0 Profile/MIDP-2.0 Configuration/CLDC-1.1 UP.Browser/6.2.3.3.c.1.101 (GUI) MMP/2.0 (compatible; Googlebot-Mobile/2.1; +http://www.google.com/bot.html)"
66.249.71.115 - - [29/Aug/2010:07:33:56 -0500] "GET /trac/csci487sp10/log/bjladner/courseDoc/CAMPUS%20EXCHANGE%20MANUAL.docx?rev=222 HTTP/1.1" 403 4408 "-" "Mozilla/5.0 (compatible; Googlebot/2.1; +http://www.google.com/bot.html)"
95.30.133.229 - - [29/Aug/2010:07:33:54 -0500] "GET /%7Ehcc/papers/MultiparadigmProgInScala.ppt HTTP/1.0" 200 181760 "http://www.cs.olemiss.edu/%7Ehcc/papers/MultiparadigmProgInScala.ppt" "Mozilla/4.0 (compatible; MSIE 7.0b; Windows NT 6.0)"
67.195.37.182 - - [29/Aug/2010:07:34:45 -0500] "GET /news/2003/3.html HTTP/1.0" 200 2770 "-" "Mozilla/5.0 (compatible; Yahoo! Slurp/3.0; http://help.yahoo.com/help/us/ysearch/slurp)"
208.80.194.32 - - [29/Aug/2010:07:35:13 -0500] "GET / HTTP/1.0" 200 5526 "-" "Mozilla/4.0 (compatible; MSIE 6.0; AOL 9.0; Windows NT 5.1; SV1; Rare-Lyrics Toolbar; .NET CLR 1.1.4322)"
74.6.70.236 - - [29/Aug/2010:07:39:42 -0500] "GET /news/($ROOT)/csss/20050831-eclipse.html HTTP/1.0" 302 213 "-" "Wget/1.10.2 (Red Hat modified)"
74.6.70.236 - - [29/Aug/2010:07:39:42 -0500] "GET /404.php HTTP/1.0" 200 2954 "-" "Wget/1.10.2 (Red Hat modified)"
207.46.204.237 - - [29/Aug/2010:07:40:09 -0500] "GET /alumni/letter.html HTTP/1.1" 304 - "-" "msnbot/2.0b (+http://search.msn.com/msnbot.htm)"
66.249.71.115 - - [29/Aug/2010:07:40:41 -0500] "GET /~hcc//distObj/notes/EJBIntro/exercises/EntityBean/solution/MusicCD.java HTTP/1.1" 200 616 "-" "SAMSUNG-SGH-E250/1.0 Profile/MIDP-2.0 Configuration/CLDC-1.1 UP.Browser/6.2.3.3.c.1.101 (GUI) MMP/2.0 (compatible; Googlebot-Mobile/2.1; +http://www.google.com/bot.html)"
66.249.71.115 - - [29/Aug/2010:07:43:56 -0500] "GET /trac/csci487sp10/browser/bjladner/Code/tree/system?rev=116&order=size HTTP/1.1" 200 9247 "-" "Mozilla/5.0 (compatible; Googlebot/2.1; +http://www.google.com/bot.html)"
91.214.47.166 - - [29/Aug/2010:07:45:41 -0500] "GET /%25257Ehcc/distObj/homework/projectTopics.html HTTP/1.0" 302 213 "http://www.cs.olemiss.edu/%25257Ehcc/distObj/homework/projectTopics.html" "Mozilla/4.0 (compatible; MSIE 6.0; Windows NT 5.0; .NET CLR 1.0.3705; .NET CLR 1.1.4322)"
91.214.47.166 - - [29/Aug/2010:07:45:41 -0500] "GET /404.php HTTP/1.0" 200 2954 "http://cs.olemiss.edu/404.php" "Mozilla/4.0 (compatible; MSIE 6.0; Windows NT 5.0; .NET CLR 1.0.3705; .NET CLR 1.1.4322)"
91.214.47.166 - - [29/Aug/2010:07:45:41 -0500] "GET / HTTP/1.0" 200 5526 "http://cs.olemiss.edu/" "Mozilla/4.0 (compatible; MSIE 6.0; Windows NT 5.0; .NET CLR 1.0.3705; .NET CLR 1.1.4322)"
59.180.162.106 - - [29/Aug/2010:07:46:27 -0500] "GET /~cbzickos/download_files/387/ppts/ch13.ppt HTTP/1.1" 200 3725824 "http://www.google.co.in/url?sa=t&source=web&cd=16&ved=0CCgQFjAFOAo&url=http%3A%2F%2Fwww.cs.olemiss.edu%2F~cbzickos%2Fdownload_files%2F387%2Fppts%2Fch13.ppt&rct=j&q=object%20oriented%20software%20and%20classical%20software%20engineering%20difference&ei=H1V6TNqIEcyqcfyc-OYF&usg=AFQjCNGCWsXiIX4XNv0ytHDKF4TQXac1dQ" "Mozilla/5.0 (Windows; U; Windows NT 5.1; en-US; rv:1.9.0.19) Gecko/2010031422 Firefox/3.0.19"
66.249.71.56 - - [29/Aug/2010:07:48:04 -0500] "GET /~sbs/tafall2000/originals/phani.jpg HTTP/1.1" 304 - "-" "Googlebot-Image/1.0"
66.249.71.115 - - [29/Aug/2010:07:49:50 -0500] "GET /~hcc/csci581oo/97fall/notes/OOintro.html HTTP/1.1" 200 25110 "-" "Mozilla/5.0 (compatible; Googlebot/2.1; +http://www.google.com/bot.html)"
66.249.71.115 - - [29/Aug/2010:07:49:50 -0500] "GET /trac/csci487sp10/export/211/bjladner/courseDoc/Design%20Specification.pptx HTTP/1.1" 200 285777 "-" "Mozilla/5.0 (compatible; Googlebot/2.1; +http://www.google.com/bot.html)"
66.249.71.115 - - [29/Aug/2010:07:49:51 -0500] "GET /trac/csci487sp10/browser/bjladner/Code/tree?rev=91 HTTP/1.1" 200 11616 "-" "Mozilla/5.0 (compatible; Googlebot/2.1; +http://www.google.com/bot.html)"
66.249.71.115 - - [29/Aug/2010:07:49:51 -0500] "GET /trac/csci487sp10/browser/bjladner/Code/tree/system?rev=133&order=date HTTP/1.1" 200 9247 "-" "Mozilla/5.0 (compatible; Googlebot/2.1; +http://www.google.com/bot.html)"
66.249.71.115 - - [29/Aug/2010:07:49:52 -0500] "GET /trac/csci487sp10/browser/bjladner/Code/tree?rev=299&order=date HTTP/1.1" 200 11677 "-" "Mozilla/5.0 (compatible; Googlebot/2.1; +http://www.google.com/bot.html)"
66.249.71.115 - - [29/Aug/2010:07:49:52 -0500] "GET /trac/csci487sp10/log/bjladner/Code/tree?rev=198 HTTP/1.1" 403 4408 "-" "Mozilla/5.0 (compatible; Googlebot/2.1; +http://www.google.com/bot.html)"
66.249.71.115 - - [29/Aug/2010:07:49:53 -0500] "GET /trac/csci487sp10/log/bjladner/courseDoc/CAMPUS%20EXCHANGE%20MANUAL.docx?rev=302 HTTP/1.1" 403 4408 "-" "Mozilla/5.0 (compatible; Googlebot/2.1; +http://www.google.com/bot.html)"
66.249.71.115 - - [29/Aug/2010:07:49:54 -0500] "GET /trac/csci487sp10/log/bjladner/courseDoc/Design%20Specification.pptx?rev=292 HTTP/1.1" 403 4408 "-" "Mozilla/5.0 (compatible; Googlebot/2.1; +http://www.google.com/bot.html)"
66.249.71.115 - - [29/Aug/2010:07:50:22 -0500] "GET /~dwilkins/CSCI502/spr08/prog7.html HTTP/1.1" 200 4872 "-" "Mozilla/5.0 (compatible; Googlebot/2.1; +http://www.google.com/bot.html)"
66.249.71.115 - - [29/Aug/2010:07:50:22 -0500] "GET /trac/csci487sp10/browser/bjladner/Code/tree/user?rev=67&order=date&desc=1 HTTP/1.1" 200 12148 "-" "Mozilla/5.0 (compatible; Googlebot/2.1; +http://www.google.com/bot.html)"
66.249.71.115 - - [29/Aug/2010:07:50:42 -0500] "GET /~hcc//distObj/notes/EJBIntro/exercises/Client/solution/MusicClient.java HTTP/1.1" 200 1981 "-" "SAMSUNG-SGH-E250/1.0 Profile/MIDP-2.0 Configuration/CLDC-1.1 UP.Browser/6.2.3.3.c.1.101 (GUI) MMP/2.0 (compatible; Googlebot-Mobile/2.1; +http://www.google.com/bot.html)"
207.46.13.90 - - [29/Aug/2010:07:54:15 -0500] "GET /~hcc/csci555/98fall/555syl_f98.html HTTP/1.1" 304 - "-" "msnbot/2.0b (+http://search.msn.com/msnbot.htm)"
75.143.79.240 - - [29/Aug/2010:07:55:36 -0500] "GET /acmse2010/ HTTP/1.1" 200 90 "http://www.google.com/url?sa=t&source=web&cd=1&ved=0CBIQFjAA&url=http%3A%2F%2Fwww.cs.olemiss.edu%2Facmse2010%2F&rct=j&q=48th%20ACM%20SouthEast%20Conference&ei=y1d6TO6MIoWclges0f2vCg&usg=AFQjCNH7idkIdQlQCTxw1IRegCdcC8rkGA" "Mozilla/5.0 (Macintosh; U; Intel Mac OS X 10.5; en-US; rv:1.9.2.8) Gecko/20100722 Firefox/3.6.8"
75.143.79.240 - - [29/Aug/2010:07:55:36 -0500] "GET /favicon.ico HTTP/1.1" 200 318 "-" "Mozilla/5.0 (Macintosh; U; Intel Mac OS X 10.5; en-US; rv:1.9.2.8) Gecko/20100722 Firefox/3.6.8"
75.143.79.240 - - [29/Aug/2010:07:55:36 -0500] "GET /acmse2010/Home.htm HTTP/1.1" 200 5434 "-" "Mozilla/5.0 (Macintosh; U; Intel Mac OS X 10.5; en-US; rv:1.9.2.8) Gecko/20100722 Firefox/3.6.8"
75.143.79.240 - - [29/Aug/2010:07:55:36 -0500] "GET /acmse2010/styles/acmse2010.css HTTP/1.1" 200 7639 "http://www.cs.olemiss.edu/acmse2010/Home.htm" "Mozilla/5.0 (Macintosh; U; Intel Mac OS X 10.5; en-US; rv:1.9.2.8) Gecko/20100722 Firefox/3.6.8"
75.143.79.240 - - [29/Aug/2010:07:55:36 -0500] "GET /acmse2010/images/180px-Lyceum.jpg HTTP/1.1" 200 20654 "http://www.cs.olemiss.edu/acmse2010/Home.htm" "Mozilla/5.0 (Macintosh; U; Intel Mac OS X 10.5; en-US; rv:1.9.2.8) Gecko/20100722 Firefox/3.6.8"
75.143.79.240 - - [29/Aug/2010:07:55:36 -0500] "GET /acmse2010/images/acmse2010header_transparent_bg.png HTTP/1.1" 200 560860 "http://www.cs.olemiss.edu/acmse2010/Home.htm" "Mozilla/5.0 (Macintosh; U; Intel Mac OS X 10.5; en-US; rv:1.9.2.8) Gecko/20100722 Firefox/3.6.8"
75.143.79.240 - - [29/Aug/2010:07:55:46 -0500] "GET /acmse2010/Technical_Program_bird.htm HTTP/1.1" 200 9344 "http://www.cs.olemiss.edu/acmse2010/Home.htm" "Mozilla/5.0 (Macintosh; U; Intel Mac OS X 10.5; en-US; rv:1.9.2.8) Gecko/20100722 Firefox/3.6.8"
75.143.79.240 - - [29/Aug/2010:07:55:46 -0500] "GET /acmse2010/styles/acmse2010_birdview.css HTTP/1.1" 200 885 "http://www.cs.olemiss.edu/acmse2010/Technical_Program_bird.htm" "Mozilla/5.0 (Macintosh; U; Intel Mac OS X 10.5; en-US; rv:1.9.2.8) Gecko/20100722 Firefox/3.6.8"
75.143.79.240 - - [29/Aug/2010:07:55:46 -0500] "GET /acmse2010/images/proceeding_header.png HTTP/1.1" 200 72281 "http://www.cs.olemiss.edu/acmse2010/Technical_Program_bird.htm" "Mozilla/5.0 (Macintosh; U; Intel Mac OS X 10.5; en-US; rv:1.9.2.8) Gecko/20100722 Firefox/3.6.8"
75.143.79.240 - - [29/Aug/2010:07:55:46 -0500] "GET /acmse2010/images/WorkshopCancellation.png HTTP/1.1" 200 3637 "http://www.cs.olemiss.edu/acmse2010/styles/acmse2010.css" "Mozilla/5.0 (Macintosh; U; Intel Mac OS X 10.5; en-US; rv:1.9.2.8) Gecko/20100722 Firefox/3.6.8"
67.195.37.182 - - [29/Aug/2010:07:56:18 -0500] "GET /~hcc/csci311/99fall/csci311.html HTTP/1.0" 200 1993 "-" "Mozilla/5.0 (compatible; Yahoo! Slurp/3.0; http://help.yahoo.com/help/us/ysearch/slurp)"
66.249.71.194 - - [29/Aug/2010:07:56:26 -0500] "GET /pipermail/undergrad/2005-April/000088.html HTTP/1.1" 304 - "-" "SAMSUNG-SGH-E250/1.0 Profile/MIDP-2.0 Configuration/CLDC-1.1 UP.Browser/6.2.3.3.c.1.101 (GUI) MMP/2.0 (compatible; Googlebot-Mobile/2.1; +http://www.google.com/bot.html)"
66.249.71.115 - - [29/Aug/2010:07:56:28 -0500] "GET /~hcc//distObj/notes/EJBIntro/exercises/SessionBean/help.html HTTP/1.1" 200 4377 "-" "SAMSUNG-SGH-E250/1.0 Profile/MIDP-2.0 Configuration/CLDC-1.1 UP.Browser/6.2.3.3.c.1.101 (GUI) MMP/2.0 (compatible; Googlebot-Mobile/2.1; +http://www.google.com/bot.html)"
66.249.71.115 - - [29/Aug/2010:07:56:29 -0500] "GET /~hcc//csci500//homework/311assign.html HTTP/1.1" 200 1060 "-" "SAMSUNG-SGH-E250/1.0 Profile/MIDP-2.0 Configuration/CLDC-1.1 UP.Browser/6.2.3.3.c.1.101 (GUI) MMP/2.0 (compatible; Googlebot-Mobile/2.1; +http://www.google.com/bot.html)"
66.249.71.115 - - [29/Aug/2010:07:56:30 -0500] "GET /trac/csci487sp10/browser/bjladner/Code/tree/user?rev=315&desc=1 HTTP/1.1" 200 12088 "-" "Mozilla/5.0 (compatible; Googlebot/2.1; +http://www.google.com/bot.html)"
67.195.37.182 - - [29/Aug/2010:07:59:10 -0500] "GET /~hcc/csci581oo/notes/SoftwareInterfaces/ArrayRankedSeq.java HTTP/1.0" 404 257 "-" "Mozilla/5.0 (compatible; Yahoo! Slurp/3.0; http://help.yahoo.com/help/us/ysearch/slurp)"
222.231.42.194 - - [29/Aug/2010:07:59:42 -0500] "GET /robots.txt HTTP/1.1" 200 194 "-" "Mozilla/5.0 (compatible; MSIE or Firefox mutant; not on Windows server; +http://ws.daum.net/aboutWebSearch.html) Daumoa/2.0"
222.231.42.194 - - [29/Aug/2010:07:59:43 -0500] "GET /research/2003-pubs.html HTTP/1.1" 200 7314 "http://cs.olemiss.edu/" "Mozilla/5.0 (compatible; MSIE or Firefox mutant; not on Windows server; +http://ws.daum.net/aboutWebSearch.html) Daumoa/2.0"
93.210.122.207 - - [29/Aug/2010:07:58:06 -0500] "GET /~dwilkins/script/spr06/data/notspam HTTP/1.1" 200 126264 "-" "ydsvgGGkabmo0odcxc0msyfunlgi"
207.46.12.76 - - [29/Aug/2010:08:00:33 -0500] "GET /~hcc/papers/DivConq_Presentation_Final.ppt HTTP/1.1" 200 118272 "-" "Mozilla/4.0 (compatible; MSIE 7.0; Windows NT 5.1;  SLCC1;  .NET CLR 1.1.4325;  .NET CLR 2.0.40607;  .NET CLR 3.0.30729;  .NET CLR 3.5.30707)"
67.195.112.34 - - [29/Aug/2010:08:03:32 -0500] "GET /~sbs/download/cs490_Fall2003/?C=M;O=A HTTP/1.0" 200 1847 "-" "Mozilla/5.0 (compatible; Yahoo! Slurp/3.0; http://help.yahoo.com/help/us/ysearch/slurp)"
66.249.71.115 - - [29/Aug/2010:08:05:16 -0500] "GET /trac/csci487sp10/log/bjladner/courseDoc/Design%20Specification.docx?rev=77 HTTP/1.1" 403 4408 "-" "Mozilla/5.0 (compatible; Googlebot/2.1; +http://www.google.com/bot.html)"
67.195.37.182 - - [29/Aug/2010:08:06:24 -0500] "GET /~hcc/engr664/notes/664lectureNotes.html HTTP/1.0" 200 735 "-" "Mozilla/5.0 (compatible; Yahoo! Slurp/3.0; http://help.yahoo.com/help/us/ysearch/slurp)"
65.95.11.161 - - [29/Aug/2010:08:06:24 -0500] "GET /~hcc/csci550/notes/principles.pdf HTTP/1.1" 200 51586 "-" "Mozilla/5.0 (Windows; U; Windows NT 5.1; en-US) AppleWebKit/533.16 (KHTML, like Gecko) Version/5.0 Safari/533.16"
67.195.37.182 - - [29/Aug/2010:08:06:34 -0500] "GET /academics/schedules/2006spring.html HTTP/1.0" 200 15751 "-" "Mozilla/5.0 (compatible; Yahoo! Slurp/3.0; http://help.yahoo.com/help/us/ysearch/slurp)"
76.0.187.31 - - [29/Aug/2010:08:09:01 -0500] "GET /~sbs/211fall98/test01.html HTTP/1.1" 200 12964 "-" "Mozilla/5.0 (Windows; U; Windows NT 5.1; en-US; rv:1.9.2.8) Gecko/20100722 Firefox/3.6.8"
76.0.187.31 - - [29/Aug/2010:08:09:01 -0500] "GET /~sbs/wmrk/wmrk211.jpg HTTP/1.1" 200 794 "http://cs.olemiss.edu/~sbs/211fall98/test01.html" "Mozilla/5.0 (Windows; U; Windows NT 5.1; en-US; rv:1.9.2.8) Gecko/20100722 Firefox/3.6.8"
76.0.187.31 - - [29/Aug/2010:08:09:01 -0500] "GET /~sbs/211fall98/mystery.gif HTTP/1.1" 200 2907 "http://cs.olemiss.edu/~sbs/211fall98/test01.html" "Mozilla/5.0 (Windows; U; Windows NT 5.1; en-US; rv:1.9.2.8) Gecko/20100722 Firefox/3.6.8"
76.0.187.31 - - [29/Aug/2010:08:09:01 -0500] "GET /favicon.ico HTTP/1.1" 200 318 "-" "Mozilla/5.0 (Windows; U; Windows NT 5.1; en-US; rv:1.9.2.8) Gecko/20100722 Firefox/3.6.8"
66.249.71.115 - - [29/Aug/2010:08:09:57 -0500] "GET /~hcc/csci581oo/notes/patterns.html HTTP/1.1" 200 13331 "-" "Mozilla/5.0 (compatible; Googlebot/2.1; +http://www.google.com/bot.html)"
67.195.37.182 - - [29/Aug/2010:08:11:37 -0500] "GET /~hcc/csci311/notes/311lectureNotes.html HTTP/1.0" 200 1018 "-" "Mozilla/5.0 (compatible; Yahoo! Slurp/3.0; http://help.yahoo.com/help/us/ysearch/slurp)"
68.54.84.189 - - [29/Aug/2010:08:11:59 -0500] "GET /people/faculty/maginnis.html HTTP/1.1" 200 3467 "http://www.google.com/search?client=safari&rls=en&q=tobin+aginnis&ie=UTF-8&oe=UTF-8" "Mozilla/5.0 (Macintosh; U; Intel Mac OS X 10_5_8; en-us) AppleWebKit/533.17.8 (KHTML, like Gecko) Version/5.0.1 Safari/533.17.8"
68.54.84.189 - - [29/Aug/2010:08:11:59 -0500] "GET /main.css HTTP/1.1" 200 1362 "http://www.cs.olemiss.edu/people/faculty/maginnis.html" "Mozilla/5.0 (Macintosh; U; Intel Mac OS X 10_5_8; en-us) AppleWebKit/533.17.8 (KHTML, like Gecko) Version/5.0.1 Safari/533.17.8"
68.54.84.189 - - [29/Aug/2010:08:11:59 -0500] "GET /images//header.png HTTP/1.1" 200 44168 "http://www.cs.olemiss.edu/people/faculty/maginnis.html" "Mozilla/5.0 (Macintosh; U; Intel Mac OS X 10_5_8; en-us) AppleWebKit/533.17.8 (KHTML, like Gecko) Version/5.0.1 Safari/533.17.8"
68.54.84.189 - - [29/Aug/2010:08:11:59 -0500] "GET /images/faculty/maginnis.jpg HTTP/1.1" 200 26156 "http://www.cs.olemiss.edu/people/faculty/maginnis.html" "Mozilla/5.0 (Macintosh; U; Intel Mac OS X 10_5_8; en-us) AppleWebKit/533.17.8 (KHTML, like Gecko) Version/5.0.1 Safari/533.17.8"
68.54.84.189 - - [29/Aug/2010:08:11:59 -0500] "GET /favicon.ico HTTP/1.1" 200 318 "http://www.cs.olemiss.edu/people/faculty/maginnis.html" "Mozilla/5.0 (Macintosh; U; Intel Mac OS X 10_5_8; en-us) AppleWebKit/533.17.8 (KHTML, like Gecko) Version/5.0.1 Safari/533.17.8"
66.249.71.115 - - [29/Aug/2010:08:13:14 -0500] "GET /trac/csci487sp10/browser/bjladner/Code/tree?rev=62&order=date HTTP/1.1" 200 11676 "-" "Mozilla/5.0 (compatible; Googlebot/2.1; +http://www.google.com/bot.html)"
68.54.84.189 - - [29/Aug/2010:08:13:42 -0500] "GET /index.html HTTP/1.1" 200 5526 "http://pix.cs.olemiss.edu/ptm3.html" "Mozilla/5.0 (Macintosh; U; Intel Mac OS X 10_5_8; en-us) AppleWebKit/533.17.8 (KHTML, like Gecko) Version/5.0.1 Safari/533.17.8"
68.54.84.189 - - [29/Aug/2010:08:13:43 -0500] "GET /images/frontpage/weirfrontleft.jpg HTTP/1.1" 200 12348 "http://www.cs.olemiss.edu/index.html" "Mozilla/5.0 (Macintosh; U; Intel Mac OS X 10_5_8; en-us) AppleWebKit/533.17.8 (KHTML, like Gecko) Version/5.0.1 Safari/533.17.8"
68.54.84.189 - - [29/Aug/2010:08:13:43 -0500] "GET /images/cra.gif HTTP/1.1" 200 7913 "http://www.cs.olemiss.edu/index.html" "Mozilla/5.0 (Macintosh; U; Intel Mac OS X 10_5_8; en-us) AppleWebKit/533.17.8 (KHTML, like Gecko) Version/5.0.1 Safari/533.17.8"
68.54.84.189 - - [29/Aug/2010:08:13:43 -0500] "GET /images/acm.gif HTTP/1.1" 200 4431 "http://www.cs.olemiss.edu/index.html" "Mozilla/5.0 (Macintosh; U; Intel Mac OS X 10_5_8; en-us) AppleWebKit/533.17.8 (KHTML, like Gecko) Version/5.0.1 Safari/533.17.8"
68.54.84.189 - - [29/Aug/2010:08:13:48 -0500] "GET /acmse2010 HTTP/1.1" 301 245 "http://www.cs.olemiss.edu/index.html" "Mozilla/5.0 (Macintosh; U; Intel Mac OS X 10_5_8; en-us) AppleWebKit/533.17.8 (KHTML, like Gecko) Version/5.0.1 Safari/533.17.8"
68.54.84.189 - - [29/Aug/2010:08:13:48 -0500] "GET /acmse2010/ HTTP/1.1" 200 90 "http://www.cs.olemiss.edu/index.html" "Mozilla/5.0 (Macintosh; U; Intel Mac OS X 10_5_8; en-us) AppleWebKit/533.17.8 (KHTML, like Gecko) Version/5.0.1 Safari/533.17.8"
68.54.84.189 - - [29/Aug/2010:08:13:48 -0500] "GET /acmse2010/Home.htm HTTP/1.1" 200 5434 "http://www.cs.olemiss.edu/acmse2010/" "Mozilla/5.0 (Macintosh; U; Intel Mac OS X 10_5_8; en-us) AppleWebKit/533.17.8 (KHTML, like Gecko) Version/5.0.1 Safari/533.17.8"
68.54.84.189 - - [29/Aug/2010:08:13:48 -0500] "GET /acmse2010/images/180px-Lyceum.jpg HTTP/1.1" 200 20654 "http://www.cs.olemiss.edu/acmse2010/Home.htm" "Mozilla/5.0 (Macintosh; U; Intel Mac OS X 10_5_8; en-us) AppleWebKit/533.17.8 (KHTML, like Gecko) Version/5.0.1 Safari/533.17.8"
68.54.84.189 - - [29/Aug/2010:08:13:48 -0500] "GET /acmse2010/styles/acmse2010.css HTTP/1.1" 200 7639 "http://www.cs.olemiss.edu/acmse2010/Home.htm" "Mozilla/5.0 (Macintosh; U; Intel Mac OS X 10_5_8; en-us) AppleWebKit/533.17.8 (KHTML, like Gecko) Version/5.0.1 Safari/533.17.8"
68.54.84.189 - - [29/Aug/2010:08:13:48 -0500] "GET /acmse2010/images/acmse2010header_transparent_bg.png HTTP/1.1" 200 560860 "http://www.cs.olemiss.edu/acmse2010/Home.htm" "Mozilla/5.0 (Macintosh; U; Intel Mac OS X 10_5_8; en-us) AppleWebKit/533.17.8 (KHTML, like Gecko) Version/5.0.1 Safari/533.17.8"
68.54.84.189 - - [29/Aug/2010:08:13:56 -0500] "GET /acmse2010/Keynote_Speakers.htm HTTP/1.1" 200 7943 "http://www.cs.olemiss.edu/acmse2010/Home.htm" "Mozilla/5.0 (Macintosh; U; Intel Mac OS X 10_5_8; en-us) AppleWebKit/533.17.8 (KHTML, like Gecko) Version/5.0.1 Safari/533.17.8"
68.54.84.189 - - [29/Aug/2010:08:13:56 -0500] "GET /acmse2010/images/NellDale.jpg HTTP/1.1" 200 3963 "http://www.cs.olemiss.edu/acmse2010/Keynote_Speakers.htm" "Mozilla/5.0 (Macintosh; U; Intel Mac OS X 10_5_8; en-us) AppleWebKit/533.17.8 (KHTML, like Gecko) Version/5.0.1 Safari/533.17.8"
68.54.84.189 - - [29/Aug/2010:08:13:56 -0500] "GET /acmse2010/images/sap_corporate.gif HTTP/1.1" 200 4201 "http://www.cs.olemiss.edu/acmse2010/Keynote_Speakers.htm" "Mozilla/5.0 (Macintosh; U; Intel Mac OS X 10_5_8; en-us) AppleWebKit/533.17.8 (KHTML, like Gecko) Version/5.0.1 Safari/533.17.8"
68.54.84.189 - - [29/Aug/2010:08:13:56 -0500] "GET /acmse2010/images/halstern.jpg HTTP/1.1" 200 20680 "http://www.cs.olemiss.edu/acmse2010/Keynote_Speakers.htm" "Mozilla/5.0 (Macintosh; U; Intel Mac OS X 10_5_8; en-us) AppleWebKit/533.17.8 (KHTML, like Gecko) Version/5.0.1 Safari/533.17.8"
196.46.245.35 - - [29/Aug/2010:08:14:12 -0500] "GET /about/whatiscs.pdf HTTP/1.1" 200 1608772 "http://www.google.com.ng/m?q=what+is+computer+science+all+about%3F" "SAMSUNG-GT-B7320/1.0 MIDP/2.1 CLDC/1.1 Mozilla/4.0 (compatible; MSIE 6.0; Windows CE; IEMobile 7.11)"
207.46.195.210 - - [29/Aug/2010:08:17:41 -0500] "GET /~hcc/csci211/notes/OOintro.html HTTP/1.1" 200 25065 "-" "Mozilla/4.0 (compatible; MSIE 7.0; Windows NT 5.2;  SLCC1;  .NET CLR 1.1.4325;  .NET CLR 2.0.50727;  .NET CLR 3.0.04506.648)"
67.195.37.182 - - [29/Aug/2010:08:17:54 -0500] "GET /abet/ELE_335_Desc_2008_06_16.pdf HTTP/1.0" 200 13150 "-" "Mozilla/5.0 (compatible; Yahoo! Slurp/3.0; http://help.yahoo.com/help/us/ysearch/slurp)"
67.195.112.34 - - [29/Aug/2010:08:19:52 -0500] "GET /~sbs/259spring99/index.html HTTP/1.0" 200 4106 "-" "Mozilla/5.0 (compatible; Yahoo! Slurp/3.0; http://help.yahoo.com/help/us/ysearch/slurp)"
114.80.93.54 - - [29/Aug/2010:08:23:59 -0500] "GET / HTTP/1.1" 200 5526 "-" "Mozilla/4.0 (compatible; MSIE 6.0; Windows NT 5.1)"
41.223.138.10 - - [29/Aug/2010:08:15:35 -0500] "GET /about/whatiscs.pdf HTTP/1.1" 200 1608772 "http://www.google.com.ng/search?hl=en&source=hp&q=what+is+computer+science+all+about&aq=1&aqi=g10&aql=&oq=&gs_rfai=&emsg=NCSR&noj=1&ei=slV6TNi1BaCseN2pnLcB" "Mozilla/5.0 (Windows; U; Windows NT 6.1; en-US) AppleWebKit/533.4 (KHTML, like Gecko) Chrome/5.0.375.127 Safari/533.4"
220.181.7.77 - - [29/Aug/2010:08:24:40 -0500] "GET / HTTP/1.1" 200 5526 "-" "Baiduspider+(+http://www.baidu.com/search/spider.htm)"
207.46.13.50 - - [29/Aug/2010:08:24:44 -0500] "GET /~hcc/papers/cardeFinal.pdf HTTP/1.1" 200 78586 "-" "msnbot/2.0b (+http://search.msn.com/msnbot.htm)"
66.249.71.56 - - [29/Aug/2010:08:24:51 -0500] "GET /~sbs/517spring99/class10/kang.html HTTP/1.1" 304 - "-" "Mozilla/5.0 (compatible; Googlebot/2.1; +http://www.google.com/bot.html)"
66.249.71.115 - - [29/Aug/2010:08:24:52 -0500] "GET /trac/csci487sp10/log/bjladner/Code/tree?rev=159 HTTP/1.1" 403 4408 "-" "Mozilla/5.0 (compatible; Googlebot/2.1; +http://www.google.com/bot.html)"
123.125.66.86 - - [29/Aug/2010:08:25:39 -0500] "GET / HTTP/1.1" 200 5526 "-" "Baiduspider+(+http://www.baidu.com/search/spider.htm)"
66.249.71.115 - - [29/Aug/2010:08:26:49 -0500] "GET /trac/csci487sp10/log/bjladner/courseDoc/Design%20Specification.docx?rev=96 HTTP/1.1" 403 4408 "-" "Mozilla/5.0 (compatible; Googlebot/2.1; +http://www.google.com/bot.html)"
66.249.71.115 - - [29/Aug/2010:08:29:25 -0500] "GET /~ychen/publications/conference/church_secon08.pdf HTTP/1.1" 304 - "-" "Mozilla/5.0 (compatible; Googlebot/2.1; +http://www.google.com/bot.html)"
67.195.37.182 - - [29/Aug/2010:08:29:37 -0500] "GET /~dwilkins HTTP/1.0" 302 220 "-" "Mozilla/5.0 (compatible; Yahoo! Slurp/3.0; http://help.yahoo.com/help/us/ysearch/slurp)"
66.249.71.115 - - [29/Aug/2010:08:29:38 -0500] "GET /trac/csci487sp10/export/61/bjladner/courseDoc/Design%20Specification.docx HTTP/1.1" 200 322748 "-" "Mozilla/5.0 (compatible; Googlebot/2.1; +http://www.google.com/bot.html)"
67.195.37.182 - - [29/Aug/2010:08:29:38 -0500] "GET /~dwilkins/ HTTP/1.0" 200 7644 "-" "Mozilla/5.0 (compatible; Yahoo! Slurp/3.0; http://help.yahoo.com/help/us/ysearch/slurp)"
207.46.13.42 - - [29/Aug/2010:08:29:41 -0500] "GET /~hcc/csci555/00spr/homework/555hw04.html HTTP/1.1" 304 - "-" "msnbot/2.0b (+http://search.msn.com/msnbot.htm)"
66.249.71.115 - - [29/Aug/2010:08:31:18 -0500] "GET /~ychen/courses/ENGR691F06/lecturenotes.htm HTTP/1.1" 304 - "-" "Mozilla/5.0 (compatible; Googlebot/2.1; +http://www.google.com/bot.html)"
66.249.71.115 - - [29/Aug/2010:08:32:33 -0500] "GET /trac/csci487sp10/browser/bjladner/Code/tree?rev=135 HTTP/1.1" 200 11633 "-" "Mozilla/5.0 (compatible; Googlebot/2.1; +http://www.google.com/bot.html)"
12.52.254.202 - - [29/Aug/2010:08:33:09 -0500] "GET /~dwilkins/CSCI311/fall10/syllabus500.html HTTP/1.1" 200 5208 "-" "Mozilla/5.0 (Windows; U; Windows NT 5.1; en-US; rv:1.9.2.8) Gecko/20100722 Firefox/3.6.8 ( .NET CLR 3.0.4506.2152)"
65.52.51.178 - - [29/Aug/2010:08:34:46 -0500] "GET /robots.txt HTTP/1.1" 200 194 "-" "msnbot/2.0b (+http://search.msn.com/msnbot.htm)"
66.249.71.115 - - [29/Aug/2010:08:35:12 -0500] "GET /trac/csci487sp10/browser/bjladner/Code/tree?rev=75 HTTP/1.1" 200 11616 "-" "Mozilla/5.0 (compatible; Googlebot/2.1; +http://www.google.com/bot.html)"
12.52.254.202 - - [29/Aug/2010:08:36:59 -0500] "GET /favicon.ico HTTP/1.1" 200 318 "-" "Mozilla/5.0 (Windows; U; Windows NT 5.1; en-US; rv:1.9.2.8) Gecko/20100722 Firefox/3.6.8 ( .NET CLR 3.0.4506.2152)"
66.249.71.115 - - [29/Aug/2010:08:37:47 -0500] "GET /academics/schedules/2009summer-books.html HTTP/1.1" 304 - "-" "Mozilla/5.0 (compatible; Googlebot/2.1; +http://www.google.com/bot.html)"
66.249.71.115 - - [29/Aug/2010:08:38:02 -0500] "GET /trac/csci487sp10/log/bjladner/Code/tree?rev=196 HTTP/1.1" 403 4408 "-" "Mozilla/5.0 (compatible; Googlebot/2.1; +http://www.google.com/bot.html)"
207.46.199.51 - - [29/Aug/2010:08:38:46 -0500] "GET /~sbs/211fall2003/prog09.html HTTP/1.1" 304 - "-" "msnbot/2.0b (+http://search.msn.com/msnbot.htm)"
207.46.199.51 - - [29/Aug/2010:08:38:46 -0500] "GET /~sbs/450fall2000/team2.html HTTP/1.1" 304 - "-" "msnbot/2.0b (+http://search.msn.com/msnbot.htm)"
220.181.94.225 - - [29/Aug/2010:08:38:53 -0500] "GET /about/06_Spr_CIS_News_EAB.pdf HTTP/1.1" 304 - "-" "Sogou web spider/4.0(+http://www.sogou.com/docs/help/webmasters.htm#07)"
67.195.112.34 - - [29/Aug/2010:08:39:15 -0500] "GET /about/campus.html HTTP/1.0" 200 2660 "-" "Mozilla/5.0 (compatible; Yahoo! Slurp/3.0; http://help.yahoo.com/help/us/ysearch/slurp)"
66.249.71.115 - - [29/Aug/2010:08:40:48 -0500] "GET /trac/csci487sp10/browser/bjladner/Code/tree?rev=240&order=size HTTP/1.1" 200 11677 "-" "Mozilla/5.0 (compatible; Googlebot/2.1; +http://www.google.com/bot.html)"
202.96.51.155 - - [29/Aug/2010:08:41:00 -0500] "GET /~ychen/publications/journal/chen_tpami02.pdf\r HTTP/1.0" 200 39096 "-" "librabot/2.0 (+http://academic.research.microsoft.com/)"
202.96.51.132 - - [29/Aug/2010:08:42:06 -0500] "GET /~ychen/publications/journal/chen_tpami02.pdf\r HTTP/1.0" 200 92200 "-" "librabot/2.0 (+http://academic.research.microsoft.com/)"
66.249.71.115 - - [29/Aug/2010:08:43:36 -0500] "GET /trac/csci487sp10/browser/bjladner/Code/tree/user?rev=161&desc=1 HTTP/1.1" 200 12088 "-" "Mozilla/5.0 (compatible; Googlebot/2.1; +http://www.google.com/bot.html)"
66.249.71.115 - - [29/Aug/2010:08:44:16 -0500] "GET /~sbs/resume.html HTTP/1.1" 304 - "-" "Mozilla/5.0 (compatible; Googlebot/2.1; +http://www.google.com/bot.html)"
66.249.71.115 - - [29/Aug/2010:08:47:07 -0500] "GET /trac/csci487sp10/log/bjladner/courseDoc/Design%20Specification.docx?rev=85 HTTP/1.1" 403 4408 "-" "Mozilla/5.0 (compatible; Googlebot/2.1; +http://www.google.com/bot.html)"
66.249.71.56 - - [29/Aug/2010:08:48:13 -0500] "GET /icons/blank.gif HTTP/1.1" 200 148 "-" "Mozilla/5.0 (compatible; Googlebot/2.1; +http://www.google.com/bot.html)"
66.249.71.56 - - [29/Aug/2010:08:48:13 -0500] "GET /icons/back.gif HTTP/1.1" 200 216 "-" "Mozilla/5.0 (compatible; Googlebot/2.1; +http://www.google.com/bot.html)"
66.249.71.56 - - [29/Aug/2010:08:48:14 -0500] "GET /icons/folder.gif HTTP/1.1" 200 225 "-" "Mozilla/5.0 (compatible; Googlebot/2.1; +http://www.google.com/bot.html)"
66.249.71.115 - - [29/Aug/2010:08:48:53 -0500] "GET /csss/20081022-onlinec.html HTTP/1.1" 304 - "-" "Mozilla/5.0 (compatible; Googlebot/2.1; +http://www.google.com/bot.html)"
66.249.71.115 - - [29/Aug/2010:08:49:08 -0500] "GET /trac/csci487sp10/browser/bjladner/Code/tree?rev=93&order=size&desc=1 HTTP/1.1" 200 11793 "-" "Mozilla/5.0 (compatible; Googlebot/2.1; +http://www.google.com/bot.html)"
67.195.37.182 - - [29/Aug/2010:08:49:17 -0500] "GET /~lawhead/csci111/csci111/Assign2.html HTTP/1.0" 200 42997 "-" "Mozilla/5.0 (compatible; Yahoo! Slurp/3.0; http://help.yahoo.com/help/us/ysearch/slurp)"
66.249.71.56 - - [29/Aug/2010:08:49:39 -0500] "GET /~sbs/tafall2000/thumbnails/govinj.jpg HTTP/1.1" 304 - "-" "Googlebot-Image/1.0"
66.249.71.115 - - [29/Aug/2010:08:50:46 -0500] "GET /forms/BACS_Checksheet_2008-2009.pdf HTTP/1.1" 304 - "-" "Mozilla/5.0 (compatible; Googlebot/2.1; +http://www.google.com/bot.html)"
207.68.243.1 - - [29/Aug/2010:08:52:35 -0500] "GET /~cbzickos/cs111/assignments.html HTTP/1.1" 200 3189 "-" "Mozilla/5.0 (Macintosh; U; Intel Mac OS X 10_6_4; en-us) AppleWebKit/533.17.8 (KHTML, like Gecko) Version/5.0.1 Safari/533.17.8"
207.68.243.1 - - [29/Aug/2010:08:52:41 -0500] "GET /~cbzickos/cs111/ HTTP/1.1" 200 501 "-" "Mozilla/5.0 (Macintosh; U; Intel Mac OS X 10_6_4; en-us) AppleWebKit/533.17.8 (KHTML, like Gecko) Version/5.0.1 Safari/533.17.8"
207.68.243.1 - - [29/Aug/2010:08:52:41 -0500] "GET /~cbzickos/cs111/fr_assignments.html HTTP/1.1" 200 4217 "http://www.cs.olemiss.edu/~cbzickos/cs111/" "Mozilla/5.0 (Macintosh; U; Intel Mac OS X 10_6_4; en-us) AppleWebKit/533.17.8 (KHTML, like Gecko) Version/5.0.1 Safari/533.17.8"
207.68.243.1 - - [29/Aug/2010:08:52:42 -0500] "GET /~cbzickos/cs111/syllabus.html HTTP/1.1" 200 9393 "http://www.cs.olemiss.edu/~cbzickos/cs111/" "Mozilla/5.0 (Macintosh; U; Intel Mac OS X 10_6_4; en-us) AppleWebKit/533.17.8 (KHTML, like Gecko) Version/5.0.1 Safari/533.17.8"
207.46.199.242 - - [29/Aug/2010:08:53:00 -0500] "GET /robots.txt HTTP/1.1" 200 194 "-" "msnbot-media/1.1 (+http://search.msn.com/msnbot.htm)"
207.46.199.242 - - [29/Aug/2010:08:53:00 -0500] "GET /~sbs/Weir205/webcam1_thumb.jpg HTTP/1.1" 200 2635 "-" "msnbot-media/1.1 (+http://search.msn.com/msnbot.htm)"
99.3.162.65 - - [29/Aug/2010:08:53:00 -0500] "GET / HTTP/1.1" 200 5526 "-" "Mozilla/5.0 (Windows; U; Windows NT 5.1; en-US; rv:1.9.2.8) Gecko/20100722 Firefox/3.6.8 ( .NET CLR 3.5.30729)"
99.3.162.65 - - [29/Aug/2010:08:53:01 -0500] "GET /main.css HTTP/1.1" 200 1362 "http://www.cs.olemiss.edu/" "Mozilla/5.0 (Windows; U; Windows NT 5.1; en-US; rv:1.9.2.8) Gecko/20100722 Firefox/3.6.8 ( .NET CLR 3.5.30729)"
99.3.162.65 - - [29/Aug/2010:08:53:01 -0500] "GET /images/frontpage/weirfrontleft.jpg HTTP/1.1" 200 12348 "http://www.cs.olemiss.edu/" "Mozilla/5.0 (Windows; U; Windows NT 5.1; en-US; rv:1.9.2.8) Gecko/20100722 Firefox/3.6.8 ( .NET CLR 3.5.30729)"
99.3.162.65 - - [29/Aug/2010:08:53:01 -0500] "GET /favicon.ico HTTP/1.1" 200 318 "-" "Mozilla/5.0 (Windows; U; Windows NT 5.1; en-US; rv:1.9.2.8) Gecko/20100722 Firefox/3.6.8 ( .NET CLR 3.5.30729)"
99.3.162.65 - - [29/Aug/2010:08:53:01 -0500] "GET /images/acm.gif HTTP/1.1" 200 4431 "http://www.cs.olemiss.edu/" "Mozilla/5.0 (Windows; U; Windows NT 5.1; en-US; rv:1.9.2.8) Gecko/20100722 Firefox/3.6.8 ( .NET CLR 3.5.30729)"
99.3.162.65 - - [29/Aug/2010:08:53:01 -0500] "GET /images/cra.gif HTTP/1.1" 200 7913 "http://www.cs.olemiss.edu/" "Mozilla/5.0 (Windows; U; Windows NT 5.1; en-US; rv:1.9.2.8) Gecko/20100722 Firefox/3.6.8 ( .NET CLR 3.5.30729)"
99.3.162.65 - - [29/Aug/2010:08:53:01 -0500] "GET /images//header.png HTTP/1.1" 200 44168 "http://www.cs.olemiss.edu/" "Mozilla/5.0 (Windows; U; Windows NT 5.1; en-US; rv:1.9.2.8) Gecko/20100722 Firefox/3.6.8 ( .NET CLR 3.5.30729)"
99.3.162.65 - - [29/Aug/2010:08:53:03 -0500] "GET /people/ HTTP/1.1" 200 3048 "http://www.cs.olemiss.edu/" "Mozilla/5.0 (Windows; U; Windows NT 5.1; en-US; rv:1.9.2.8) Gecko/20100722 Firefox/3.6.8 ( .NET CLR 3.5.30729)"
99.3.162.65 - - [29/Aug/2010:08:53:05 -0500] "GET /people/faculty/ HTTP/1.1" 200 8669 "http://www.cs.olemiss.edu/people/" "Mozilla/5.0 (Windows; U; Windows NT 5.1; en-US; rv:1.9.2.8) Gecko/20100722 Firefox/3.6.8 ( .NET CLR 3.5.30729)"
66.249.71.115 - - [29/Aug/2010:08:53:05 -0500] "GET /trac/csci487sp10/export/129/bjladner/courseDoc/Design%20Specification.docx HTTP/1.1" 200 322748 "-" "Mozilla/5.0 (compatible; Googlebot/2.1; +http://www.google.com/bot.html)"
66.249.71.115 - - [29/Aug/2010:08:53:06 -0500] "GET /trac/csci487sp10/log/bjladner/Code?rev=181 HTTP/1.1" 403 4408 "-" "Mozilla/5.0 (compatible; Googlebot/2.1; +http://www.google.com/bot.html)"
66.249.71.115 - - [29/Aug/2010:08:53:07 -0500] "GET /trac/csci487sp10/log/bjladner/Code/tree?rev=121 HTTP/1.1" 403 4408 "-" "Mozilla/5.0 (compatible; Googlebot/2.1; +http://www.google.com/bot.html)"
66.249.71.115 - - [29/Aug/2010:08:53:08 -0500] "GET /trac/csci487sp10/browser/bjladner/Code/tree?rev=74 HTTP/1.1" 200 11616 "-" "Mozilla/5.0 (compatible; Googlebot/2.1; +http://www.google.com/bot.html)"
66.249.71.115 - - [29/Aug/2010:08:53:08 -0500] "GET /trac/csci487sp10/browser/bjladner/Code/tree/user?rev=71&desc=1 HTTP/1.1" 200 12088 "-" "Mozilla/5.0 (compatible; Googlebot/2.1; +http://www.google.com/bot.html)"
66.249.71.115 - - [29/Aug/2010:08:53:09 -0500] "GET /trac/csci487sp10/export/208/bjladner/courseDoc/Design%20Specification.docx HTTP/1.1" 200 322748 "-" "Mozilla/5.0 (compatible; Googlebot/2.1; +http://www.google.com/bot.html)"
66.249.71.115 - - [29/Aug/2010:08:53:10 -0500] "GET /trac/csci487sp10/browser/bjladner/Code/tree/user?rev=221&order=size HTTP/1.1" 200 12017 "-" "Mozilla/5.0 (compatible; Googlebot/2.1; +http://www.google.com/bot.html)"
66.249.71.115 - - [29/Aug/2010:08:53:10 -0500] "GET /trac/csci487sp10/export/267/bjladner/courseDoc/CAMPUS%20EXCHANGE%20MANUAL.docx HTTP/1.1" 200 1382509 "-" "Mozilla/5.0 (compatible; Googlebot/2.1; +http://www.google.com/bot.html)"
66.249.71.115 - - [29/Aug/2010:08:53:11 -0500] "GET /trac/csci487sp10/browser/bjladner/Code/tree/user?rev=265&order=size&desc=1 HTTP/1.1" 200 12148 "-" "Mozilla/5.0 (compatible; Googlebot/2.1; +http://www.google.com/bot.html)"
99.3.162.65 - - [29/Aug/2010:08:53:17 -0500] "GET /~dwilkins HTTP/1.1" 302 220 "http://www.cs.olemiss.edu/people/faculty/" "Mozilla/5.0 (Windows; U; Windows NT 5.1; en-US; rv:1.9.2.8) Gecko/20100722 Firefox/3.6.8 ( .NET CLR 3.5.30729)"
99.3.162.65 - - [29/Aug/2010:08:53:17 -0500] "GET /~dwilkins/ HTTP/1.1" 200 7644 "http://www.cs.olemiss.edu/people/faculty/" "Mozilla/5.0 (Windows; U; Windows NT 5.1; en-US; rv:1.9.2.8) Gecko/20100722 Firefox/3.6.8 ( .NET CLR 3.5.30729)"
99.3.162.65 - - [29/Aug/2010:08:53:29 -0500] "GET /~dwilkins/script/ HTTP/1.1" 200 1397 "http://www.cs.olemiss.edu/~dwilkins/" "Mozilla/5.0 (Windows; U; Windows NT 5.1; en-US; rv:1.9.2.8) Gecko/20100722 Firefox/3.6.8 ( .NET CLR 3.5.30729)"
99.3.162.65 - - [29/Aug/2010:08:53:45 -0500] "GET /~dwilkins/script/fall10/assignments.html HTTP/1.1" 200 552 "http://www.cs.olemiss.edu/~dwilkins/script/" "Mozilla/5.0 (Windows; U; Windows NT 5.1; en-US; rv:1.9.2.8) Gecko/20100722 Firefox/3.6.8 ( .NET CLR 3.5.30729)"
99.3.162.65 - - [29/Aug/2010:08:53:48 -0500] "GET /~dwilkins/script/fall10/hw1.html HTTP/1.1" 200 1684 "http://www.cs.olemiss.edu/~dwilkins/script/fall10/assignments.html" "Mozilla/5.0 (Windows; U; Windows NT 5.1; en-US; rv:1.9.2.8) Gecko/20100722 Firefox/3.6.8 ( .NET CLR 3.5.30729)"
81.52.143.16 - - [29/Aug/2010:08:55:58 -0500] "GET /robots.txt HTTP/1.1" 200 194 "-" "Mozilla/5.0 (Windows; U; Windows NT 5.1; fr; rv:1.8.1) VoilaBot BETA 1.2 (support.voilabot@orange-ftgroup.com)"
81.52.143.16 - - [29/Aug/2010:08:56:11 -0500] "GET /csss/20070418-audio.html HTTP/1.1" 200 2996 "-" "Mozilla/5.0 (Windows; U; Windows NT 5.1; fr; rv:1.8.1) VoilaBot BETA 1.2 (support.voilabot@orange-ftgroup.com)"
66.249.71.115 - - [29/Aug/2010:08:57:16 -0500] "GET /abet/LIBA_102_Desc_2008_06_16.pdf HTTP/1.1" 304 - "-" "Mozilla/5.0 (compatible; Googlebot/2.1; +http://www.google.com/bot.html)"
220.181.94.225 - - [29/Aug/2010:08:58:27 -0500] "GET /about/06_Fall_CIS_News_EAB.pdf HTTP/1.1" 200 17957 "-" "Sogou web spider/4.0(+http://www.sogou.com/docs/help/webmasters.htm#07)"
66.249.71.115 - - [29/Aug/2010:08:58:43 -0500] "GET /trac/csci487sp10/browser/bjladner/Code/tree/user?rev=141&order=size HTTP/1.1" 200 12017 "-" "Mozilla/5.0 (compatible; Googlebot/2.1; +http://www.google.com/bot.html)"
202.96.51.156 - - [29/Aug/2010:08:59:16 -0500] "GET /~ychen/publications/conference/rus_seke09.pdf\r HTTP/1.0" 200 33304 "-" "librabot/2.0 (+http://academic.research.microsoft.com/)"
220.181.94.225 - - [29/Aug/2010:08:59:23 -0500] "GET /~ychen/year.htm HTTP/1.1" 200 46991 "-" "Sogou web spider/4.0(+http://www.sogou.com/docs/help/webmasters.htm#07)"
207.46.204.184 - - [29/Aug/2010:08:59:42 -0500] "GET /csss/20080220-upsto.html HTTP/1.1" 304 - "-" "msnbot/2.0b (+http://search.msn.com/msnbot.htm)"
202.96.51.148 - - [29/Aug/2010:09:00:18 -0500] "GET /~ychen/publications/conference/rus_seke09.pdf\r HTTP/1.0" 200 46367 "-" "librabot/2.0 (+http://academic.research.microsoft.com/)"
207.46.12.236 - - [29/Aug/2010:09:00:38 -0500] "GET /robots.txt HTTP/1.1" 200 194 "-" "msnbot/2.0b (+http://search.msn.com/msnbot.htm)"
41.223.136.10 - - [29/Aug/2010:08:54:37 -0500] "GET /about/whatiscs.pdf HTTP/1.1" 200 1608772 "http://www.google.com.ng/search?hl=en&source=hp&q=what+is+computer+science+all+about&aq=1&aqi=g10&aql=&oq=&gs_rfai=&emsg=NCSR&noj=1&ei=slV6TNi1BaCseN2pnLcB" "Mozilla/5.0 (Windows; U; Windows NT 6.1; en-US) AppleWebKit/533.4 (KHTML, like Gecko) Chrome/5.0.375.127 Safari/533.4"
207.68.243.1 - - [29/Aug/2010:09:03:32 -0500] "GET /~cbzickos/cs111 HTTP/1.1" 301 251 "-" "Mozilla/5.0 (Windows; U; Windows NT 6.1; en-US; rv:1.9.2.8) Gecko/20100722 Firefox/3.6.8"
207.68.243.1 - - [29/Aug/2010:09:03:33 -0500] "GET /~cbzickos/cs111/ HTTP/1.1" 200 501 "-" "Mozilla/5.0 (Windows; U; Windows NT 6.1; en-US; rv:1.9.2.8) Gecko/20100722 Firefox/3.6.8"
207.68.243.1 - - [29/Aug/2010:09:03:33 -0500] "GET /~cbzickos/cs111/fr_assignments.html HTTP/1.1" 200 4217 "http://www.cs.olemiss.edu/~cbzickos/cs111/" "Mozilla/5.0 (Windows; U; Windows NT 6.1; en-US; rv:1.9.2.8) Gecko/20100722 Firefox/3.6.8"
207.68.243.1 - - [29/Aug/2010:09:03:33 -0500] "GET /~cbzickos/cs111/syllabus.html HTTP/1.1" 200 9393 "http://www.cs.olemiss.edu/~cbzickos/cs111/" "Mozilla/5.0 (Windows; U; Windows NT 6.1; en-US; rv:1.9.2.8) Gecko/20100722 Firefox/3.6.8"
207.68.243.1 - - [29/Aug/2010:09:03:33 -0500] "GET /~cbzickos/graphics/multiclr.gif HTTP/1.1" 200 7394 "http://www.cs.olemiss.edu/~cbzickos/cs111/fr_assignments.html" "Mozilla/5.0 (Windows; U; Windows NT 6.1; en-US; rv:1.9.2.8) Gecko/20100722 Firefox/3.6.8"
207.68.243.1 - - [29/Aug/2010:09:03:34 -0500] "GET /favicon.ico HTTP/1.1" 200 318 "-" "Mozilla/5.0 (Windows; U; Windows NT 6.1; en-US; rv:1.9.2.8) Gecko/20100722 Firefox/3.6.8"
207.68.243.1 - - [29/Aug/2010:09:03:37 -0500] "GET /~cbzickos/cs111/assignments.html HTTP/1.1" 200 3189 "http://www.cs.olemiss.edu/~cbzickos/cs111/fr_assignments.html" "Mozilla/5.0 (Windows; U; Windows NT 6.1; en-US; rv:1.9.2.8) Gecko/20100722 Firefox/3.6.8"
66.249.71.115 - - [29/Aug/2010:09:04:48 -0500] "GET /trac/csci487sp10/browser/bjladner/Code/tree?rev=230 HTTP/1.1" 200 11617 "-" "Mozilla/5.0 (compatible; Googlebot/2.1; +http://www.google.com/bot.html)"
65.52.53.243 - - [29/Aug/2010:09:06:18 -0500] "GET /robots.txt HTTP/1.1" 200 194 "-" "msnbot/2.0b (+http://search.msn.com/msnbot.htm)"
207.46.199.237 - - [29/Aug/2010:09:06:26 -0500] "GET /robots.txt HTTP/1.1" 200 194 "-" "msnbot-media/1.1 (+http://search.msn.com/msnbot.htm)"
207.46.199.237 - - [29/Aug/2010:09:06:26 -0500] "GET /~sbs/Weir205/webcam66.jpg HTTP/1.1" 200 24025 "-" "msnbot-media/1.1 (+http://search.msn.com/msnbot.htm)"
67.195.37.182 - - [29/Aug/2010:09:07:02 -0500] "GET /404.php HTTP/1.0" 200 2954 "-" "Mozilla/5.0 (compatible; Yahoo! Slurp/3.0; http://help.yahoo.com/help/us/ysearch/slurp)"
67.195.37.182 - - [29/Aug/2010:09:07:04 -0500] "GET /main.css HTTP/1.0" 304 - "http://www.cs.olemiss.edu/404.php" "Mozilla/5.0 (compatible; Yahoo! Slurp/3.0; http://help.yahoo.com/help/us/ysearch/slurp)"
66.249.71.115 - - [29/Aug/2010:09:08:28 -0500] "GET /acmse2010/Registration.htm HTTP/1.1" 200 3416 "-" "Mozilla/5.0 (compatible; Googlebot/2.1; +http://www.google.com/bot.html)"
81.52.143.15 - - [29/Aug/2010:09:08:42 -0500] "GET /robots.txt HTTP/1.1" 200 194 "-" "Mozilla/5.0 (Windows; U; Windows NT 5.1; fr; rv:1.8.1) VoilaBot BETA 1.2 (support.voilabot@orange-ftgroup.com)"
67.195.37.182 - - [29/Aug/2010:09:08:46 -0500] "GET /csss/20050928-flash.html HTTP/1.0" 200 3294 "-" "Mozilla/5.0 (compatible; Yahoo! Slurp/3.0; http://help.yahoo.com/help/us/ysearch/slurp)"
81.52.143.15 - - [29/Aug/2010:09:08:56 -0500] "GET /~dwilkins/CSCI533/spr02/faq1.html HTTP/1.1" 304 - "-" "Mozilla/5.0 (Windows; U; Windows NT 5.1; fr; rv:1.8.1) VoilaBot BETA 1.2 (support.voilabot@orange-ftgroup.com)"
220.181.94.225 - - [29/Aug/2010:09:09:02 -0500] "GET /~rice/resume.html HTTP/1.1" 304 - "-" "Sogou web spider/4.0(+http://www.sogou.com/docs/help/webmasters.htm#07)"
66.249.71.115 - - [29/Aug/2010:09:10:13 -0500] "GET /abet/CSCI_541_Desc_2008_06_16.pdf HTTP/1.1" 304 - "-" "Mozilla/5.0 (compatible; Googlebot/2.1; +http://www.google.com/bot.html)"
66.249.71.115 - - [29/Aug/2010:09:10:52 -0500] "GET /trac/csci487sp10/browser/bjladner/Code/tree/user?rev=293&order=date HTTP/1.1" 200 12017 "-" "Mozilla/5.0 (compatible; Googlebot/2.1; +http://www.google.com/bot.html)"
99.3.161.102 - - [29/Aug/2010:09:11:18 -0500] "GET / HTTP/1.1" 200 5526 "-" "Mozilla/5.0 (Windows; U; Windows NT 6.0; en-US) AppleWebKit/533.4 (KHTML, like Gecko) Chrome/5.0.375.127 Safari/533.4"
99.3.161.102 - - [29/Aug/2010:09:11:19 -0500] "GET /main.css HTTP/1.1" 200 1362 "http://www.cs.olemiss.edu/" "Mozilla/5.0 (Windows; U; Windows NT 6.0; en-US) AppleWebKit/533.4 (KHTML, like Gecko) Chrome/5.0.375.127 Safari/533.4"
99.3.161.102 - - [29/Aug/2010:09:11:19 -0500] "GET /images/frontpage/weirfrontleft.jpg HTTP/1.1" 200 12348 "http://www.cs.olemiss.edu/" "Mozilla/5.0 (Windows; U; Windows NT 6.0; en-US) AppleWebKit/533.4 (KHTML, like Gecko) Chrome/5.0.375.127 Safari/533.4"
99.3.161.102 - - [29/Aug/2010:09:11:19 -0500] "GET /images/acm.gif HTTP/1.1" 200 4431 "http://www.cs.olemiss.edu/" "Mozilla/5.0 (Windows; U; Windows NT 6.0; en-US) AppleWebKit/533.4 (KHTML, like Gecko) Chrome/5.0.375.127 Safari/533.4"
99.3.161.102 - - [29/Aug/2010:09:11:19 -0500] "GET /images/cra.gif HTTP/1.1" 200 7913 "http://www.cs.olemiss.edu/" "Mozilla/5.0 (Windows; U; Windows NT 6.0; en-US) AppleWebKit/533.4 (KHTML, like Gecko) Chrome/5.0.375.127 Safari/533.4"
99.3.161.102 - - [29/Aug/2010:09:11:19 -0500] "GET /images//header.png HTTP/1.1" 200 44168 "http://www.cs.olemiss.edu/" "Mozilla/5.0 (Windows; U; Windows NT 6.0; en-US) AppleWebKit/533.4 (KHTML, like Gecko) Chrome/5.0.375.127 Safari/533.4"
99.3.161.102 - - [29/Aug/2010:09:11:19 -0500] "GET /favicon.ico HTTP/1.1" 200 318 "-" "Mozilla/5.0 (Windows; U; Windows NT 6.0; en-US) AppleWebKit/533.4 (KHTML, like Gecko) Chrome/5.0.375.127 Safari/533.4"
99.3.161.102 - - [29/Aug/2010:09:11:31 -0500] "GET /academics/schedules/2010fall.html HTTP/1.1" 200 26448 "http://www.cs.olemiss.edu/" "Mozilla/5.0 (Windows; U; Windows NT 6.0; en-US) AppleWebKit/533.4 (KHTML, like Gecko) Chrome/5.0.375.127 Safari/533.4"
99.3.161.102 - - [29/Aug/2010:09:12:43 -0500] "GET /~cbzickos/cs111/Topics.html HTTP/1.1" 200 902 "-" "Mozilla/5.0 (Windows; U; Windows NT 6.0; en-US) AppleWebKit/533.4 (KHTML, like Gecko) Chrome/5.0.375.127 Safari/533.4"
67.195.37.182 - - [29/Aug/2010:09:13:09 -0500] "GET / HTTP/1.0" 200 5526 "-" "Mozilla/5.0 (compatible; Yahoo! Slurp/3.0; http://help.yahoo.com/help/us/ysearch/slurp)"
67.195.112.34 - - [29/Aug/2010:09:13:32 -0500] "GET /~sbs/111spring2001/index.html HTTP/1.0" 200 3726 "-" "Mozilla/5.0 (compatible; Yahoo! Slurp/3.0; http://help.yahoo.com/help/us/ysearch/slurp)"
99.3.161.102 - - [29/Aug/2010:09:13:58 -0500] "GET /people/ HTTP/1.1" 200 3048 "http://www.cs.olemiss.edu/" "Mozilla/5.0 (Windows; U; Windows NT 6.0; en-US) AppleWebKit/533.4 (KHTML, like Gecko) Chrome/5.0.375.127 Safari/533.4"
99.3.161.102 - - [29/Aug/2010:09:14:01 -0500] "GET /people/faculty/ HTTP/1.1" 200 8669 "http://www.cs.olemiss.edu/people/" "Mozilla/5.0 (Windows; U; Windows NT 6.0; en-US) AppleWebKit/533.4 (KHTML, like Gecko) Chrome/5.0.375.127 Safari/533.4"
99.3.161.102 - - [29/Aug/2010:09:14:34 -0500] "GET /~cbzickos/download_files/111/111ch1HW.pdf HTTP/1.1" 404 239 "http://home.olemiss.edu/~cbzickos/cs111/assignments.html" "Mozilla/5.0 (Windows; U; Windows NT 6.0; en-US) AppleWebKit/533.4 (KHTML, like Gecko) Chrome/5.0.375.127 Safari/533.4"
99.3.161.102 - - [29/Aug/2010:09:14:53 -0500] "GET /~cbzickos/download_files/111/AdlerLab.pdf HTTP/1.1" 404 239 "http://home.olemiss.edu/~cbzickos/cs111/assignments.html" "Mozilla/5.0 (Windows; U; Windows NT 6.0; en-US) AppleWebKit/533.4 (KHTML, like Gecko) Chrome/5.0.375.127 Safari/533.4"
99.3.161.102 - - [29/Aug/2010:09:15:25 -0500] "GET /~cbzickos/download_files/111/AdlerLab.pdf HTTP/1.1" 404 239 "http://home.olemiss.edu/~cbzickos/cs111/assignments.html" "Mozilla/5.0 (Windows; U; Windows NT 6.0; en-US; rv:1.9.2.8) Gecko/20100722 Firefox/3.6.8 ( .NET CLR 3.5.30729; .NET4.0C)"
99.3.161.102 - - [29/Aug/2010:09:15:32 -0500] "GET /~cbzickos/download_files/111/111ch1HW.pdf HTTP/1.1" 404 239 "http://home.olemiss.edu/~cbzickos/cs111/assignments.html" "Mozilla/5.0 (Windows; U; Windows NT 6.0; en-US; rv:1.9.2.8) Gecko/20100722 Firefox/3.6.8 ( .NET CLR 3.5.30729; .NET4.0C)"
99.3.161.102 - - [29/Aug/2010:09:16:15 -0500] "GET /people/tas.html HTTP/1.1" 200 2745 "http://home.olemiss.edu/~cbzickos/cs111/fr_assignments.html" "Mozilla/5.0 (Windows; U; Windows NT 6.0; en-US; rv:1.9.2.8) Gecko/20100722 Firefox/3.6.8 ( .NET CLR 3.5.30729; .NET4.0C)"
99.3.161.102 - - [29/Aug/2010:09:16:16 -0500] "GET /main.css HTTP/1.1" 200 1362 "http://www.cs.olemiss.edu/people/tas.html" "Mozilla/5.0 (Windows; U; Windows NT 6.0; en-US; rv:1.9.2.8) Gecko/20100722 Firefox/3.6.8 ( .NET CLR 3.5.30729; .NET4.0C)"
99.3.161.102 - - [29/Aug/2010:09:16:16 -0500] "GET /images//header.png HTTP/1.1" 200 44168 "http://www.cs.olemiss.edu/people/tas.html" "Mozilla/5.0 (Windows; U; Windows NT 6.0; en-US; rv:1.9.2.8) Gecko/20100722 Firefox/3.6.8 ( .NET CLR 3.5.30729; .NET4.0C)"
66.249.71.115 - - [29/Aug/2010:09:16:42 -0500] "GET /abet/MATH_262_Desc_2008_06_16.pdf HTTP/1.1" 304 - "-" "Mozilla/5.0 (compatible; Googlebot/2.1; +http://www.google.com/bot.html)"
66.249.71.115 - - [29/Aug/2010:09:16:55 -0500] "GET /trac/csci487sp10/log/bjladner/Code/tree?rev=128 HTTP/1.1" 403 4408 "-" "Mozilla/5.0 (compatible; Googlebot/2.1; +http://www.google.com/bot.html)"
124.115.0.110 - - [29/Aug/2010:09:16:57 -0500] "GET / HTTP/1.1" 200 5526 "-" "Sosospider+(+http://help.soso.com/webspider.htm)"
99.3.161.102 - - [29/Aug/2010:09:17:02 -0500] "GET /~cbzickos/download_files/111/AdlerLab.pdf HTTP/1.1" 404 239 "http://home.olemiss.edu/~cbzickos/cs111/assignments.html" "Mozilla/4.0 (compatible; MSIE 8.0; Windows NT 6.0; WOW64; Trident/4.0; GTB6.5; SLCC1; .NET CLR 2.0.50727; Media Center PC 5.0; InfoPath.2; .NET CLR 3.5.30729; .NET CLR 3.0.30729; .NET4.0C)"
99.3.161.102 - - [29/Aug/2010:09:17:10 -0500] "GET /~cbzickos/download_files/111/111ch1HW.pdf HTTP/1.1" 404 239 "http://home.olemiss.edu/~cbzickos/cs111/assignments.html" "Mozilla/4.0 (compatible; MSIE 8.0; Windows NT 6.0; WOW64; Trident/4.0; GTB6.5; SLCC1; .NET CLR 2.0.50727; Media Center PC 5.0; InfoPath.2; .NET CLR 3.5.30729; .NET CLR 3.0.30729; .NET4.0C)"
202.96.51.138 - - [29/Aug/2010:09:17:23 -0500] "GET /robots.txt HTTP/1.0" 200 194 "-" "librabot/2.0 (+http://academic.research.microsoft.com/)"
202.96.51.150 - - [29/Aug/2010:09:17:24 -0500] "GET /~ychen/publications/conference/rus_seke09.pdf\r HTTP/1.0" 200 46367 "-" "librabot/2.0 (+http://academic.research.microsoft.com/)"
67.195.37.182 - - [29/Aug/2010:09:17:52 -0500] "GET /people/faculty/schoenly.html HTTP/1.0" 200 3529 "-" "Mozilla/5.0 (compatible; Yahoo! Slurp/3.0; http://help.yahoo.com/help/us/ysearch/slurp)"
